  state:0.0, ok
  Welcome! Try test(3,5,7,15,30)
->test(30,31,90,91,100)
  state:1.0, mode:test, ok
  Movement:none
  Sectors:
    [1,1]->[0,E],[1,M],-,-
    [1,2]->[2,M],[3,A],[4,M],-
    [1,3]->[5,M],-,-,-
    [1,4]->[6,M],[7,A],[8,M],-
    [1,5]->[9,M],[-8,*],-,-
    [2,1]->[10,M],[-4,Y],-,-
    [2,2]->[11,M],[12,M],[13,A],[-2,Y]
    [2,3]->[14,M],[-10,*],-,-
    [2,4]->[15,M],[16,M],-,-
    [2,5]->[17,M],[18,M],[-6,*],-
    [3,1]->[19,M],[20,M],[21,M],-
    [3,2]->[22,A],[23,M],[24,M],[-11,*]
    [3,3]->[-1,O],-,-,-
    [3,4]->[25,M],[26,A],[27,M],-
    [3,5]->[28,M],-,-,-
    [4,1]->[29,M],[-5,W],-,-
    [4,2]->[30,A],-,-,-
    [4,3]->[31,M],-,-,-
    [4,4]->[32,M],[-7,W],-,-
    [4,5]->[33,A],[34,P],-,-
    [5,1]->[35,M],[36,M],[37,P],-
    [5,2]->[38,M],[39,A],[40,M],-
    [5,3]->[41,M],[42,A],[43,M],[-3,*]
    [5,4]->[44,M],[45,M],[46,M],[-9,W]
    [5,5]->[47,M],[48,M],[49,P],-
  Descriptions:
    [-11,*]->Luminosity:5
    [-10,*]->Luminosity:5
    [-9,W]->
    [-8,*]->Luminosity:5
    [-7,W]->
    [-6,*]->Luminosity:5
    [-5,W]->
    [-4,Y]->Luminosity:2
    [-3,*]->Luminosity:5
    [-2,Y]->Luminosity:2
    [-1,O]->
    [0,E]->fuel:3/3, life:3/3, landed?:F
    [1,M]->fuel:3/3, actions_left_until_reproduction:1/1, turns_left:1
    [2,M]->fuel:3/3, actions_left_until_reproduction:1/1, turns_left:1
    [3,A]->turns_left:2
    [4,M]->fuel:3/3, actions_left_until_reproduction:1/1, turns_left:2
    [5,M]->fuel:3/3, actions_left_until_reproduction:1/1, turns_left:0
    [6,M]->fuel:3/3, actions_left_until_reproduction:1/1, turns_left:1
    [7,A]->turns_left:0
    [8,M]->fuel:3/3, actions_left_until_reproduction:1/1, turns_left:0
    [9,M]->fuel:3/3, actions_left_until_reproduction:1/1, turns_left:1
    [10,M]->fuel:3/3, actions_left_until_reproduction:1/1, turns_left:0
    [11,M]->fuel:3/3, actions_left_until_reproduction:1/1, turns_left:1
    [12,M]->fuel:3/3, actions_left_until_reproduction:1/1, turns_left:0
    [13,A]->turns_left:1
    [14,M]->fuel:3/3, actions_left_until_reproduction:1/1, turns_left:2
    [15,M]->fuel:3/3, actions_left_until_reproduction:1/1, turns_left:0
    [16,M]->fuel:3/3, actions_left_until_reproduction:1/1, turns_left:0
    [17,M]->fuel:3/3, actions_left_until_reproduction:1/1, turns_left:0
    [18,M]->fuel:3/3, actions_left_until_reproduction:1/1, turns_left:1
    [19,M]->fuel:3/3, actions_left_until_reproduction:1/1, turns_left:1
    [20,M]->fuel:3/3, actions_left_until_reproduction:1/1, turns_left:1
    [21,M]->fuel:3/3, actions_left_until_reproduction:1/1, turns_left:0
    [22,A]->turns_left:1
    [23,M]->fuel:3/3, actions_left_until_reproduction:1/1, turns_left:0
    [24,M]->fuel:3/3, actions_left_until_reproduction:1/1, turns_left:0
    [25,M]->fuel:3/3, actions_left_until_reproduction:1/1, turns_left:1
    [26,A]->turns_left:1
    [27,M]->fuel:3/3, actions_left_until_reproduction:1/1, turns_left:1
    [28,M]->fuel:3/3, actions_left_until_reproduction:1/1, turns_left:0
    [29,M]->fuel:3/3, actions_left_until_reproduction:1/1, turns_left:0
    [30,A]->turns_left:2
    [31,M]->fuel:3/3, actions_left_until_reproduction:1/1, turns_left:2
    [32,M]->fuel:3/3, actions_left_until_reproduction:1/1, turns_left:2
    [33,A]->turns_left:2
    [34,P]->attached?:F, support_life?:F, visited?:F, turns_left:1
    [35,M]->fuel:3/3, actions_left_until_reproduction:1/1, turns_left:2
    [36,M]->fuel:3/3, actions_left_until_reproduction:1/1, turns_left:1
    [37,P]->attached?:F, support_life?:F, visited?:F, turns_left:1
    [38,M]->fuel:3/3, actions_left_until_reproduction:1/1, turns_left:2
    [39,A]->turns_left:1
    [40,M]->fuel:3/3, actions_left_until_reproduction:1/1, turns_left:0
    [41,M]->fuel:3/3, actions_left_until_reproduction:1/1, turns_left:2
    [42,A]->turns_left:2
    [43,M]->fuel:3/3, actions_left_until_reproduction:1/1, turns_left:1
    [44,M]->fuel:3/3, actions_left_until_reproduction:1/1, turns_left:2
    [45,M]->fuel:3/3, actions_left_until_reproduction:1/1, turns_left:2
    [46,M]->fuel:3/3, actions_left_until_reproduction:1/1, turns_left:2
    [47,M]->fuel:3/3, actions_left_until_reproduction:1/1, turns_left:1
    [48,M]->fuel:3/3, actions_left_until_reproduction:1/1, turns_left:0
    [49,P]->attached?:F, support_life?:F, visited?:F, turns_left:2
  Deaths This Turn:none
    (1:1)  (1:2)  (1:3)  (1:4)  (1:5)  
    EM--   MAM-   M---   MAM-   M*--   
    (2:1)  (2:2)  (2:3)  (2:4)  (2:5)  
    MY--   MMAY   M*--   MM--   MM*-   
    (3:1)  (3:2)  (3:3)  (3:4)  (3:5)  
    MMM-   AMM*   O---   MAM-   M---   
    (4:1)  (4:2)  (4:3)  (4:4)  (4:5)  
    MW--   A---   M---   MW--   AP--   
    (5:1)  (5:2)  (5:3)  (5:4)  (5:5)  
    MMP-   MAM-   MAM*   MMMW   MMP-   
->pass
  state:2.0, mode:test, ok
  Movement:
    [5,M]:[1,3,1]->[1,2,4]
    [7,A]:[1,4,2]->[2,5,4]
      destroyed [17,M] at [2,5,1]
      destroyed [18,M] at [2,5,2]
    [8,M]:[1,4,3]->[2,5,1]
    [10,M]:[2,1,1]
    [12,M]:[2,2,2]->[1,3,1]
    [15,M]:[2,4,1]->[1,3,2]
    [16,M]:[2,4,2]->[3,4,4]
    [21,M]:[3,1,3]->[3,5,2]
    [23,M]:[3,2,2]->[3,1,3]
    [24,M]:[3,2,3]->[2,1,3]
    [28,M]:[3,5,1]->[4,1,3]
    [29,M]:[4,1,1]->[3,3,2]
    [40,M]:[5,2,3]->[5,1,4]
    [48,M]:[5,5,2]->[4,5,3]
  Sectors:
    [1,1]->[0,E],[1,M],-,-
    [1,2]->[2,M],[3,A],[4,M],[5,M]
    [1,3]->[12,M],[15,M],-,-
    [1,4]->[6,M],-,-,-
    [1,5]->[9,M],[-8,*],-,-
    [2,1]->[10,M],[-4,Y],[24,M],-
    [2,2]->[11,M],-,[13,A],[-2,Y]
    [2,3]->[14,M],[-10,*],-,-
    [2,4]->-,-,-,-
    [2,5]->[8,M],-,[-6,*],[7,A]
    [3,1]->[19,M],[20,M],[23,M],-
    [3,2]->[22,A],-,-,[-11,*]
    [3,3]->[-1,O],-,-,-
    [3,4]->[25,M],[26,A],[27,M],[16,M]
    [3,5]->-,[21,M],-,-
    [4,1]->-,[-5,W],[28,M],-
    [4,2]->[30,A],-,-,-
    [4,3]->[31,M],-,-,-
    [4,4]->[32,M],[-7,W],-,-
    [4,5]->[33,A],[34,P],[48,M],-
    [5,1]->[35,M],[36,M],[37,P],[40,M]
    [5,2]->[38,M],[39,A],-,-
    [5,3]->[41,M],[42,A],[43,M],[-3,*]
    [5,4]->[44,M],[45,M],[46,M],[-9,W]
    [5,5]->[47,M],-,[49,P],-
  Descriptions:
    [-11,*]->Luminosity:5
    [-10,*]->Luminosity:5
    [-9,W]->
    [-8,*]->Luminosity:5
    [-7,W]->
    [-6,*]->Luminosity:5
    [-5,W]->
    [-4,Y]->Luminosity:2
    [-3,*]->Luminosity:5
    [-2,Y]->Luminosity:2
    [-1,O]->
    [0,E]->fuel:3/3, life:3/3, landed?:F
    [1,M]->fuel:3/3, actions_left_until_reproduction:1/1, turns_left:0
    [2,M]->fuel:3/3, actions_left_until_reproduction:1/1, turns_left:0
    [3,A]->turns_left:1
    [4,M]->fuel:3/3, actions_left_until_reproduction:1/1, turns_left:1
    [5,M]->fuel:2/3, actions_left_until_reproduction:0/1, turns_left:2
    [6,M]->fuel:3/3, actions_left_until_reproduction:1/1, turns_left:0
    [7,A]->turns_left:1
    [8,M]->fuel:3/3, actions_left_until_reproduction:0/1, turns_left:1
    [9,M]->fuel:3/3, actions_left_until_reproduction:1/1, turns_left:0
    [10,M]->fuel:3/3, actions_left_until_reproduction:0/1, turns_left:1
    [11,M]->fuel:3/3, actions_left_until_reproduction:1/1, turns_left:0
    [12,M]->fuel:2/3, actions_left_until_reproduction:0/1, turns_left:2
    [13,A]->turns_left:0
    [14,M]->fuel:3/3, actions_left_until_reproduction:1/1, turns_left:1
    [15,M]->fuel:2/3, actions_left_until_reproduction:0/1, turns_left:2
    [16,M]->fuel:2/3, actions_left_until_reproduction:0/1, turns_left:0
    [19,M]->fuel:3/3, actions_left_until_reproduction:1/1, turns_left:0
    [20,M]->fuel:3/3, actions_left_until_reproduction:1/1, turns_left:0
    [21,M]->fuel:2/3, actions_left_until_reproduction:0/1, turns_left:1
    [22,A]->turns_left:0
    [23,M]->fuel:2/3, actions_left_until_reproduction:0/1, turns_left:2
    [24,M]->fuel:3/3, actions_left_until_reproduction:0/1, turns_left:2
    [25,M]->fuel:3/3, actions_left_until_reproduction:1/1, turns_left:0
    [26,A]->turns_left:0
    [27,M]->fuel:3/3, actions_left_until_reproduction:1/1, turns_left:0
    [28,M]->fuel:2/3, actions_left_until_reproduction:0/1, turns_left:2
    [30,A]->turns_left:1
    [31,M]->fuel:3/3, actions_left_until_reproduction:1/1, turns_left:1
    [32,M]->fuel:3/3, actions_left_until_reproduction:1/1, turns_left:1
    [33,A]->turns_left:1
    [34,P]->attached?:F, support_life?:F, visited?:F, turns_left:0
    [35,M]->fuel:3/3, actions_left_until_reproduction:1/1, turns_left:1
    [36,M]->fuel:3/3, actions_left_until_reproduction:1/1, turns_left:0
    [37,P]->attached?:F, support_life?:F, visited?:F, turns_left:0
    [38,M]->fuel:3/3, actions_left_until_reproduction:1/1, turns_left:1
    [39,A]->turns_left:0
    [40,M]->fuel:2/3, actions_left_until_reproduction:0/1, turns_left:1
    [41,M]->fuel:3/3, actions_left_until_reproduction:1/1, turns_left:1
    [42,A]->turns_left:1
    [43,M]->fuel:3/3, actions_left_until_reproduction:1/1, turns_left:0
    [44,M]->fuel:3/3, actions_left_until_reproduction:1/1, turns_left:1
    [45,M]->fuel:3/3, actions_left_until_reproduction:1/1, turns_left:1
    [46,M]->fuel:3/3, actions_left_until_reproduction:1/1, turns_left:1
    [47,M]->fuel:3/3, actions_left_until_reproduction:1/1, turns_left:0
    [48,M]->fuel:2/3, actions_left_until_reproduction:0/1, turns_left:2
    [49,P]->attached?:F, support_life?:F, visited?:F, turns_left:1
  Deaths This Turn:
    [17,M]->fuel:3/3, actions_left_until_reproduction:1/1, turns_left:N/A,
      Malevolent got destroyed by asteroid (id: 7) at Sector:2:5
    [18,M]->fuel:3/3, actions_left_until_reproduction:1/1, turns_left:N/A,
      Malevolent got destroyed by asteroid (id: 7) at Sector:2:5
    [29,M]->fuel:3/3, actions_left_until_reproduction:1/1, turns_left:N/A,
      Malevolent got devoured by blackhole (id: -1) at Sector:3:3
    (1:1)  (1:2)  (1:3)  (1:4)  (1:5)  
    EM--   MAMM   MM--   M---   M*--   
    (2:1)  (2:2)  (2:3)  (2:4)  (2:5)  
    MYM-   M-AY   M*--   ----   M-*A   
    (3:1)  (3:2)  (3:3)  (3:4)  (3:5)  
    MMM-   A--*   O---   MAMM   -M--   
    (4:1)  (4:2)  (4:3)  (4:4)  (4:5)  
    -WM-   A---   M---   MW--   APM-   
    (5:1)  (5:2)  (5:3)  (5:4)  (5:5)  
    MMPM   MA--   MAM*   MMMW   M-P-   
->pass
  state:3.0, mode:test, ok
  Movement:
    [1,M]:[1,1,2]->[1,5,3]
    [2,M]:[1,2,1]->[2,3,3]
    [6,M]:[1,4,1]->[2,3,4]
    [9,M]:[1,5,1]->[5,5,2]
    [11,M]:[2,2,1]->[1,2,1]
    [13,A]:[2,2,3]->[3,2,2]
    [16,M]:[3,4,4]->[2,4,1]
      reproduced [50,M] at [2,4,2]
    [19,M]:[3,1,1]->[3,5,1]
    [20,M]:[3,1,2]->[4,2,2]
    [22,A]:[3,2,1]->[3,3,2]
    [25,M]:[3,4,1]->[3,3,2]
    [26,A]:[3,4,2]->[2,4,3]
      destroyed [16,M] at [2,4,1]
      destroyed [50,M] at [2,4,2]
    [27,M]:[3,4,3]->[3,5,3]
    [34,P]:[4,5,2]->[3,5,4]
    [36,M]:[5,1,2]->[4,1,1]
    [37,P]:[5,1,3]->[4,1,4]
    [39,A]:[5,2,2]->[4,2,3]
      destroyed [20,M] at [4,2,2]
    [43,M]:[5,3,3]->[4,2,2]
    [47,M]:[5,5,1]->[1,4,1]
  Sectors:
    [1,1]->[0,E],-,-,-
    [1,2]->[11,M],[3,A],[4,M],[5,M]
    [1,3]->[12,M],[15,M],-,-
    [1,4]->[47,M],-,-,-
    [1,5]->-,[-8,*],[1,M],-
    [2,1]->[10,M],[-4,Y],[24,M],-
    [2,2]->-,-,-,[-2,Y]
    [2,3]->[14,M],[-10,*],[2,M],[6,M]
    [2,4]->-,-,[26,A],-
    [2,5]->[8,M],-,[-6,*],[7,A]
    [3,1]->-,-,[23,M],-
    [3,2]->-,[13,A],-,[-11,*]
    [3,3]->[-1,O],-,-,-
    [3,4]->-,-,-,-
    [3,5]->[19,M],[21,M],[27,M],[34,P]
    [4,1]->[36,M],[-5,W],[28,M],[37,P]
    [4,2]->[30,A],[43,M],[39,A],-
    [4,3]->[31,M],-,-,-
    [4,4]->[32,M],[-7,W],-,-
    [4,5]->[33,A],-,[48,M],-
    [5,1]->[35,M],-,-,[40,M]
    [5,2]->[38,M],-,-,-
    [5,3]->[41,M],[42,A],-,[-3,*]
    [5,4]->[44,M],[45,M],[46,M],[-9,W]
    [5,5]->-,[9,M],[49,P],-
  Descriptions:
    [-11,*]->Luminosity:5
    [-10,*]->Luminosity:5
    [-9,W]->
    [-8,*]->Luminosity:5
    [-7,W]->
    [-6,*]->Luminosity:5
    [-5,W]->
    [-4,Y]->Luminosity:2
    [-3,*]->Luminosity:5
    [-2,Y]->Luminosity:2
    [-1,O]->
    [0,E]->fuel:3/3, life:3/3, landed?:F
    [1,M]->fuel:3/3, actions_left_until_reproduction:0/1, turns_left:2
    [2,M]->fuel:3/3, actions_left_until_reproduction:0/1, turns_left:1
    [3,A]->turns_left:0
    [4,M]->fuel:3/3, actions_left_until_reproduction:1/1, turns_left:0
    [5,M]->fuel:2/3, actions_left_until_reproduction:0/1, turns_left:1
    [6,M]->fuel:3/3, actions_left_until_reproduction:0/1, turns_left:0
    [7,A]->turns_left:0
    [8,M]->fuel:3/3, actions_left_until_reproduction:0/1, turns_left:0
    [9,M]->fuel:2/3, actions_left_until_reproduction:0/1, turns_left:1
    [10,M]->fuel:3/3, actions_left_until_reproduction:0/1, turns_left:0
    [11,M]->fuel:2/3, actions_left_until_reproduction:0/1, turns_left:0
    [12,M]->fuel:2/3, actions_left_until_reproduction:0/1, turns_left:1
    [13,A]->turns_left:1
    [14,M]->fuel:3/3, actions_left_until_reproduction:1/1, turns_left:0
    [15,M]->fuel:2/3, actions_left_until_reproduction:0/1, turns_left:1
    [19,M]->fuel:2/3, actions_left_until_reproduction:0/1, turns_left:1
    [21,M]->fuel:2/3, actions_left_until_reproduction:0/1, turns_left:0
    [23,M]->fuel:2/3, actions_left_until_reproduction:0/1, turns_left:1
    [24,M]->fuel:3/3, actions_left_until_reproduction:0/1, turns_left:1
    [26,A]->turns_left:0
    [27,M]->fuel:2/3, actions_left_until_reproduction:0/1, turns_left:0
    [28,M]->fuel:2/3, actions_left_until_reproduction:0/1, turns_left:1
    [30,A]->turns_left:0
    [31,M]->fuel:3/3, actions_left_until_reproduction:1/1, turns_left:0
    [32,M]->fuel:3/3, actions_left_until_reproduction:1/1, turns_left:0
    [33,A]->turns_left:0
    [34,P]->attached?:F, support_life?:F, visited?:F, turns_left:0
    [35,M]->fuel:3/3, actions_left_until_reproduction:1/1, turns_left:0
    [36,M]->fuel:2/3, actions_left_until_reproduction:0/1, turns_left:0
    [37,P]->attached?:F, support_life?:F, visited?:F, turns_left:1
    [38,M]->fuel:3/3, actions_left_until_reproduction:1/1, turns_left:0
    [39,A]->turns_left:0
    [40,M]->fuel:2/3, actions_left_until_reproduction:0/1, turns_left:0
    [41,M]->fuel:3/3, actions_left_until_reproduction:1/1, turns_left:0
    [42,A]->turns_left:0
    [43,M]->fuel:2/3, actions_left_until_reproduction:0/1, turns_left:2
    [44,M]->fuel:3/3, actions_left_until_reproduction:1/1, turns_left:0
    [45,M]->fuel:3/3, actions_left_until_reproduction:1/1, turns_left:0
    [46,M]->fuel:3/3, actions_left_until_reproduction:1/1, turns_left:0
    [47,M]->fuel:2/3, actions_left_until_reproduction:0/1, turns_left:1
    [48,M]->fuel:2/3, actions_left_until_reproduction:0/1, turns_left:1
    [49,P]->attached?:F, support_life?:F, visited?:F, turns_left:0
  Deaths This Turn:
    [22,A]->turns_left:N/A,
      Asteroid got devoured by blackhole (id: -1) at Sector:3:3
    [25,M]->fuel:2/3, actions_left_until_reproduction:1/1, turns_left:N/A,
      Malevolent got devoured by blackhole (id: -1) at Sector:3:3
    [16,M]->fuel:1/3, actions_left_until_reproduction:1/1, turns_left:N/A,
      Malevolent got destroyed by asteroid (id: 26) at Sector:2:4
    [50,M]->fuel:3/3, actions_left_until_reproduction:1/1, turns_left:N/A,
      Malevolent got destroyed by asteroid (id: 26) at Sector:2:4
    [20,M]->fuel:2/3, actions_left_until_reproduction:0/1, turns_left:N/A,
      Malevolent got destroyed by asteroid (id: 39) at Sector:4:2
    (1:1)  (1:2)  (1:3)  (1:4)  (1:5)  
    E---   MAMM   MM--   M---   -*M-   
    (2:1)  (2:2)  (2:3)  (2:4)  (2:5)  
    MYM-   ---Y   M*MM   --A-   M-*A   
    (3:1)  (3:2)  (3:3)  (3:4)  (3:5)  
    --M-   -A-*   O---   ----   MMMP   
    (4:1)  (4:2)  (4:3)  (4:4)  (4:5)  
    MWMP   AMA-   M---   MW--   A-M-   
    (5:1)  (5:2)  (5:3)  (5:4)  (5:5)  
    M--M   M---   MA-*   MMMW   -MP-   
->move(SE)
  state:4.0, mode:test, ok
  Movement:
    [0,E]:[1,1,1]->[2,2,1]
    [3,A]:[1,2,2]->[5,2,2]
      destroyed [38,M] at [5,2,1]
    [4,M]:[1,2,3]->[1,3,3]
    [6,M]:[2,3,4]->[3,3,2]
    [7,A]:[2,5,4]->[1,5,1]
      destroyed [1,M] at [1,5,3]
    [8,M]:[2,5,1]->[3,1,1]
      reproduced [51,M] at [3,1,2]
    [10,M]:[2,1,1]->[1,2,2]
      reproduced [52,M] at [1,2,3]
    [11,M]:[1,2,1]->[5,3,3]
    [14,M]:[2,3,1]->[3,2,1]
    [21,M]:[3,5,2]->[2,5,1]
      reproduced [53,M] at [2,5,2]
    [26,A]:[2,4,3]->[1,3,4]
      destroyed [4,M] at [1,3,3]
      destroyed [12,M] at [1,3,1]
      destroyed [15,M] at [1,3,2]
    [27,M]:[3,5,3]->[4,4,3]
      reproduced [54,M] at [4,4,4]
    [30,A]:[4,2,1]
      destroyed [43,M] at [4,2,2]
    [31,M]:[4,3,1]
    [32,M]:[4,4,1]->[1,1,1]
    [33,A]:[4,5,1]
      destroyed [48,M] at [4,5,3]
    [34,P]:[3,5,4]
    [35,M]:[5,1,1]
    [36,M]:[4,1,1]->[2,5,4]
    [39,A]:[4,2,3]->[3,3,2]
    [40,M]:[5,1,4]->[4,2,2]
      reproduced [55,M] at [4,2,3]
    [41,M]:[5,3,1]->[4,3,2]
    [42,A]:[5,3,2]->[1,3,1]
    [44,M]:[5,4,1]->[4,2,4]
    [45,M]:[5,4,2]->[2,2,2]
      attacked [0,E] at [2,2,1]
    [46,M]:[5,4,3]->[3,1,4]
    [49,P]:[5,5,3]->[1,4,2]
  Sectors:
    [1,1]->[32,M],-,-,-
    [1,2]->-,[10,M],[52,M],[5,M]
    [1,3]->[42,A],-,-,[26,A]
    [1,4]->[47,M],[49,P],-,-
    [1,5]->[7,A],[-8,*],-,-
    [2,1]->-,[-4,Y],[24,M],-
    [2,2]->[0,E],[45,M],-,[-2,Y]
    [2,3]->-,[-10,*],[2,M],-
    [2,4]->-,-,-,-
    [2,5]->[21,M],[53,M],[-6,*],[36,M]
    [3,1]->[8,M],[51,M],[23,M],[46,M]
    [3,2]->[14,M],[13,A],-,[-11,*]
    [3,3]->[-1,O],-,-,-
    [3,4]->-,-,-,-
    [3,5]->[19,M],-,-,[34,P]
    [4,1]->-,[-5,W],[28,M],[37,P]
    [4,2]->[30,A],[40,M],[55,M],[44,M]
    [4,3]->[31,M],[41,M],-,-
    [4,4]->-,[-7,W],[27,M],[54,M]
    [4,5]->[33,A],-,-,-
    [5,1]->[35,M],-,-,-
    [5,2]->-,[3,A],-,-
    [5,3]->-,-,[11,M],[-3,*]
    [5,4]->-,-,-,[-9,W]
    [5,5]->-,[9,M],-,-
  Descriptions:
    [-11,*]->Luminosity:5
    [-10,*]->Luminosity:5
    [-9,W]->
    [-8,*]->Luminosity:5
    [-7,W]->
    [-6,*]->Luminosity:5
    [-5,W]->
    [-4,Y]->Luminosity:2
    [-3,*]->Luminosity:5
    [-2,Y]->Luminosity:2
    [-1,O]->
    [0,E]->fuel:3/3, life:2/3, landed?:F
    [2,M]->fuel:3/3, actions_left_until_reproduction:0/1, turns_left:0
    [3,A]->turns_left:1
    [5,M]->fuel:2/3, actions_left_until_reproduction:0/1, turns_left:0
    [7,A]->turns_left:2
    [8,M]->fuel:2/3, actions_left_until_reproduction:1/1, turns_left:1
    [9,M]->fuel:2/3, actions_left_until_reproduction:0/1, turns_left:0
    [10,M]->fuel:2/3, actions_left_until_reproduction:1/1, turns_left:1
    [11,M]->fuel:3/3, actions_left_until_reproduction:0/1, turns_left:1
    [13,A]->turns_left:0
    [14,M]->fuel:3/3, actions_left_until_reproduction:0/1, turns_left:1
    [19,M]->fuel:2/3, actions_left_until_reproduction:0/1, turns_left:0
    [21,M]->fuel:3/3, actions_left_until_reproduction:1/1, turns_left:2
    [23,M]->fuel:2/3, actions_left_until_reproduction:0/1, turns_left:0
    [24,M]->fuel:3/3, actions_left_until_reproduction:0/1, turns_left:0
    [26,A]->turns_left:0
    [27,M]->fuel:1/3, actions_left_until_reproduction:1/1, turns_left:2
    [28,M]->fuel:2/3, actions_left_until_reproduction:0/1, turns_left:0
    [30,A]->turns_left:0
    [31,M]->fuel:3/3, actions_left_until_reproduction:0/1, turns_left:1
    [32,M]->fuel:3/3, actions_left_until_reproduction:0/1, turns_left:0
    [33,A]->turns_left:1
    [34,P]->attached?:F, support_life?:F, visited?:F, turns_left:1
    [35,M]->fuel:3/3, actions_left_until_reproduction:0/1, turns_left:2
    [36,M]->fuel:3/3, actions_left_until_reproduction:0/1, turns_left:2
    [37,P]->attached?:F, support_life?:F, visited?:F, turns_left:0
    [40,M]->fuel:1/3, actions_left_until_reproduction:1/1, turns_left:1
    [41,M]->fuel:2/3, actions_left_until_reproduction:0/1, turns_left:0
    [42,A]->turns_left:2
    [44,M]->fuel:3/3, actions_left_until_reproduction:0/1, turns_left:1
    [45,M]->fuel:3/3, actions_left_until_reproduction:0/1, turns_left:0
    [46,M]->fuel:3/3, actions_left_until_reproduction:0/1, turns_left:1
    [47,M]->fuel:2/3, actions_left_until_reproduction:0/1, turns_left:0
    [49,P]->attached?:F, support_life?:F, visited?:F, turns_left:0
    [51,M]->fuel:3/3, actions_left_until_reproduction:1/1, turns_left:1
    [52,M]->fuel:3/3, actions_left_until_reproduction:1/1, turns_left:0
    [53,M]->fuel:3/3, actions_left_until_reproduction:1/1, turns_left:2
    [54,M]->fuel:3/3, actions_left_until_reproduction:1/1, turns_left:2
    [55,M]->fuel:3/3, actions_left_until_reproduction:1/1, turns_left:0
  Deaths This Turn:
    [38,M]->fuel:3/3, actions_left_until_reproduction:1/1, turns_left:N/A,
      Malevolent got destroyed by asteroid (id: 3) at Sector:5:2
    [6,M]->fuel:2/3, actions_left_until_reproduction:0/1, turns_left:N/A,
      Malevolent got devoured by blackhole (id: -1) at Sector:3:3
    [1,M]->fuel:3/3, actions_left_until_reproduction:0/1, turns_left:N/A,
      Malevolent got destroyed by asteroid (id: 7) at Sector:1:5
    [4,M]->fuel:2/3, actions_left_until_reproduction:0/1, turns_left:N/A,
      Malevolent got destroyed by asteroid (id: 26) at Sector:1:3
    [12,M]->fuel:2/3, actions_left_until_reproduction:0/1, turns_left:N/A,
      Malevolent got destroyed by asteroid (id: 26) at Sector:1:3
    [15,M]->fuel:2/3, actions_left_until_reproduction:0/1, turns_left:N/A,
      Malevolent got destroyed by asteroid (id: 26) at Sector:1:3
    [43,M]->fuel:2/3, actions_left_until_reproduction:0/1, turns_left:N/A,
      Malevolent got destroyed by asteroid (id: 30) at Sector:4:2
    [48,M]->fuel:2/3, actions_left_until_reproduction:0/1, turns_left:N/A,
      Malevolent got destroyed by asteroid (id: 33) at Sector:4:5
    [39,A]->turns_left:N/A,
      Asteroid got devoured by blackhole (id: -1) at Sector:3:3
    (1:1)  (1:2)  (1:3)  (1:4)  (1:5)  
    M---   -MMM   A--A   MP--   A*--   
    (2:1)  (2:2)  (2:3)  (2:4)  (2:5)  
    -YM-   EM-Y   -*M-   ----   MM*M   
    (3:1)  (3:2)  (3:3)  (3:4)  (3:5)  
    MMMM   MA-*   O---   ----   M--P   
    (4:1)  (4:2)  (4:3)  (4:4)  (4:5)  
    -WMP   AMMM   MM--   -WMM   A---   
    (5:1)  (5:2)  (5:3)  (5:4)  (5:5)  
    M---   -A--   --M*   ---W   -M--   
->move(S)
  state:5.0, mode:test, ok
  Movement:
    [0,E]:[2,2,1]->[3,2,3]
    [2,M]:[2,3,3]->[2,4,1]
      reproduced [56,M] at [2,4,2]
    [5,M]:[1,2,4]->[2,3,1]
      reproduced [57,M] at [2,3,3]
    [9,M]:[5,5,2]->[5,1,2]
      reproduced [58,M] at [5,1,3]
    [13,A]:[3,2,2]->[4,1,1]
      destroyed [28,M] at [4,1,3]
    [19,M]:[3,5,1]->[4,4,1]
    [23,M]:[3,1,3]->[3,5,1]
      reproduced [59,M] at [3,5,2]
    [24,M]:[2,1,3]->[3,2,2]
      attacked [0,E] at [3,2,3]
    [26,A]:[1,3,4]->[2,4,3]
      destroyed [2,M] at [2,4,1]
      destroyed [56,M] at [2,4,2]
    [30,A]:[4,2,1]->[5,1,4]
      destroyed [9,M] at [5,1,2]
      destroyed [35,M] at [5,1,1]
      destroyed [58,M] at [5,1,3]
    [32,M]:[1,1,1]->[1,2,1]
      reproduced [60,M] at [1,2,4]
    [37,P]:[4,1,4]->[5,1,1]
    [41,M]:[4,3,2]->[5,2,1]
      reproduced [61,M] at [5,2,3]
    [45,M]:[2,2,2]->[3,1,3]
    [47,M]:[1,4,1]->[5,5,1]
      reproduced [62,M] at [5,5,2]
    [49,P]:[1,4,2]->[2,4,1]
    [52,M]:[1,2,3]->[2,2,1]
    [55,M]:[4,2,3]
  Sectors:
    [1,1]->-,-,-,-
    [1,2]->[32,M],[10,M],-,[60,M]
    [1,3]->[42,A],-,-,-
    [1,4]->-,-,-,-
    [1,5]->[7,A],[-8,*],-,-
    [2,1]->-,[-4,Y],-,-
    [2,2]->[52,M],-,-,[-2,Y]
    [2,3]->[5,M],[-10,*],[57,M],-
    [2,4]->[49,P],-,[26,A],-
    [2,5]->[21,M],[53,M],[-6,*],[36,M]
    [3,1]->[8,M],[51,M],[45,M],[46,M]
    [3,2]->[14,M],[24,M],[0,E],[-11,*]
    [3,3]->[-1,O],-,-,-
    [3,4]->-,-,-,-
    [3,5]->[23,M],[59,M],-,[34,P]
    [4,1]->[13,A],[-5,W],-,-
    [4,2]->-,[40,M],[55,M],[44,M]
    [4,3]->[31,M],-,-,-
    [4,4]->[19,M],[-7,W],[27,M],[54,M]
    [4,5]->[33,A],-,-,-
    [5,1]->[37,P],-,-,[30,A]
    [5,2]->[41,M],[3,A],[61,M],-
    [5,3]->-,-,[11,M],[-3,*]
    [5,4]->-,-,-,[-9,W]
    [5,5]->[47,M],[62,M],-,-
  Descriptions:
    [-11,*]->Luminosity:5
    [-10,*]->Luminosity:5
    [-9,W]->
    [-8,*]->Luminosity:5
    [-7,W]->
    [-6,*]->Luminosity:5
    [-5,W]->
    [-4,Y]->Luminosity:2
    [-3,*]->Luminosity:5
    [-2,Y]->Luminosity:2
    [-1,O]->
    [0,E]->fuel:3/3, life:1/3, landed?:F
    [3,A]->turns_left:0
    [5,M]->fuel:3/3, actions_left_until_reproduction:1/1, turns_left:1
    [7,A]->turns_left:1
    [8,M]->fuel:2/3, actions_left_until_reproduction:1/1, turns_left:0
    [10,M]->fuel:2/3, actions_left_until_reproduction:1/1, turns_left:0
    [11,M]->fuel:3/3, actions_left_until_reproduction:0/1, turns_left:0
    [13,A]->turns_left:0
    [14,M]->fuel:3/3, actions_left_until_reproduction:0/1, turns_left:0
    [19,M]->fuel:1/3, actions_left_until_reproduction:0/1, turns_left:0
    [21,M]->fuel:3/3, actions_left_until_reproduction:1/1, turns_left:1
    [23,M]->fuel:1/3, actions_left_until_reproduction:1/1, turns_left:1
    [24,M]->fuel:3/3, actions_left_until_reproduction:0/1, turns_left:1
    [26,A]->turns_left:1
    [27,M]->fuel:1/3, actions_left_until_reproduction:1/1, turns_left:1
    [30,A]->turns_left:1
    [31,M]->fuel:3/3, actions_left_until_reproduction:0/1, turns_left:0
    [32,M]->fuel:2/3, actions_left_until_reproduction:1/1, turns_left:2
    [33,A]->turns_left:0
    [34,P]->attached?:F, support_life?:F, visited?:F, turns_left:0
    [36,M]->fuel:3/3, actions_left_until_reproduction:0/1, turns_left:1
    [37,P]->attached?:F, support_life?:F, visited?:F, turns_left:2
    [40,M]->fuel:1/3, actions_left_until_reproduction:1/1, turns_left:0
    [41,M]->fuel:1/3, actions_left_until_reproduction:1/1, turns_left:1
    [42,A]->turns_left:1
    [44,M]->fuel:3/3, actions_left_until_reproduction:0/1, turns_left:0
    [45,M]->fuel:2/3, actions_left_until_reproduction:0/1, turns_left:0
    [46,M]->fuel:3/3, actions_left_until_reproduction:0/1, turns_left:0
    [47,M]->fuel:1/3, actions_left_until_reproduction:1/1, turns_left:1
    [49,P]->attached?:F, support_life?:F, visited?:F, turns_left:2
    [51,M]->fuel:3/3, actions_left_until_reproduction:1/1, turns_left:0
    [52,M]->fuel:3/3, actions_left_until_reproduction:0/1, turns_left:0
    [53,M]->fuel:3/3, actions_left_until_reproduction:1/1, turns_left:1
    [54,M]->fuel:3/3, actions_left_until_reproduction:1/1, turns_left:1
    [55,M]->fuel:3/3, actions_left_until_reproduction:0/1, turns_left:0
    [57,M]->fuel:3/3, actions_left_until_reproduction:1/1, turns_left:1
    [59,M]->fuel:3/3, actions_left_until_reproduction:1/1, turns_left:2
    [60,M]->fuel:3/3, actions_left_until_reproduction:1/1, turns_left:1
    [61,M]->fuel:3/3, actions_left_until_reproduction:1/1, turns_left:0
    [62,M]->fuel:3/3, actions_left_until_reproduction:1/1, turns_left:1
  Deaths This Turn:
    [28,M]->fuel:2/3, actions_left_until_reproduction:0/1, turns_left:N/A,
      Malevolent got destroyed by asteroid (id: 13) at Sector:4:1
    [2,M]->fuel:2/3, actions_left_until_reproduction:1/1, turns_left:N/A,
      Malevolent got destroyed by asteroid (id: 26) at Sector:2:4
    [56,M]->fuel:3/3, actions_left_until_reproduction:1/1, turns_left:N/A,
      Malevolent got destroyed by asteroid (id: 26) at Sector:2:4
    [9,M]->fuel:1/3, actions_left_until_reproduction:1/1, turns_left:N/A,
      Malevolent got destroyed by asteroid (id: 30) at Sector:5:1
    [35,M]->fuel:3/3, actions_left_until_reproduction:0/1, turns_left:N/A,
      Malevolent got destroyed by asteroid (id: 30) at Sector:5:1
    [58,M]->fuel:3/3, actions_left_until_reproduction:1/1, turns_left:N/A,
      Malevolent got destroyed by asteroid (id: 30) at Sector:5:1
    (1:1)  (1:2)  (1:3)  (1:4)  (1:5)  
    ----   MM-M   A---   ----   A*--   
    (2:1)  (2:2)  (2:3)  (2:4)  (2:5)  
    -Y--   M--Y   M*M-   P-A-   MM*M   
    (3:1)  (3:2)  (3:3)  (3:4)  (3:5)  
    MMMM   MME*   O---   ----   MM-P   
    (4:1)  (4:2)  (4:3)  (4:4)  (4:5)  
    AW--   -MMM   M---   MWMM   A---   
    (5:1)  (5:2)  (5:3)  (5:4)  (5:5)  
    P--A   MAM-   --M*   ---W   MM--   
->move(S)
  state:6.0, mode:test, ok
  Explorer got lost in space - out of life support at Sector:4:2
  The game has ended. You can start a new game.
  Movement:
    [0,E]:[3,2,3]->[4,2,1]
    [3,A]:[5,2,2]->[1,1,1]
    [8,M]:[3,1,1]->[2,2,2]
    [10,M]:[1,2,2]->[2,3,4]
    [11,M]:[5,3,3]->[5,2,2]
      reproduced [63,M] at [5,2,4]
    [13,A]:[4,1,1]->[3,2,3]
      destroyed [14,M] at [3,2,1]
      destroyed [24,M] at [3,2,2]
    [19,M]:[4,4,1]->[3,4,1]
      reproduced [64,M] at [3,4,2]
    [31,M]:[4,3,1]->[3,3,2]
    [33,A]:[4,5,1]->[5,5,3]
      destroyed [47,M] at [5,5,1]
      destroyed [62,M] at [5,5,2]
    [34,P]:[3,5,4]->[3,1,1]
    [40,M]:[4,2,2]
      attacked [0,E] at [4,2,1]
    [44,M]:[4,2,4]->[4,1,1]
      reproduced [65,M] at [4,1,3]
    [45,M]:[3,1,3]->[3,2,1]
      reproduced [66,M] at [3,2,2]
    [46,M]:[3,1,4]->[4,5,1]
      reproduced [67,M] at [4,5,2]
    [51,M]:[3,1,2]
    [52,M]:[2,2,1]->[1,3,2]
      reproduced [68,M] at [1,3,3]
    [55,M]:[4,2,3]->[4,1,4]
    [61,M]:[5,2,3]->[5,3,1]
  Sectors:
    [1,1]->[3,A],-,-,-
    [1,2]->[32,M],-,-,[60,M]
    [1,3]->[42,A],[52,M],[68,M],-
    [1,4]->-,-,-,-
    [1,5]->[7,A],[-8,*],-,-
    [2,1]->-,[-4,Y],-,-
    [2,2]->-,[8,M],-,[-2,Y]
    [2,3]->[5,M],[-10,*],[57,M],[10,M]
    [2,4]->[49,P],-,[26,A],-
    [2,5]->[21,M],[53,M],[-6,*],[36,M]
    [3,1]->[34,P],[51,M],-,-
    [3,2]->[45,M],[66,M],[13,A],[-11,*]
    [3,3]->[-1,O],-,-,-
    [3,4]->[19,M],[64,M],-,-
    [3,5]->[23,M],[59,M],-,-
    [4,1]->[44,M],[-5,W],[65,M],[55,M]
    [4,2]->-,[40,M],-,-
    [4,3]->-,-,-,-
    [4,4]->-,[-7,W],[27,M],[54,M]
    [4,5]->[46,M],[67,M],-,-
    [5,1]->[37,P],-,-,[30,A]
    [5,2]->[41,M],[11,M],-,[63,M]
    [5,3]->[61,M],-,-,[-3,*]
    [5,4]->-,-,-,[-9,W]
    [5,5]->-,-,[33,A],-
  Descriptions:
    [-11,*]->Luminosity:5
    [-10,*]->Luminosity:5
    [-9,W]->
    [-8,*]->Luminosity:5
    [-7,W]->
    [-6,*]->Luminosity:5
    [-5,W]->
    [-4,Y]->Luminosity:2
    [-3,*]->Luminosity:5
    [-2,Y]->Luminosity:2
    [-1,O]->
    [3,A]->turns_left:1
    [5,M]->fuel:3/3, actions_left_until_reproduction:1/1, turns_left:0
    [7,A]->turns_left:0
    [8,M]->fuel:3/3, actions_left_until_reproduction:0/1, turns_left:2
    [10,M]->fuel:3/3, actions_left_until_reproduction:0/1, turns_left:2
    [11,M]->fuel:2/3, actions_left_until_reproduction:1/1, turns_left:2
    [13,A]->turns_left:1
    [19,M]->fuel:1/3, actions_left_until_reproduction:1/1, turns_left:1
    [21,M]->fuel:3/3, actions_left_until_reproduction:1/1, turns_left:0
    [23,M]->fuel:1/3, actions_left_until_reproduction:1/1, turns_left:0
    [26,A]->turns_left:0
    [27,M]->fuel:1/3, actions_left_until_reproduction:1/1, turns_left:0
    [30,A]->turns_left:0
    [32,M]->fuel:2/3, actions_left_until_reproduction:1/1, turns_left:1
    [33,A]->turns_left:1
    [34,P]->attached?:F, support_life?:F, visited?:F, turns_left:2
    [36,M]->fuel:3/3, actions_left_until_reproduction:0/1, turns_left:0
    [37,P]->attached?:F, support_life?:F, visited?:F, turns_left:1
    [40,M]->fuel:1/3, actions_left_until_reproduction:0/1, turns_left:2
    [41,M]->fuel:1/3, actions_left_until_reproduction:1/1, turns_left:0
    [42,A]->turns_left:0
    [44,M]->fuel:2/3, actions_left_until_reproduction:1/1, turns_left:2
    [45,M]->fuel:3/3, actions_left_until_reproduction:1/1, turns_left:2
    [46,M]->fuel:2/3, actions_left_until_reproduction:1/1, turns_left:1
    [49,P]->attached?:F, support_life?:F, visited?:F, turns_left:1
    [51,M]->fuel:3/3, actions_left_until_reproduction:0/1, turns_left:0
    [52,M]->fuel:2/3, actions_left_until_reproduction:1/1, turns_left:1
    [53,M]->fuel:3/3, actions_left_until_reproduction:1/1, turns_left:0
    [54,M]->fuel:3/3, actions_left_until_reproduction:1/1, turns_left:0
    [55,M]->fuel:2/3, actions_left_until_reproduction:0/1, turns_left:2
    [57,M]->fuel:3/3, actions_left_until_reproduction:1/1, turns_left:0
    [59,M]->fuel:3/3, actions_left_until_reproduction:1/1, turns_left:1
    [60,M]->fuel:3/3, actions_left_until_reproduction:1/1, turns_left:0
    [61,M]->fuel:3/3, actions_left_until_reproduction:0/1, turns_left:1
    [63,M]->fuel:3/3, actions_left_until_reproduction:1/1, turns_left:0
    [64,M]->fuel:3/3, actions_left_until_reproduction:1/1, turns_left:2
    [65,M]->fuel:3/3, actions_left_until_reproduction:1/1, turns_left:0
    [66,M]->fuel:3/3, actions_left_until_reproduction:1/1, turns_left:0
    [67,M]->fuel:3/3, actions_left_until_reproduction:1/1, turns_left:1
    [68,M]->fuel:3/3, actions_left_until_reproduction:1/1, turns_left:2
  Deaths This Turn:
    [14,M]->fuel:3/3, actions_left_until_reproduction:0/1, turns_left:N/A,
      Malevolent got destroyed by asteroid (id: 13) at Sector:3:2
    [24,M]->fuel:3/3, actions_left_until_reproduction:0/1, turns_left:N/A,
      Malevolent got destroyed by asteroid (id: 13) at Sector:3:2
    [31,M]->fuel:2/3, actions_left_until_reproduction:0/1, turns_left:N/A,
      Malevolent got devoured by blackhole (id: -1) at Sector:3:3
    [47,M]->fuel:1/3, actions_left_until_reproduction:1/1, turns_left:N/A,
      Malevolent got destroyed by asteroid (id: 33) at Sector:5:5
    [62,M]->fuel:3/3, actions_left_until_reproduction:1/1, turns_left:N/A,
      Malevolent got destroyed by asteroid (id: 33) at Sector:5:5
    [0,E]->fuel:2/3, life:0/3, landed?:F,
      Explorer got lost in space - out of life support at Sector:4:2
    (1:1)  (1:2)  (1:3)  (1:4)  (1:5)  
    A---   M--M   AMM-   ----   A*--   
    (2:1)  (2:2)  (2:3)  (2:4)  (2:5)  
    -Y--   -M-Y   M*MM   P-A-   MM*M   
    (3:1)  (3:2)  (3:3)  (3:4)  (3:5)  
    PM--   MMA*   O---   MM--   MM--   
    (4:1)  (4:2)  (4:3)  (4:4)  (4:5)  
    MWMM   -M--   ----   -WMM   MM--   
    (5:1)  (5:2)  (5:3)  (5:4)  (5:5)  
    P--A   MM-M   M--*   ---W   --A-   
  Explorer got lost in space - out of life support at Sector:4:2
  The game has ended. You can start a new game.
