  state:0.0, ok
  Welcome! Try test(3,5,7,15,30)
->test(25,30,35,40,70)
  state:1.0, mode:test, ok
  Movement:none
  Sectors:
    [1,1]->[0,E],[1,P],-,-
    [1,2]->[2,P],[3,M],[-11,Y],-
    [1,3]->[4,P],[5,P],-,-
    [1,4]->[6,A],-,-,-
    [1,5]->[-3,W],-,-,-
    [2,1]->-,-,-,-
    [2,2]->[7,M],[-9,Y],-,-
    [2,3]->[8,P],[9,P],[10,A],[-4,W]
    [2,4]->-,-,-,-
    [2,5]->[11,P],[12,A],[13,P],[-7,*]
    [3,1]->[14,B],[15,P],-,-
    [3,2]->[16,A],-,-,-
    [3,3]->[-1,O],-,-,-
    [3,4]->[-6,W],-,-,-
    [3,5]->[17,P],[-10,W],-,-
    [4,1]->[18,P],[19,P],-,-
    [4,2]->[20,A],[21,P],-,-
    [4,3]->-,-,-,-
    [4,4]->-,-,-,-
    [4,5]->[22,P],-,-,-
    [5,1]->[23,B],[24,A],-,-
    [5,2]->[25,P],[-8,Y],-,-
    [5,3]->[26,P],[27,P],[-5,W],-
    [5,4]->[28,M],[-2,Y],-,-
    [5,5]->[29,A],[30,J],-,-
  Descriptions:
    [-11,Y]->Luminosity:2
    [-10,W]->
    [-9,Y]->Luminosity:2
    [-8,Y]->Luminosity:2
    [-7,*]->Luminosity:5
    [-6,W]->
    [-5,W]->
    [-4,W]->
    [-3,W]->
    [-2,Y]->Luminosity:2
    [-1,O]->
    [0,E]->fuel:3/3, life:3/3, landed?:F
    [1,P]->attached?:F, support_life?:F, visited?:F, turns_left:1
    [2,P]->attached?:F, support_life?:F, visited?:F, turns_left:0
    [3,M]->fuel:3/3, actions_left_until_reproduction:1/1, turns_left:1
    [4,P]->attached?:F, support_life?:F, visited?:F, turns_left:0
    [5,P]->attached?:F, support_life?:F, visited?:F, turns_left:0
    [6,A]->turns_left:0
    [7,M]->fuel:3/3, actions_left_until_reproduction:1/1, turns_left:0
    [8,P]->attached?:F, support_life?:F, visited?:F, turns_left:1
    [9,P]->attached?:F, support_life?:F, visited?:F, turns_left:0
    [10,A]->turns_left:1
    [11,P]->attached?:F, support_life?:F, visited?:F, turns_left:1
    [12,A]->turns_left:2
    [13,P]->attached?:F, support_life?:F, visited?:F, turns_left:1
    [14,B]->fuel:3/3, actions_left_until_reproduction:1/1, turns_left:2
    [15,P]->attached?:F, support_life?:F, visited?:F, turns_left:2
    [16,A]->turns_left:0
    [17,P]->attached?:F, support_life?:F, visited?:F, turns_left:0
    [18,P]->attached?:F, support_life?:F, visited?:F, turns_left:2
    [19,P]->attached?:F, support_life?:F, visited?:F, turns_left:1
    [20,A]->turns_left:0
    [21,P]->attached?:F, support_life?:F, visited?:F, turns_left:0
    [22,P]->attached?:F, support_life?:F, visited?:F, turns_left:1
    [23,B]->fuel:3/3, actions_left_until_reproduction:1/1, turns_left:0
    [24,A]->turns_left:0
    [25,P]->attached?:F, support_life?:F, visited?:F, turns_left:2
    [26,P]->attached?:F, support_life?:F, visited?:F, turns_left:1
    [27,P]->attached?:F, support_life?:F, visited?:F, turns_left:1
    [28,M]->fuel:3/3, actions_left_until_reproduction:1/1, turns_left:2
    [29,A]->turns_left:2
    [30,J]->fuel:5/5, load:0/2, actions_left_until_reproduction:2/2, turns_left:2
  Deaths This Turn:none
    (1:1)  (1:2)  (1:3)  (1:4)  (1:5)  
    EP--   PMY-   PP--   A---   W---   
    (2:1)  (2:2)  (2:3)  (2:4)  (2:5)  
    ----   MY--   PPAW   ----   PAP*   
    (3:1)  (3:2)  (3:3)  (3:4)  (3:5)  
    BP--   A---   O---   W---   PW--   
    (4:1)  (4:2)  (4:3)  (4:4)  (4:5)  
    PP--   AP--   ----   ----   P---   
    (5:1)  (5:2)  (5:3)  (5:4)  (5:5)  
    BA--   PY--   PPW-   MY--   AJ--   
->move(NE)
  state:2.0, mode:test, ok
  Movement:
    [0,E]:[1,1,1]->[5,2,3]
    [4,P]:[1,3,1]->[1,2,4]
    [5,P]:[1,3,2]->[2,2,3]
    [6,A]:[1,4,1]->[5,4,3]
      destroyed [28,M] at [5,4,1]
    [7,M]:[2,2,1]->[3,2,2]
    [9,P]:[2,3,2]->[3,2,3]
    [16,A]:[3,2,1]->[2,1,1]
    [17,P]:[3,5,1]->[2,1,2]
    [20,A]:[4,2,1]->[3,1,3]
      destroyed [14,B] at [3,1,1]
    [21,P]:[4,2,2]->[3,2,1]
    [23,B]:[5,1,1]->[4,5,2]
    [24,A]:[5,1,2]->[4,1,3]
  Sectors:
    [1,1]->-,[1,P],-,-
    [1,2]->[2,P],[3,M],[-11,Y],[4,P]
    [1,3]->-,-,-,-
    [1,4]->-,-,-,-
    [1,5]->[-3,W],-,-,-
    [2,1]->[16,A],[17,P],-,-
    [2,2]->-,[-9,Y],[5,P],-
    [2,3]->[8,P],-,[10,A],[-4,W]
    [2,4]->-,-,-,-
    [2,5]->[11,P],[12,A],[13,P],[-7,*]
    [3,1]->-,[15,P],[20,A],-
    [3,2]->[21,P],[7,M],[9,P],-
    [3,3]->[-1,O],-,-,-
    [3,4]->[-6,W],-,-,-
    [3,5]->-,[-10,W],-,-
    [4,1]->[18,P],[19,P],[24,A],-
    [4,2]->-,-,-,-
    [4,3]->-,-,-,-
    [4,4]->-,-,-,-
    [4,5]->[22,P],[23,B],-,-
    [5,1]->-,-,-,-
    [5,2]->[25,P],[-8,Y],[0,E],-
    [5,3]->[26,P],[27,P],[-5,W],-
    [5,4]->-,[-2,Y],[6,A],-
    [5,5]->[29,A],[30,J],-,-
  Descriptions:
    [-11,Y]->Luminosity:2
    [-10,W]->
    [-9,Y]->Luminosity:2
    [-8,Y]->Luminosity:2
    [-7,*]->Luminosity:5
    [-6,W]->
    [-5,W]->
    [-4,W]->
    [-3,W]->
    [-2,Y]->Luminosity:2
    [-1,O]->
    [0,E]->fuel:3/3, life:3/3, landed?:F
    [1,P]->attached?:F, support_life?:F, visited?:F, turns_left:0
    [2,P]->attached?:T, support_life?:F, visited?:F, turns_left:N/A
    [3,M]->fuel:3/3, actions_left_until_reproduction:1/1, turns_left:0
    [4,P]->attached?:T, support_life?:T, visited?:F, turns_left:N/A
    [5,P]->attached?:T, support_life?:T, visited?:F, turns_left:N/A
    [6,A]->turns_left:1
    [7,M]->fuel:2/3, actions_left_until_reproduction:0/1, turns_left:0
    [8,P]->attached?:F, support_life?:F, visited?:F, turns_left:0
    [9,P]->attached?:F, support_life?:F, visited?:F, turns_left:0
    [10,A]->turns_left:0
    [11,P]->attached?:F, support_life?:F, visited?:F, turns_left:0
    [12,A]->turns_left:1
    [13,P]->attached?:F, support_life?:F, visited?:F, turns_left:0
    [15,P]->attached?:F, support_life?:F, visited?:F, turns_left:1
    [16,A]->turns_left:1
    [17,P]->attached?:F, support_life?:F, visited?:F, turns_left:1
    [18,P]->attached?:F, support_life?:F, visited?:F, turns_left:1
    [19,P]->attached?:F, support_life?:F, visited?:F, turns_left:0
    [20,A]->turns_left:2
    [21,P]->attached?:F, support_life?:F, visited?:F, turns_left:2
    [22,P]->attached?:F, support_life?:F, visited?:F, turns_left:0
    [23,B]->fuel:2/3, actions_left_until_reproduction:0/1, turns_left:0
    [24,A]->turns_left:1
    [25,P]->attached?:F, support_life?:F, visited?:F, turns_left:1
    [26,P]->attached?:F, support_life?:F, visited?:F, turns_left:0
    [27,P]->attached?:F, support_life?:F, visited?:F, turns_left:0
    [29,A]->turns_left:1
    [30,J]->fuel:5/5, load:0/2, actions_left_until_reproduction:2/2, turns_left:1
  Deaths This Turn:
    [28,M]->fuel:3/3, actions_left_until_reproduction:1/1, turns_left:N/A,
      Malevolent got destroyed by asteroid (id: 6) at Sector:5:4
    [14,B]->fuel:3/3, actions_left_until_reproduction:1/1, turns_left:N/A,
      Benign got destroyed by asteroid (id: 20) at Sector:3:1
    (1:1)  (1:2)  (1:3)  (1:4)  (1:5)  
    -P--   PMYP   ----   ----   W---   
    (2:1)  (2:2)  (2:3)  (2:4)  (2:5)  
    AP--   -YP-   P-AW   ----   PAP*   
    (3:1)  (3:2)  (3:3)  (3:4)  (3:5)  
    -PA-   PMP-   O---   W---   -W--   
    (4:1)  (4:2)  (4:3)  (4:4)  (4:5)  
    PPA-   ----   ----   ----   PB--   
    (5:1)  (5:2)  (5:3)  (5:4)  (5:5)  
    ----   PYE-   PPW-   -YA-   AJ--   
->land
  state:2.1, mode:test, error
  Negative on that request:no unvisited attached planet at Sector:5:2
->move(SE)
  state:3.0, mode:test, ok
  Movement:
    [0,E]:[5,2,3]->[1,3,1]
    [1,P]:[1,1,2]->[5,5,3]
    [3,M]:[1,2,2]->[1,3,2]
      attacked [0,E] at [1,3,1]
    [7,M]:[3,2,2]->[3,3,2]
    [8,P]:[2,3,1]->[3,4,2]
    [9,P]:[3,2,3]->[4,3,1]
    [10,A]:[2,3,3]->[2,4,1]
    [19,P]:[4,1,2]->[3,2,2]
    [22,P]:[4,5,1]->[3,4,3]
    [23,B]:[4,5,2]->[5,5,4]
    [26,P]:[5,3,1]->[5,2,3]
    [27,P]:[5,3,2]->[5,2,4]
  Sectors:
    [1,1]->-,-,-,-
    [1,2]->[2,P],-,[-11,Y],[4,P]
    [1,3]->[0,E],[3,M],-,-
    [1,4]->-,-,-,-
    [1,5]->[-3,W],-,-,-
    [2,1]->[16,A],[17,P],-,-
    [2,2]->-,[-9,Y],[5,P],-
    [2,3]->-,-,-,[-4,W]
    [2,4]->[10,A],-,-,-
    [2,5]->[11,P],[12,A],[13,P],[-7,*]
    [3,1]->-,[15,P],[20,A],-
    [3,2]->[21,P],[19,P],-,-
    [3,3]->[-1,O],-,-,-
    [3,4]->[-6,W],[8,P],[22,P],-
    [3,5]->-,[-10,W],-,-
    [4,1]->[18,P],-,[24,A],-
    [4,2]->-,-,-,-
    [4,3]->[9,P],-,-,-
    [4,4]->-,-,-,-
    [4,5]->-,-,-,-
    [5,1]->-,-,-,-
    [5,2]->[25,P],[-8,Y],[26,P],[27,P]
    [5,3]->-,-,[-5,W],-
    [5,4]->-,[-2,Y],[6,A],-
    [5,5]->[29,A],[30,J],[1,P],[23,B]
  Descriptions:
    [-11,Y]->Luminosity:2
    [-10,W]->
    [-9,Y]->Luminosity:2
    [-8,Y]->Luminosity:2
    [-7,*]->Luminosity:5
    [-6,W]->
    [-5,W]->
    [-4,W]->
    [-3,W]->
    [-2,Y]->Luminosity:2
    [-1,O]->
    [0,E]->fuel:2/3, life:2/3, landed?:F
    [1,P]->attached?:F, support_life?:F, visited?:F, turns_left:1
    [2,P]->attached?:T, support_life?:F, visited?:F, turns_left:N/A
    [3,M]->fuel:2/3, actions_left_until_reproduction:0/1, turns_left:0
    [4,P]->attached?:T, support_life?:T, visited?:F, turns_left:N/A
    [5,P]->attached?:T, support_life?:T, visited?:F, turns_left:N/A
    [6,A]->turns_left:0
    [8,P]->attached?:F, support_life?:F, visited?:F, turns_left:1
    [9,P]->attached?:F, support_life?:F, visited?:F, turns_left:1
    [10,A]->turns_left:1
    [11,P]->attached?:T, support_life?:F, visited?:F, turns_left:N/A
    [12,A]->turns_left:0
    [13,P]->attached?:T, support_life?:F, visited?:F, turns_left:N/A
    [15,P]->attached?:F, support_life?:F, visited?:F, turns_left:0
    [16,A]->turns_left:0
    [17,P]->attached?:F, support_life?:F, visited?:F, turns_left:0
    [18,P]->attached?:F, support_life?:F, visited?:F, turns_left:0
    [19,P]->attached?:F, support_life?:F, visited?:F, turns_left:2
    [20,A]->turns_left:1
    [21,P]->attached?:F, support_life?:F, visited?:F, turns_left:1
    [22,P]->attached?:F, support_life?:F, visited?:F, turns_left:2
    [23,B]->fuel:1/3, actions_left_until_reproduction:0/1, turns_left:0
    [24,A]->turns_left:0
    [25,P]->attached?:F, support_life?:F, visited?:F, turns_left:0
    [26,P]->attached?:T, support_life?:T, visited?:F, turns_left:N/A
    [27,P]->attached?:T, support_life?:T, visited?:F, turns_left:N/A
    [29,A]->turns_left:0
    [30,J]->fuel:5/5, load:0/2, actions_left_until_reproduction:2/2, turns_left:0
  Deaths This Turn:
    [7,M]->fuel:1/3, actions_left_until_reproduction:0/1, turns_left:N/A,
      Malevolent got devoured by blackhole (id: -1) at Sector:3:3
    (1:1)  (1:2)  (1:3)  (1:4)  (1:5)  
    ----   P-YP   EM--   ----   W---   
    (2:1)  (2:2)  (2:3)  (2:4)  (2:5)  
    AP--   -YP-   ---W   A---   PAP*   
    (3:1)  (3:2)  (3:3)  (3:4)  (3:5)  
    -PA-   PP--   O---   WPP-   -W--   
    (4:1)  (4:2)  (4:3)  (4:4)  (4:5)  
    P-A-   ----   P---   ----   ----   
    (5:1)  (5:2)  (5:3)  (5:4)  (5:5)  
    ----   PYPP   --W-   -YA-   AJPB   
->move(N)
  state:4.0, mode:test, ok
  Movement:
    [0,E]:[1,3,1]->[5,3,1]
    [3,M]:[1,3,2]
      reproduced [31,M] at [1,3,1]
    [6,A]:[5,4,3]->[1,3,3]
      destroyed [3,M] at [1,3,2]
      destroyed [31,M] at [1,3,1]
    [12,A]:[2,5,2]->[3,4,4]
    [15,P]:[3,1,2]->[4,2,1]
    [16,A]:[2,1,1]->[2,2,1]
    [17,P]:[2,1,2]->[3,5,1]
    [18,P]:[4,1,1]->[4,5,1]
    [23,B]:[5,5,4]->[5,4,1]
      reproduced [32,B] at [5,4,3]
    [24,A]:[4,1,3]->[3,1,1]
    [29,A]:[5,5,1]->[4,5,2]
    [30,J]:[5,5,2]->[1,4,1]
  Sectors:
    [1,1]->-,-,-,-
    [1,2]->[2,P],-,[-11,Y],[4,P]
    [1,3]->-,-,[6,A],-
    [1,4]->[30,J],-,-,-
    [1,5]->[-3,W],-,-,-
    [2,1]->-,-,-,-
    [2,2]->[16,A],[-9,Y],[5,P],-
    [2,3]->-,-,-,[-4,W]
    [2,4]->[10,A],-,-,-
    [2,5]->[11,P],-,[13,P],[-7,*]
    [3,1]->[24,A],-,[20,A],-
    [3,2]->[21,P],[19,P],-,-
    [3,3]->[-1,O],-,-,-
    [3,4]->[-6,W],[8,P],[22,P],[12,A]
    [3,5]->[17,P],[-10,W],-,-
    [4,1]->-,-,-,-
    [4,2]->[15,P],-,-,-
    [4,3]->[9,P],-,-,-
    [4,4]->-,-,-,-
    [4,5]->[18,P],[29,A],-,-
    [5,1]->-,-,-,-
    [5,2]->[25,P],[-8,Y],[26,P],[27,P]
    [5,3]->[0,E],-,[-5,W],-
    [5,4]->[23,B],[-2,Y],[32,B],-
    [5,5]->-,-,[1,P],-
  Descriptions:
    [-11,Y]->Luminosity:2
    [-10,W]->
    [-9,Y]->Luminosity:2
    [-8,Y]->Luminosity:2
    [-7,*]->Luminosity:5
    [-6,W]->
    [-5,W]->
    [-4,W]->
    [-3,W]->
    [-2,Y]->Luminosity:2
    [-1,O]->
    [0,E]->fuel:1/3, life:2/3, landed?:F
    [1,P]->attached?:F, support_life?:F, visited?:F, turns_left:0
    [2,P]->attached?:T, support_life?:F, visited?:F, turns_left:N/A
    [4,P]->attached?:T, support_life?:T, visited?:F, turns_left:N/A
    [5,P]->attached?:T, support_life?:T, visited?:F, turns_left:N/A
    [6,A]->turns_left:1
    [8,P]->attached?:F, support_life?:F, visited?:F, turns_left:0
    [9,P]->attached?:F, support_life?:F, visited?:F, turns_left:0
    [10,A]->turns_left:0
    [11,P]->attached?:T, support_life?:F, visited?:F, turns_left:N/A
    [12,A]->turns_left:1
    [13,P]->attached?:T, support_life?:F, visited?:F, turns_left:N/A
    [15,P]->attached?:F, support_life?:F, visited?:F, turns_left:1
    [16,A]->turns_left:2
    [17,P]->attached?:F, support_life?:F, visited?:F, turns_left:1
    [18,P]->attached?:F, support_life?:F, visited?:F, turns_left:0
    [19,P]->attached?:F, support_life?:F, visited?:F, turns_left:1
    [20,A]->turns_left:0
    [21,P]->attached?:F, support_life?:F, visited?:F, turns_left:0
    [22,P]->attached?:F, support_life?:F, visited?:F, turns_left:1
    [23,B]->fuel:2/3, actions_left_until_reproduction:1/1, turns_left:1
    [24,A]->turns_left:0
    [25,P]->attached?:T, support_life?:F, visited?:F, turns_left:N/A
    [26,P]->attached?:T, support_life?:T, visited?:F, turns_left:N/A
    [27,P]->attached?:T, support_life?:T, visited?:F, turns_left:N/A
    [29,A]->turns_left:2
    [30,J]->fuel:4/5, load:0/2, actions_left_until_reproduction:1/2, turns_left:1
    [32,B]->fuel:3/3, actions_left_until_reproduction:1/1, turns_left:2
  Deaths This Turn:
    [3,M]->fuel:2/3, actions_left_until_reproduction:1/1, turns_left:N/A,
      Malevolent got destroyed by asteroid (id: 6) at Sector:1:3
    [31,M]->fuel:3/3, actions_left_until_reproduction:1/1, turns_left:N/A,
      Malevolent got destroyed by asteroid (id: 6) at Sector:1:3
    (1:1)  (1:2)  (1:3)  (1:4)  (1:5)  
    ----   P-YP   --A-   J---   W---   
    (2:1)  (2:2)  (2:3)  (2:4)  (2:5)  
    ----   AYP-   ---W   A---   P-P*   
    (3:1)  (3:2)  (3:3)  (3:4)  (3:5)  
    A-A-   PP--   O---   WPPA   PW--   
    (4:1)  (4:2)  (4:3)  (4:4)  (4:5)  
    ----   P---   P---   ----   PA--   
    (5:1)  (5:2)  (5:3)  (5:4)  (5:5)  
    ----   PYPP   E-W-   BYB-   --P-   
->wormhole
  state:5.0, mode:test, ok
  Movement:
    [0,E]:[5,3,1]->[2,1,1]
    [1,P]:[5,5,3]->[1,1,1]
    [8,P]:[3,4,2]->[3,5,3]
    [9,P]:[4,3,1]->[3,3,2]
    [10,A]:[2,4,1]->[1,3,1]
    [18,P]:[4,5,1]->[3,1,2]
    [20,A]:[3,1,3]->[4,2,2]
    [21,P]:[3,2,1]->[2,2,4]
    [24,A]:[3,1,1]->[3,5,4]
  Sectors:
    [1,1]->[1,P],-,-,-
    [1,2]->[2,P],-,[-11,Y],[4,P]
    [1,3]->[10,A],-,[6,A],-
    [1,4]->[30,J],-,-,-
    [1,5]->[-3,W],-,-,-
    [2,1]->[0,E],-,-,-
    [2,2]->[16,A],[-9,Y],[5,P],[21,P]
    [2,3]->-,-,-,[-4,W]
    [2,4]->-,-,-,-
    [2,5]->[11,P],-,[13,P],[-7,*]
    [3,1]->-,[18,P],-,-
    [3,2]->-,[19,P],-,-
    [3,3]->[-1,O],-,-,-
    [3,4]->[-6,W],-,[22,P],[12,A]
    [3,5]->[17,P],[-10,W],[8,P],[24,A]
    [4,1]->-,-,-,-
    [4,2]->[15,P],[20,A],-,-
    [4,3]->-,-,-,-
    [4,4]->-,-,-,-
    [4,5]->-,[29,A],-,-
    [5,1]->-,-,-,-
    [5,2]->[25,P],[-8,Y],[26,P],[27,P]
    [5,3]->-,-,[-5,W],-
    [5,4]->[23,B],[-2,Y],[32,B],-
    [5,5]->-,-,-,-
  Descriptions:
    [-11,Y]->Luminosity:2
    [-10,W]->
    [-9,Y]->Luminosity:2
    [-8,Y]->Luminosity:2
    [-7,*]->Luminosity:5
    [-6,W]->
    [-5,W]->
    [-4,W]->
    [-3,W]->
    [-2,Y]->Luminosity:2
    [-1,O]->
    [0,E]->fuel:1/3, life:2/3, landed?:F
    [1,P]->attached?:F, support_life?:F, visited?:F, turns_left:0
    [2,P]->attached?:T, support_life?:F, visited?:F, turns_left:N/A
    [4,P]->attached?:T, support_life?:T, visited?:F, turns_left:N/A
    [5,P]->attached?:T, support_life?:T, visited?:F, turns_left:N/A
    [6,A]->turns_left:0
    [8,P]->attached?:F, support_life?:F, visited?:F, turns_left:2
    [10,A]->turns_left:0
    [11,P]->attached?:T, support_life?:F, visited?:F, turns_left:N/A
    [12,A]->turns_left:0
    [13,P]->attached?:T, support_life?:F, visited?:F, turns_left:N/A
    [15,P]->attached?:F, support_life?:F, visited?:F, turns_left:0
    [16,A]->turns_left:1
    [17,P]->attached?:F, support_life?:F, visited?:F, turns_left:0
    [18,P]->attached?:F, support_life?:F, visited?:F, turns_left:0
    [19,P]->attached?:F, support_life?:F, visited?:F, turns_left:0
    [20,A]->turns_left:1
    [21,P]->attached?:T, support_life?:F, visited?:F, turns_left:N/A
    [22,P]->attached?:F, support_life?:F, visited?:F, turns_left:0
    [23,B]->fuel:2/3, actions_left_until_reproduction:1/1, turns_left:0
    [24,A]->turns_left:1
    [25,P]->attached?:T, support_life?:F, visited?:F, turns_left:N/A
    [26,P]->attached?:T, support_life?:T, visited?:F, turns_left:N/A
    [27,P]->attached?:T, support_life?:T, visited?:F, turns_left:N/A
    [29,A]->turns_left:1
    [30,J]->fuel:4/5, load:0/2, actions_left_until_reproduction:1/2, turns_left:0
    [32,B]->fuel:3/3, actions_left_until_reproduction:1/1, turns_left:1
  Deaths This Turn:
    [9,P]->attached?:F, support_life?:F, visited?:F, turns_left:N/A,
      Planet got devoured by blackhole (id: -1) at Sector:3:3
    (1:1)  (1:2)  (1:3)  (1:4)  (1:5)  
    P---   P-YP   A-A-   J---   W---   
    (2:1)  (2:2)  (2:3)  (2:4)  (2:5)  
    E---   AYPP   ---W   ----   P-P*   
    (3:1)  (3:2)  (3:3)  (3:4)  (3:5)  
    -P--   -P--   O---   W-PA   PWPA   
    (4:1)  (4:2)  (4:3)  (4:4)  (4:5)  
    ----   PA--   ----   ----   -A--   
    (5:1)  (5:2)  (5:3)  (5:4)  (5:5)  
    ----   PYPP   --W-   BYB-   ----   
->move(NE)
  state:6.0, mode:test, ok
  Movement:
    [0,E]:[2,1,1]->[1,2,2]
    [1,P]:[1,1,1]->[5,1,1]
    [6,A]:[1,3,3]
    [10,A]:[1,3,1]->[5,4,4]
      destroyed [23,B] at [5,4,1]
      destroyed [32,B] at [5,4,3]
    [12,A]:[3,4,4]->[4,4,1]
    [15,P]:[4,2,1]->[4,1,1]
    [17,P]:[3,5,1]->[2,5,2]
    [18,P]:[3,1,2]
    [19,P]:[3,2,2]->[4,2,1]
    [22,P]:[3,4,3]
    [30,J]:[1,4,1]->[2,3,1]
  Sectors:
    [1,1]->-,-,-,-
    [1,2]->[2,P],[0,E],[-11,Y],[4,P]
    [1,3]->-,-,[6,A],-
    [1,4]->-,-,-,-
    [1,5]->[-3,W],-,-,-
    [2,1]->-,-,-,-
    [2,2]->[16,A],[-9,Y],[5,P],[21,P]
    [2,3]->[30,J],-,-,[-4,W]
    [2,4]->-,-,-,-
    [2,5]->[11,P],[17,P],[13,P],[-7,*]
    [3,1]->-,[18,P],-,-
    [3,2]->-,-,-,-
    [3,3]->[-1,O],-,-,-
    [3,4]->[-6,W],-,[22,P],-
    [3,5]->-,[-10,W],[8,P],[24,A]
    [4,1]->[15,P],-,-,-
    [4,2]->[19,P],[20,A],-,-
    [4,3]->-,-,-,-
    [4,4]->[12,A],-,-,-
    [4,5]->-,[29,A],-,-
    [5,1]->[1,P],-,-,-
    [5,2]->[25,P],[-8,Y],[26,P],[27,P]
    [5,3]->-,-,[-5,W],-
    [5,4]->-,[-2,Y],-,[10,A]
    [5,5]->-,-,-,-
  Descriptions:
    [-11,Y]->Luminosity:2
    [-10,W]->
    [-9,Y]->Luminosity:2
    [-8,Y]->Luminosity:2
    [-7,*]->Luminosity:5
    [-6,W]->
    [-5,W]->
    [-4,W]->
    [-3,W]->
    [-2,Y]->Luminosity:2
    [-1,O]->
    [0,E]->fuel:2/3, life:2/3, landed?:F
    [1,P]->attached?:F, support_life?:F, visited?:F, turns_left:1
    [2,P]->attached?:T, support_life?:F, visited?:F, turns_left:N/A
    [4,P]->attached?:T, support_life?:T, visited?:F, turns_left:N/A
    [5,P]->attached?:T, support_life?:T, visited?:F, turns_left:N/A
    [6,A]->turns_left:1
    [8,P]->attached?:F, support_life?:F, visited?:F, turns_left:1
    [10,A]->turns_left:2
    [11,P]->attached?:T, support_life?:F, visited?:F, turns_left:N/A
    [12,A]->turns_left:2
    [13,P]->attached?:T, support_life?:F, visited?:F, turns_left:N/A
    [15,P]->attached?:F, support_life?:F, visited?:F, turns_left:1
    [16,A]->turns_left:0
    [17,P]->attached?:T, support_life?:F, visited?:F, turns_left:N/A
    [18,P]->attached?:F, support_life?:F, visited?:F, turns_left:1
    [19,P]->attached?:F, support_life?:F, visited?:F, turns_left:1
    [20,A]->turns_left:0
    [21,P]->attached?:T, support_life?:F, visited?:F, turns_left:N/A
    [22,P]->attached?:F, support_life?:F, visited?:F, turns_left:0
    [24,A]->turns_left:0
    [25,P]->attached?:T, support_life?:F, visited?:F, turns_left:N/A
    [26,P]->attached?:T, support_life?:T, visited?:F, turns_left:N/A
    [27,P]->attached?:T, support_life?:T, visited?:F, turns_left:N/A
    [29,A]->turns_left:0
    [30,J]->fuel:3/5, load:0/2, actions_left_until_reproduction:0/2, turns_left:0
  Deaths This Turn:
    [23,B]->fuel:2/3, actions_left_until_reproduction:1/1, turns_left:N/A,
      Benign got destroyed by asteroid (id: 10) at Sector:5:4
    [32,B]->fuel:3/3, actions_left_until_reproduction:1/1, turns_left:N/A,
      Benign got destroyed by asteroid (id: 10) at Sector:5:4
    (1:1)  (1:2)  (1:3)  (1:4)  (1:5)  
    ----   PEYP   --A-   ----   W---   
    (2:1)  (2:2)  (2:3)  (2:4)  (2:5)  
    ----   AYPP   J--W   ----   PPP*   
    (3:1)  (3:2)  (3:3)  (3:4)  (3:5)  
    -P--   ----   O---   W-P-   -WPA   
    (4:1)  (4:2)  (4:3)  (4:4)  (4:5)  
    P---   PA--   ----   A---   -A--   
    (5:1)  (5:2)  (5:3)  (5:4)  (5:5)  
    P---   PYPP   --W-   -Y-A   ----   
->land
  state:7.0, mode:test, ok
  Explorer found no life as we know it at Sector:1:2
  Movement:
    [16,A]:[2,2,1]->[2,1,1]
    [20,A]:[4,2,2]->[5,1,2]
    [22,P]:[3,4,3]->[4,5,1]
    [24,A]:[3,5,4]->[2,4,1]
    [29,A]:[4,5,2]->[5,4,1]
    [30,J]:[2,3,1]->[2,2,1]
  Sectors:
    [1,1]->-,-,-,-
    [1,2]->[2,P],[0,E],[-11,Y],[4,P]
    [1,3]->-,-,[6,A],-
    [1,4]->-,-,-,-
    [1,5]->[-3,W],-,-,-
    [2,1]->[16,A],-,-,-
    [2,2]->[30,J],[-9,Y],[5,P],[21,P]
    [2,3]->-,-,-,[-4,W]
    [2,4]->[24,A],-,-,-
    [2,5]->[11,P],[17,P],[13,P],[-7,*]
    [3,1]->-,[18,P],-,-
    [3,2]->-,-,-,-
    [3,3]->[-1,O],-,-,-
    [3,4]->[-6,W],-,-,-
    [3,5]->-,[-10,W],[8,P],-
    [4,1]->[15,P],-,-,-
    [4,2]->[19,P],-,-,-
    [4,3]->-,-,-,-
    [4,4]->[12,A],-,-,-
    [4,5]->[22,P],-,-,-
    [5,1]->[1,P],[20,A],-,-
    [5,2]->[25,P],[-8,Y],[26,P],[27,P]
    [5,3]->-,-,[-5,W],-
    [5,4]->[29,A],[-2,Y],-,[10,A]
    [5,5]->-,-,-,-
  Descriptions:
    [-11,Y]->Luminosity:2
    [-10,W]->
    [-9,Y]->Luminosity:2
    [-8,Y]->Luminosity:2
    [-7,*]->Luminosity:5
    [-6,W]->
    [-5,W]->
    [-4,W]->
    [-3,W]->
    [-2,Y]->Luminosity:2
    [-1,O]->
    [0,E]->fuel:3/3, life:2/3, landed?:T
    [1,P]->attached?:F, support_life?:F, visited?:F, turns_left:0
    [2,P]->attached?:T, support_life?:F, visited?:T, turns_left:N/A
    [4,P]->attached?:T, support_life?:T, visited?:F, turns_left:N/A
    [5,P]->attached?:T, support_life?:T, visited?:F, turns_left:N/A
    [6,A]->turns_left:0
    [8,P]->attached?:F, support_life?:F, visited?:F, turns_left:0
    [10,A]->turns_left:1
    [11,P]->attached?:T, support_life?:F, visited?:F, turns_left:N/A
    [12,A]->turns_left:1
    [13,P]->attached?:T, support_life?:F, visited?:F, turns_left:N/A
    [15,P]->attached?:F, support_life?:F, visited?:F, turns_left:0
    [16,A]->turns_left:2
    [17,P]->attached?:T, support_life?:F, visited?:F, turns_left:N/A
    [18,P]->attached?:F, support_life?:F, visited?:F, turns_left:0
    [19,P]->attached?:F, support_life?:F, visited?:F, turns_left:0
    [20,A]->turns_left:1
    [21,P]->attached?:T, support_life?:F, visited?:F, turns_left:N/A
    [22,P]->attached?:F, support_life?:F, visited?:F, turns_left:2
    [24,A]->turns_left:0
    [25,P]->attached?:T, support_life?:F, visited?:F, turns_left:N/A
    [26,P]->attached?:T, support_life?:T, visited?:F, turns_left:N/A
    [27,P]->attached?:T, support_life?:T, visited?:F, turns_left:N/A
    [29,A]->turns_left:2
    [30,J]->fuel:4/5, load:0/2, actions_left_until_reproduction:0/2, turns_left:1
  Deaths This Turn:none
    (1:1)  (1:2)  (1:3)  (1:4)  (1:5)  
    ----   PEYP   --A-   ----   W---   
    (2:1)  (2:2)  (2:3)  (2:4)  (2:5)  
    A---   JYPP   ---W   A---   PPP*   
    (3:1)  (3:2)  (3:3)  (3:4)  (3:5)  
    -P--   ----   O---   W---   -WP-   
    (4:1)  (4:2)  (4:3)  (4:4)  (4:5)  
    P---   P---   ----   A---   P---   
    (5:1)  (5:2)  (5:3)  (5:4)  (5:5)  
    PA--   PYPP   --W-   AY-A   ----   
->liftoff
  state:8.0, mode:test, ok
  Explorer has lifted off from planet at Sector:1:2
  Movement:
    [1,P]:[5,1,1]
    [6,A]:[1,3,3]
    [8,P]:[3,5,3]
    [15,P]:[4,1,1]->[4,2,2]
    [18,P]:[3,1,2]->[4,2,3]
    [19,P]:[4,2,1]->[3,2,1]
    [24,A]:[2,4,1]->[1,4,1]
  Sectors:
    [1,1]->-,-,-,-
    [1,2]->[2,P],[0,E],[-11,Y],[4,P]
    [1,3]->-,-,[6,A],-
    [1,4]->[24,A],-,-,-
    [1,5]->[-3,W],-,-,-
    [2,1]->[16,A],-,-,-
    [2,2]->[30,J],[-9,Y],[5,P],[21,P]
    [2,3]->-,-,-,[-4,W]
    [2,4]->-,-,-,-
    [2,5]->[11,P],[17,P],[13,P],[-7,*]
    [3,1]->-,-,-,-
    [3,2]->[19,P],-,-,-
    [3,3]->[-1,O],-,-,-
    [3,4]->[-6,W],-,-,-
    [3,5]->-,[-10,W],[8,P],-
    [4,1]->-,-,-,-
    [4,2]->-,[15,P],[18,P],-
    [4,3]->-,-,-,-
    [4,4]->[12,A],-,-,-
    [4,5]->[22,P],-,-,-
    [5,1]->[1,P],[20,A],-,-
    [5,2]->[25,P],[-8,Y],[26,P],[27,P]
    [5,3]->-,-,[-5,W],-
    [5,4]->[29,A],[-2,Y],-,[10,A]
    [5,5]->-,-,-,-
  Descriptions:
    [-11,Y]->Luminosity:2
    [-10,W]->
    [-9,Y]->Luminosity:2
    [-8,Y]->Luminosity:2
    [-7,*]->Luminosity:5
    [-6,W]->
    [-5,W]->
    [-4,W]->
    [-3,W]->
    [-2,Y]->Luminosity:2
    [-1,O]->
    [0,E]->fuel:3/3, life:2/3, landed?:F
    [1,P]->attached?:F, support_life?:F, visited?:F, turns_left:0
    [2,P]->attached?:T, support_life?:F, visited?:T, turns_left:N/A
    [4,P]->attached?:T, support_life?:T, visited?:F, turns_left:N/A
    [5,P]->attached?:T, support_life?:T, visited?:F, turns_left:N/A
    [6,A]->turns_left:0
    [8,P]->attached?:F, support_life?:F, visited?:F, turns_left:0
    [10,A]->turns_left:0
    [11,P]->attached?:T, support_life?:F, visited?:F, turns_left:N/A
    [12,A]->turns_left:0
    [13,P]->attached?:T, support_life?:F, visited?:F, turns_left:N/A
    [15,P]->attached?:F, support_life?:F, visited?:F, turns_left:1
    [16,A]->turns_left:1
    [17,P]->attached?:T, support_life?:F, visited?:F, turns_left:N/A
    [18,P]->attached?:F, support_life?:F, visited?:F, turns_left:1
    [19,P]->attached?:F, support_life?:F, visited?:F, turns_left:2
    [20,A]->turns_left:0
    [21,P]->attached?:T, support_life?:F, visited?:F, turns_left:N/A
    [22,P]->attached?:F, support_life?:F, visited?:F, turns_left:1
    [24,A]->turns_left:1
    [25,P]->attached?:T, support_life?:F, visited?:F, turns_left:N/A
    [26,P]->attached?:T, support_life?:T, visited?:F, turns_left:N/A
    [27,P]->attached?:T, support_life?:T, visited?:F, turns_left:N/A
    [29,A]->turns_left:1
    [30,J]->fuel:4/5, load:0/2, actions_left_until_reproduction:0/2, turns_left:0
  Deaths This Turn:none
    (1:1)  (1:2)  (1:3)  (1:4)  (1:5)  
    ----   PEYP   --A-   A---   W---   
    (2:1)  (2:2)  (2:3)  (2:4)  (2:5)  
    A---   JYPP   ---W   ----   PPP*   
    (3:1)  (3:2)  (3:3)  (3:4)  (3:5)  
    ----   P---   O---   W---   -WP-   
    (4:1)  (4:2)  (4:3)  (4:4)  (4:5)  
    ----   -PP-   ----   A---   P---   
    (5:1)  (5:2)  (5:3)  (5:4)  (5:5)  
    PA--   PYPP   --W-   AY-A   ----   
->land
  state:9.0, mode:test, ok
  Tranquility base here - we've got a life!
