  state:0.0, ok
  Welcome! Try test(3,5,7,15,30)
->test(5,10,30,31,50)
  state:1.0, mode:test, ok
  Movement:none
  Sectors:
    [1,1]->[0,E],-,-,-
    [1,2]->[1,P],[2,P],[-4,*],-
    [1,3]->-,-,-,-
    [1,4]->[3,P],-,-,-
    [1,5]->[4,M],-,-,-
    [2,1]->-,-,-,-
    [2,2]->[-10,*],-,-,-
    [2,3]->[5,P],-,-,-
    [2,4]->[6,M],[7,J],[-11,W],-
    [2,5]->[8,M],[9,P],-,-
    [3,1]->[10,M],[-2,Y],-,-
    [3,2]->[11,P],[-7,*],-,-
    [3,3]->[-1,O],-,-,-
    [3,4]->[12,J],-,-,-
    [3,5]->[13,M],-,-,-
    [4,1]->[14,M],-,-,-
    [4,2]->[15,P],[-3,*],-,-
    [4,3]->[16,M],[17,P],-,-
    [4,4]->-,-,-,-
    [4,5]->[-8,W],-,-,-
    [5,1]->[-6,Y],-,-,-
    [5,2]->[18,M],-,-,-
    [5,3]->[-9,Y],-,-,-
    [5,4]->[19,B],[20,P],[21,J],-
    [5,5]->[-5,W],-,-,-
  Descriptions:
    [-11,W]->
    [-10,*]->Luminosity:5
    [-9,Y]->Luminosity:2
    [-8,W]->
    [-7,*]->Luminosity:5
    [-6,Y]->Luminosity:2
    [-5,W]->
    [-4,*]->Luminosity:5
    [-3,*]->Luminosity:5
    [-2,Y]->Luminosity:2
    [-1,O]->
    [0,E]->fuel:3/3, life:3/3, landed?:F
    [1,P]->attached?:F, support_life?:F, visited?:F, turns_left:1
    [2,P]->attached?:F, support_life?:F, visited?:F, turns_left:0
    [3,P]->attached?:F, support_life?:F, visited?:F, turns_left:0
    [4,M]->fuel:3/3, actions_left_until_reproduction:1/1, turns_left:0
    [5,P]->attached?:F, support_life?:F, visited?:F, turns_left:0
    [6,M]->fuel:3/3, actions_left_until_reproduction:1/1, turns_left:2
    [7,J]->fuel:5/5, load:0/2, actions_left_until_reproduction:2/2, turns_left:2
    [8,M]->fuel:3/3, actions_left_until_reproduction:1/1, turns_left:1
    [9,P]->attached?:F, support_life?:F, visited?:F, turns_left:1
    [10,M]->fuel:3/3, actions_left_until_reproduction:1/1, turns_left:2
    [11,P]->attached?:F, support_life?:F, visited?:F, turns_left:2
    [12,J]->fuel:5/5, load:0/2, actions_left_until_reproduction:2/2, turns_left:2
    [13,M]->fuel:3/3, actions_left_until_reproduction:1/1, turns_left:0
    [14,M]->fuel:3/3, actions_left_until_reproduction:1/1, turns_left:1
    [15,P]->attached?:F, support_life?:F, visited?:F, turns_left:2
    [16,M]->fuel:3/3, actions_left_until_reproduction:1/1, turns_left:1
    [17,P]->attached?:F, support_life?:F, visited?:F, turns_left:1
    [18,M]->fuel:3/3, actions_left_until_reproduction:1/1, turns_left:2
    [19,B]->fuel:3/3, actions_left_until_reproduction:1/1, turns_left:2
    [20,P]->attached?:F, support_life?:F, visited?:F, turns_left:1
    [21,J]->fuel:5/5, load:0/2, actions_left_until_reproduction:2/2, turns_left:2
  Deaths This Turn:none
    (1:1)  (1:2)  (1:3)  (1:4)  (1:5)  
    E---   PP*-   ----   P---   M---   
    (2:1)  (2:2)  (2:3)  (2:4)  (2:5)  
    ----   *---   P---   MJW-   MP--   
    (3:1)  (3:2)  (3:3)  (3:4)  (3:5)  
    MY--   P*--   O---   J---   M---   
    (4:1)  (4:2)  (4:3)  (4:4)  (4:5)  
    M---   P*--   MP--   ----   W---   
    (5:1)  (5:2)  (5:3)  (5:4)  (5:5)  
    Y---   M---   Y---   BPJ-   W---   
->move(E)
  state:2.0, mode:test, ok
  Movement:
    [0,E]:[1,1,1]->[1,2,4]
    [3,P]:[1,4,1]->[1,5,2]
    [4,M]:[1,5,1]->[2,5,3]
    [5,P]:[2,3,1]->[1,3,1]
    [13,M]:[3,5,1]->[3,1,3]
  Sectors:
    [1,1]->-,-,-,-
    [1,2]->[1,P],[2,P],[-4,*],[0,E]
    [1,3]->[5,P],-,-,-
    [1,4]->-,-,-,-
    [1,5]->-,[3,P],-,-
    [2,1]->-,-,-,-
    [2,2]->[-10,*],-,-,-
    [2,3]->-,-,-,-
    [2,4]->[6,M],[7,J],[-11,W],-
    [2,5]->[8,M],[9,P],[4,M],-
    [3,1]->[10,M],[-2,Y],[13,M],-
    [3,2]->[11,P],[-7,*],-,-
    [3,3]->[-1,O],-,-,-
    [3,4]->[12,J],-,-,-
    [3,5]->-,-,-,-
    [4,1]->[14,M],-,-,-
    [4,2]->[15,P],[-3,*],-,-
    [4,3]->[16,M],[17,P],-,-
    [4,4]->-,-,-,-
    [4,5]->[-8,W],-,-,-
    [5,1]->[-6,Y],-,-,-
    [5,2]->[18,M],-,-,-
    [5,3]->[-9,Y],-,-,-
    [5,4]->[19,B],[20,P],[21,J],-
    [5,5]->[-5,W],-,-,-
  Descriptions:
    [-11,W]->
    [-10,*]->Luminosity:5
    [-9,Y]->Luminosity:2
    [-8,W]->
    [-7,*]->Luminosity:5
    [-6,Y]->Luminosity:2
    [-5,W]->
    [-4,*]->Luminosity:5
    [-3,*]->Luminosity:5
    [-2,Y]->Luminosity:2
    [-1,O]->
    [0,E]->fuel:3/3, life:3/3, landed?:F
    [1,P]->attached?:F, support_life?:F, visited?:F, turns_left:0
    [2,P]->attached?:T, support_life?:F, visited?:F, turns_left:N/A
    [3,P]->attached?:F, support_life?:F, visited?:F, turns_left:0
    [4,M]->fuel:2/3, actions_left_until_reproduction:0/1, turns_left:1
    [5,P]->attached?:F, support_life?:F, visited?:F, turns_left:1
    [6,M]->fuel:3/3, actions_left_until_reproduction:1/1, turns_left:1
    [7,J]->fuel:5/5, load:0/2, actions_left_until_reproduction:2/2, turns_left:1
    [8,M]->fuel:3/3, actions_left_until_reproduction:1/1, turns_left:0
    [9,P]->attached?:F, support_life?:F, visited?:F, turns_left:0
    [10,M]->fuel:3/3, actions_left_until_reproduction:1/1, turns_left:1
    [11,P]->attached?:F, support_life?:F, visited?:F, turns_left:1
    [12,J]->fuel:5/5, load:0/2, actions_left_until_reproduction:2/2, turns_left:1
    [13,M]->fuel:3/3, actions_left_until_reproduction:0/1, turns_left:0
    [14,M]->fuel:3/3, actions_left_until_reproduction:1/1, turns_left:0
    [15,P]->attached?:F, support_life?:F, visited?:F, turns_left:1
    [16,M]->fuel:3/3, actions_left_until_reproduction:1/1, turns_left:0
    [17,P]->attached?:F, support_life?:F, visited?:F, turns_left:0
    [18,M]->fuel:3/3, actions_left_until_reproduction:1/1, turns_left:1
    [19,B]->fuel:3/3, actions_left_until_reproduction:1/1, turns_left:1
    [20,P]->attached?:F, support_life?:F, visited?:F, turns_left:0
    [21,J]->fuel:5/5, load:0/2, actions_left_until_reproduction:2/2, turns_left:1
  Deaths This Turn:none
    (1:1)  (1:2)  (1:3)  (1:4)  (1:5)  
    ----   PP*E   P---   ----   -P--   
    (2:1)  (2:2)  (2:3)  (2:4)  (2:5)  
    ----   *---   ----   MJW-   MPM-   
    (3:1)  (3:2)  (3:3)  (3:4)  (3:5)  
    MYM-   P*--   O---   J---   ----   
    (4:1)  (4:2)  (4:3)  (4:4)  (4:5)  
    M---   P*--   MP--   ----   W---   
    (5:1)  (5:2)  (5:3)  (5:4)  (5:5)  
    Y---   M---   Y---   BPJ-   W---   
->move(S)
  state:3.0, mode:test, ok
  Movement:
    [0,E]:[1,2,4]->[2,2,2]
    [3,P]:[1,5,2]->[1,4,1]
    [8,M]:[2,5,1]->[1,4,2]
    [9,P]:[2,5,2]->[1,4,3]
    [13,M]:[3,1,3]->[4,5,2]
      reproduced [22,M] at [4,5,3]
    [14,M]:[4,1,1]->[5,5,2]
    [16,M]:[4,3,1]->[3,2,3]
    [17,P]:[4,3,2]->[3,4,2]
    [20,P]:[5,4,2]->[4,3,1]
  Sectors:
    [1,1]->-,-,-,-
    [1,2]->[1,P],[2,P],[-4,*],-
    [1,3]->[5,P],-,-,-
    [1,4]->[3,P],[8,M],[9,P],-
    [1,5]->-,-,-,-
    [2,1]->-,-,-,-
    [2,2]->[-10,*],[0,E],-,-
    [2,3]->-,-,-,-
    [2,4]->[6,M],[7,J],[-11,W],-
    [2,5]->-,-,[4,M],-
    [3,1]->[10,M],[-2,Y],-,-
    [3,2]->[11,P],[-7,*],[16,M],-
    [3,3]->[-1,O],-,-,-
    [3,4]->[12,J],[17,P],-,-
    [3,5]->-,-,-,-
    [4,1]->-,-,-,-
    [4,2]->[15,P],[-3,*],-,-
    [4,3]->[20,P],-,-,-
    [4,4]->-,-,-,-
    [4,5]->[-8,W],[13,M],[22,M],-
    [5,1]->[-6,Y],-,-,-
    [5,2]->[18,M],-,-,-
    [5,3]->[-9,Y],-,-,-
    [5,4]->[19,B],-,[21,J],-
    [5,5]->[-5,W],[14,M],-,-
  Descriptions:
    [-11,W]->
    [-10,*]->Luminosity:5
    [-9,Y]->Luminosity:2
    [-8,W]->
    [-7,*]->Luminosity:5
    [-6,Y]->Luminosity:2
    [-5,W]->
    [-4,*]->Luminosity:5
    [-3,*]->Luminosity:5
    [-2,Y]->Luminosity:2
    [-1,O]->
    [0,E]->fuel:3/3, life:3/3, landed?:F
    [1,P]->attached?:T, support_life?:F, visited?:F, turns_left:N/A
    [2,P]->attached?:T, support_life?:F, visited?:F, turns_left:N/A
    [3,P]->attached?:F, support_life?:F, visited?:F, turns_left:2
    [4,M]->fuel:2/3, actions_left_until_reproduction:0/1, turns_left:0
    [5,P]->attached?:F, support_life?:F, visited?:F, turns_left:0
    [6,M]->fuel:3/3, actions_left_until_reproduction:1/1, turns_left:0
    [7,J]->fuel:5/5, load:0/2, actions_left_until_reproduction:2/2, turns_left:0
    [8,M]->fuel:2/3, actions_left_until_reproduction:0/1, turns_left:2
    [9,P]->attached?:F, support_life?:F, visited?:F, turns_left:0
    [10,M]->fuel:3/3, actions_left_until_reproduction:1/1, turns_left:0
    [11,P]->attached?:F, support_life?:F, visited?:F, turns_left:0
    [12,J]->fuel:5/5, load:0/2, actions_left_until_reproduction:2/2, turns_left:0
    [13,M]->fuel:2/3, actions_left_until_reproduction:1/1, turns_left:0
    [14,M]->fuel:2/3, actions_left_until_reproduction:0/1, turns_left:0
    [15,P]->attached?:F, support_life?:F, visited?:F, turns_left:0
    [16,M]->fuel:3/3, actions_left_until_reproduction:0/1, turns_left:1
    [17,P]->attached?:F, support_life?:F, visited?:F, turns_left:1
    [18,M]->fuel:3/3, actions_left_until_reproduction:1/1, turns_left:0
    [19,B]->fuel:3/3, actions_left_until_reproduction:1/1, turns_left:0
    [20,P]->attached?:F, support_life?:F, visited?:F, turns_left:2
    [21,J]->fuel:5/5, load:0/2, actions_left_until_reproduction:2/2, turns_left:0
    [22,M]->fuel:3/3, actions_left_until_reproduction:1/1, turns_left:0
  Deaths This Turn:none
    (1:1)  (1:2)  (1:3)  (1:4)  (1:5)  
    ----   PP*-   P---   PMP-   ----   
    (2:1)  (2:2)  (2:3)  (2:4)  (2:5)  
    ----   *E--   ----   MJW-   --M-   
    (3:1)  (3:2)  (3:3)  (3:4)  (3:5)  
    MY--   P*M-   O---   JP--   ----   
    (4:1)  (4:2)  (4:3)  (4:4)  (4:5)  
    ----   P*--   P---   ----   WMM-   
    (5:1)  (5:2)  (5:3)  (5:4)  (5:5)  
    Y---   M---   Y---   B-J-   WM--   
->move(S)
  state:4.0, mode:test, ok
  Movement:
    [0,E]:[2,2,2]->[3,2,4]
    [4,M]:[2,5,3]->[1,5,1]
      reproduced [23,M] at [1,5,2]
    [5,P]:[1,3,1]->[5,4,2]
    [6,M]:[2,4,1]->[5,3,2]
    [7,J]:[2,4,2]->[2,5,1]
    [9,P]:[1,4,3]->[1,5,3]
    [10,M]:[3,1,1]
    [12,J]:[3,4,1]->[4,4,1]
    [13,M]:[4,5,2]->[2,1,1]
    [14,M]:[5,5,2]->[5,2,2]
      reproduced [24,M] at [5,2,3]
    [18,M]:[5,2,1]->[5,1,2]
    [19,B]:[5,4,1]->[5,3,3]
      destroyed [6,M] at [5,3,2]
    [21,J]:[5,4,3]->[4,3,2]
    [22,M]:[4,5,3]->[2,4,1]
  Sectors:
    [1,1]->-,-,-,-
    [1,2]->[1,P],[2,P],[-4,*],-
    [1,3]->-,-,-,-
    [1,4]->[3,P],[8,M],-,-
    [1,5]->[4,M],[23,M],[9,P],-
    [2,1]->[13,M],-,-,-
    [2,2]->[-10,*],-,-,-
    [2,3]->-,-,-,-
    [2,4]->[22,M],-,[-11,W],-
    [2,5]->[7,J],-,-,-
    [3,1]->[10,M],[-2,Y],-,-
    [3,2]->[11,P],[-7,*],[16,M],[0,E]
    [3,3]->[-1,O],-,-,-
    [3,4]->-,[17,P],-,-
    [3,5]->-,-,-,-
    [4,1]->-,-,-,-
    [4,2]->[15,P],[-3,*],-,-
    [4,3]->[20,P],[21,J],-,-
    [4,4]->[12,J],-,-,-
    [4,5]->[-8,W],-,-,-
    [5,1]->[-6,Y],[18,M],-,-
    [5,2]->-,[14,M],[24,M],-
    [5,3]->[-9,Y],-,[19,B],-
    [5,4]->-,[5,P],-,-
    [5,5]->[-5,W],-,-,-
  Descriptions:
    [-11,W]->
    [-10,*]->Luminosity:5
    [-9,Y]->Luminosity:2
    [-8,W]->
    [-7,*]->Luminosity:5
    [-6,Y]->Luminosity:2
    [-5,W]->
    [-4,*]->Luminosity:5
    [-3,*]->Luminosity:5
    [-2,Y]->Luminosity:2
    [-1,O]->
    [0,E]->fuel:3/3, life:3/3, landed?:F
    [1,P]->attached?:T, support_life?:F, visited?:F, turns_left:N/A
    [2,P]->attached?:T, support_life?:F, visited?:F, turns_left:N/A
    [3,P]->attached?:F, support_life?:F, visited?:F, turns_left:1
    [4,M]->fuel:1/3, actions_left_until_reproduction:1/1, turns_left:2
    [5,P]->attached?:F, support_life?:F, visited?:F, turns_left:0
    [7,J]->fuel:4/5, load:0/2, actions_left_until_reproduction:1/2, turns_left:0
    [8,M]->fuel:2/3, actions_left_until_reproduction:0/1, turns_left:1
    [9,P]->attached?:F, support_life?:F, visited?:F, turns_left:2
    [10,M]->fuel:3/3, actions_left_until_reproduction:0/1, turns_left:2
    [11,P]->attached?:T, support_life?:F, visited?:F, turns_left:N/A
    [12,J]->fuel:4/5, load:0/2, actions_left_until_reproduction:1/2, turns_left:1
    [13,M]->fuel:2/3, actions_left_until_reproduction:0/1, turns_left:2
    [14,M]->fuel:2/3, actions_left_until_reproduction:1/1, turns_left:0
    [15,P]->attached?:T, support_life?:F, visited?:F, turns_left:N/A
    [16,M]->fuel:3/3, actions_left_until_reproduction:0/1, turns_left:0
    [17,P]->attached?:F, support_life?:F, visited?:F, turns_left:0
    [18,M]->fuel:3/3, actions_left_until_reproduction:0/1, turns_left:1
    [19,B]->fuel:3/3, actions_left_until_reproduction:0/1, turns_left:2
    [20,P]->attached?:F, support_life?:F, visited?:F, turns_left:1
    [21,J]->fuel:4/5, load:0/2, actions_left_until_reproduction:1/2, turns_left:2
    [22,M]->fuel:3/3, actions_left_until_reproduction:0/1, turns_left:1
    [23,M]->fuel:3/3, actions_left_until_reproduction:1/1, turns_left:2
    [24,M]->fuel:3/3, actions_left_until_reproduction:1/1, turns_left:0
  Deaths This Turn:
    [6,M]->fuel:3/3, actions_left_until_reproduction:0/1, turns_left:N/A,
      Malevolent got destroyed by benign (id: 19) at Sector:5:3
    (1:1)  (1:2)  (1:3)  (1:4)  (1:5)  
    ----   PP*-   ----   PM--   MMP-   
    (2:1)  (2:2)  (2:3)  (2:4)  (2:5)  
    M---   *---   ----   M-W-   J---   
    (3:1)  (3:2)  (3:3)  (3:4)  (3:5)  
    MY--   P*ME   O---   -P--   ----   
    (4:1)  (4:2)  (4:3)  (4:4)  (4:5)  
    ----   P*--   PJ--   J---   W---   
    (5:1)  (5:2)  (5:3)  (5:4)  (5:5)  
    YM--   -MM-   Y-B-   -P--   W---   
->move(S)
  state:5.0, mode:test, ok
  Movement:
    [0,E]:[3,2,4]->[4,2,3]
    [5,P]:[5,4,2]->[1,3,1]
    [7,J]:[2,5,1]->[3,1,3]
    [14,M]:[5,2,2]->[5,3,2]
    [16,M]:[3,2,3]->[4,1,1]
      reproduced [25,M] at [4,1,2]
    [17,P]:[3,4,2]->[4,3,3]
    [24,M]:[5,2,3]->[4,2,4]
      attacked [0,E] at [4,2,3]
  Sectors:
    [1,1]->-,-,-,-
    [1,2]->[1,P],[2,P],[-4,*],-
    [1,3]->[5,P],-,-,-
    [1,4]->[3,P],[8,M],-,-
    [1,5]->[4,M],[23,M],[9,P],-
    [2,1]->[13,M],-,-,-
    [2,2]->[-10,*],-,-,-
    [2,3]->-,-,-,-
    [2,4]->[22,M],-,[-11,W],-
    [2,5]->-,-,-,-
    [3,1]->[10,M],[-2,Y],[7,J],-
    [3,2]->[11,P],[-7,*],-,-
    [3,3]->[-1,O],-,-,-
    [3,4]->-,-,-,-
    [3,5]->-,-,-,-
    [4,1]->[16,M],[25,M],-,-
    [4,2]->[15,P],[-3,*],[0,E],[24,M]
    [4,3]->[20,P],[21,J],[17,P],-
    [4,4]->[12,J],-,-,-
    [4,5]->[-8,W],-,-,-
    [5,1]->[-6,Y],[18,M],-,-
    [5,2]->-,-,-,-
    [5,3]->[-9,Y],[14,M],[19,B],-
    [5,4]->-,-,-,-
    [5,5]->[-5,W],-,-,-
  Descriptions:
    [-11,W]->
    [-10,*]->Luminosity:5
    [-9,Y]->Luminosity:2
    [-8,W]->
    [-7,*]->Luminosity:5
    [-6,Y]->Luminosity:2
    [-5,W]->
    [-4,*]->Luminosity:5
    [-3,*]->Luminosity:5
    [-2,Y]->Luminosity:2
    [-1,O]->
    [0,E]->fuel:3/3, life:2/3, landed?:F
    [1,P]->attached?:T, support_life?:F, visited?:F, turns_left:N/A
    [2,P]->attached?:T, support_life?:F, visited?:F, turns_left:N/A
    [3,P]->attached?:F, support_life?:F, visited?:F, turns_left:0
    [4,M]->fuel:1/3, actions_left_until_reproduction:1/1, turns_left:1
    [5,P]->attached?:F, support_life?:F, visited?:F, turns_left:1
    [7,J]->fuel:5/5, load:0/2, actions_left_until_reproduction:0/2, turns_left:1
    [8,M]->fuel:2/3, actions_left_until_reproduction:0/1, turns_left:0
    [9,P]->attached?:F, support_life?:F, visited?:F, turns_left:1
    [10,M]->fuel:3/3, actions_left_until_reproduction:0/1, turns_left:1
    [11,P]->attached?:T, support_life?:F, visited?:F, turns_left:N/A
    [12,J]->fuel:4/5, load:0/2, actions_left_until_reproduction:1/2, turns_left:0
    [13,M]->fuel:2/3, actions_left_until_reproduction:0/1, turns_left:1
    [14,M]->fuel:3/3, actions_left_until_reproduction:0/1, turns_left:2
    [15,P]->attached?:T, support_life?:F, visited?:F, turns_left:N/A
    [16,M]->fuel:2/3, actions_left_until_reproduction:1/1, turns_left:1
    [17,P]->attached?:F, support_life?:F, visited?:F, turns_left:0
    [18,M]->fuel:3/3, actions_left_until_reproduction:0/1, turns_left:0
    [19,B]->fuel:3/3, actions_left_until_reproduction:0/1, turns_left:1
    [20,P]->attached?:F, support_life?:F, visited?:F, turns_left:0
    [21,J]->fuel:4/5, load:0/2, actions_left_until_reproduction:1/2, turns_left:1
    [22,M]->fuel:3/3, actions_left_until_reproduction:0/1, turns_left:0
    [23,M]->fuel:3/3, actions_left_until_reproduction:1/1, turns_left:1
    [24,M]->fuel:3/3, actions_left_until_reproduction:0/1, turns_left:1
    [25,M]->fuel:3/3, actions_left_until_reproduction:1/1, turns_left:1
  Deaths This Turn:none
    (1:1)  (1:2)  (1:3)  (1:4)  (1:5)  
    ----   PP*-   P---   PM--   MMP-   
    (2:1)  (2:2)  (2:3)  (2:4)  (2:5)  
    M---   *---   ----   M-W-   ----   
    (3:1)  (3:2)  (3:3)  (3:4)  (3:5)  
    MYJ-   P*--   O---   ----   ----   
    (4:1)  (4:2)  (4:3)  (4:4)  (4:5)  
    MM--   P*EM   PJP-   J---   W---   
    (5:1)  (5:2)  (5:3)  (5:4)  (5:5)  
    YM--   ----   YMB-   ----   W---   
->move(E)
  state:6.0, mode:test, ok
  Movement:
    [0,E]:[4,2,3]->[4,3,4]
    [3,P]:[1,4,1]->[5,4,1]
    [8,M]:[1,4,2]->[2,4,2]
      reproduced [26,M] at [2,4,4]
    [12,J]:[4,4,1]->[5,3,4]
    [17,P]:[4,3,3]->[4,2,3]
    [18,M]:[5,1,2]->[1,1,1]
      reproduced [27,M] at [1,1,2]
    [20,P]:[4,3,1]->[4,4,1]
    [22,M]:[2,4,1]->[1,5,4]
  Sectors:
    [1,1]->[18,M],[27,M],-,-
    [1,2]->[1,P],[2,P],[-4,*],-
    [1,3]->[5,P],-,-,-
    [1,4]->-,-,-,-
    [1,5]->[4,M],[23,M],[9,P],[22,M]
    [2,1]->[13,M],-,-,-
    [2,2]->[-10,*],-,-,-
    [2,3]->-,-,-,-
    [2,4]->-,[8,M],[-11,W],[26,M]
    [2,5]->-,-,-,-
    [3,1]->[10,M],[-2,Y],[7,J],-
    [3,2]->[11,P],[-7,*],-,-
    [3,3]->[-1,O],-,-,-
    [3,4]->-,-,-,-
    [3,5]->-,-,-,-
    [4,1]->[16,M],[25,M],-,-
    [4,2]->[15,P],[-3,*],[17,P],[24,M]
    [4,3]->-,[21,J],-,[0,E]
    [4,4]->[20,P],-,-,-
    [4,5]->[-8,W],-,-,-
    [5,1]->[-6,Y],-,-,-
    [5,2]->-,-,-,-
    [5,3]->[-9,Y],[14,M],[19,B],[12,J]
    [5,4]->[3,P],-,-,-
    [5,5]->[-5,W],-,-,-
  Descriptions:
    [-11,W]->
    [-10,*]->Luminosity:5
    [-9,Y]->Luminosity:2
    [-8,W]->
    [-7,*]->Luminosity:5
    [-6,Y]->Luminosity:2
    [-5,W]->
    [-4,*]->Luminosity:5
    [-3,*]->Luminosity:5
    [-2,Y]->Luminosity:2
    [-1,O]->
    [0,E]->fuel:2/3, life:2/3, landed?:F
    [1,P]->attached?:T, support_life?:F, visited?:F, turns_left:N/A
    [2,P]->attached?:T, support_life?:F, visited?:F, turns_left:N/A
    [3,P]->attached?:F, support_life?:F, visited?:F, turns_left:0
    [4,M]->fuel:1/3, actions_left_until_reproduction:1/1, turns_left:0
    [5,P]->attached?:F, support_life?:F, visited?:F, turns_left:0
    [7,J]->fuel:5/5, load:0/2, actions_left_until_reproduction:0/2, turns_left:0
    [8,M]->fuel:1/3, actions_left_until_reproduction:1/1, turns_left:2
    [9,P]->attached?:F, support_life?:F, visited?:F, turns_left:0
    [10,M]->fuel:3/3, actions_left_until_reproduction:0/1, turns_left:0
    [11,P]->attached?:T, support_life?:F, visited?:F, turns_left:N/A
    [12,J]->fuel:5/5, load:0/2, actions_left_until_reproduction:0/2, turns_left:1
    [13,M]->fuel:2/3, actions_left_until_reproduction:0/1, turns_left:0
    [14,M]->fuel:3/3, actions_left_until_reproduction:0/1, turns_left:1
    [15,P]->attached?:T, support_life?:F, visited?:F, turns_left:N/A
    [16,M]->fuel:2/3, actions_left_until_reproduction:1/1, turns_left:0
    [17,P]->attached?:T, support_life?:F, visited?:F, turns_left:N/A
    [18,M]->fuel:2/3, actions_left_until_reproduction:1/1, turns_left:0
    [19,B]->fuel:3/3, actions_left_until_reproduction:0/1, turns_left:0
    [20,P]->attached?:F, support_life?:F, visited?:F, turns_left:2
    [21,J]->fuel:4/5, load:0/2, actions_left_until_reproduction:1/2, turns_left:0
    [22,M]->fuel:3/3, actions_left_until_reproduction:0/1, turns_left:0
    [23,M]->fuel:3/3, actions_left_until_reproduction:1/1, turns_left:0
    [24,M]->fuel:3/3, actions_left_until_reproduction:0/1, turns_left:0
    [25,M]->fuel:3/3, actions_left_until_reproduction:1/1, turns_left:0
    [26,M]->fuel:3/3, actions_left_until_reproduction:1/1, turns_left:1
    [27,M]->fuel:3/3, actions_left_until_reproduction:1/1, turns_left:2
  Deaths This Turn:none
    (1:1)  (1:2)  (1:3)  (1:4)  (1:5)  
    MM--   PP*-   P---   ----   MMPM   
    (2:1)  (2:2)  (2:3)  (2:4)  (2:5)  
    M---   *---   ----   -MWM   ----   
    (3:1)  (3:2)  (3:3)  (3:4)  (3:5)  
    MYJ-   P*--   O---   ----   ----   
    (4:1)  (4:2)  (4:3)  (4:4)  (4:5)  
    MM--   P*PM   -J-E   P---   W---   
    (5:1)  (5:2)  (5:3)  (5:4)  (5:5)  
    Y---   ----   YMBJ   P---   W---   
->move(SW)
  state:7.0, mode:test, ok
  Movement:
    [0,E]:[4,3,4]->[5,2,1]
    [3,P]:[5,4,1]->[4,5,2]
    [4,M]:[1,5,1]->[2,1,2]
    [5,P]:[1,3,1]
    [7,J]:[3,1,3]->[2,1,2]
      reproduced [28,J] at [2,1,3]
    [9,P]:[1,5,3]->[5,5,2]
    [10,M]:[3,1,1]->[2,5,1]
      reproduced [29,M] at [2,5,2]
    [13,M]:[2,1,1]->[1,1,3]
      reproduced [30,M] at [1,1,4]
    [16,M]:[4,1,1]->[4,5,3]
    [18,M]:[1,1,1]->[5,1,2]
    [19,B]:[5,3,3]->[1,4,1]
      reproduced [31,B] at [1,4,2]
    [21,J]:[4,3,2]->[3,4,1]
    [22,M]:[1,5,4]->[2,4,1]
    [23,M]:[1,5,2]->[1,4,3]
    [24,M]:[4,2,4]->[5,1,3]
      reproduced [32,M] at [5,1,4]
    [25,M]:[4,1,2]->[3,2,3]
  Sectors:
    [1,1]->-,[27,M],[13,M],[30,M]
    [1,2]->[1,P],[2,P],[-4,*],-
    [1,3]->[5,P],-,-,-
    [1,4]->[19,B],[31,B],[23,M],-
    [1,5]->-,-,-,-
    [2,1]->-,[7,J],[28,J],-
    [2,2]->[-10,*],-,-,-
    [2,3]->-,-,-,-
    [2,4]->[22,M],[8,M],[-11,W],[26,M]
    [2,5]->[10,M],[29,M],-,-
    [3,1]->-,[-2,Y],-,-
    [3,2]->[11,P],[-7,*],[25,M],-
    [3,3]->[-1,O],-,-,-
    [3,4]->[21,J],-,-,-
    [3,5]->-,-,-,-
    [4,1]->-,-,-,-
    [4,2]->[15,P],[-3,*],[17,P],-
    [4,3]->-,-,-,-
    [4,4]->[20,P],-,-,-
    [4,5]->[-8,W],[3,P],[16,M],-
    [5,1]->[-6,Y],[18,M],[24,M],[32,M]
    [5,2]->[0,E],-,-,-
    [5,3]->[-9,Y],[14,M],-,[12,J]
    [5,4]->-,-,-,-
    [5,5]->[-5,W],[9,P],-,-
  Descriptions:
    [-11,W]->
    [-10,*]->Luminosity:5
    [-9,Y]->Luminosity:2
    [-8,W]->
    [-7,*]->Luminosity:5
    [-6,Y]->Luminosity:2
    [-5,W]->
    [-4,*]->Luminosity:5
    [-3,*]->Luminosity:5
    [-2,Y]->Luminosity:2
    [-1,O]->
    [0,E]->fuel:1/3, life:2/3, landed?:F
    [1,P]->attached?:T, support_life?:F, visited?:F, turns_left:N/A
    [2,P]->attached?:T, support_life?:F, visited?:F, turns_left:N/A
    [3,P]->attached?:F, support_life?:F, visited?:F, turns_left:0
    [5,P]->attached?:F, support_life?:F, visited?:F, turns_left:0
    [7,J]->fuel:4/5, load:0/2, actions_left_until_reproduction:2/2, turns_left:1
    [8,M]->fuel:1/3, actions_left_until_reproduction:1/1, turns_left:1
    [9,P]->attached?:F, support_life?:F, visited?:F, turns_left:1
    [10,M]->fuel:2/3, actions_left_until_reproduction:1/1, turns_left:1
    [11,P]->attached?:T, support_life?:F, visited?:F, turns_left:N/A
    [12,J]->fuel:5/5, load:0/2, actions_left_until_reproduction:0/2, turns_left:0
    [13,M]->fuel:1/3, actions_left_until_reproduction:1/1, turns_left:2
    [14,M]->fuel:3/3, actions_left_until_reproduction:0/1, turns_left:0
    [15,P]->attached?:T, support_life?:F, visited?:F, turns_left:N/A
    [16,M]->fuel:1/3, actions_left_until_reproduction:0/1, turns_left:1
    [17,P]->attached?:T, support_life?:F, visited?:F, turns_left:N/A
    [18,M]->fuel:3/3, actions_left_until_reproduction:0/1, turns_left:2
    [19,B]->fuel:2/3, actions_left_until_reproduction:1/1, turns_left:1
    [20,P]->attached?:F, support_life?:F, visited?:F, turns_left:1
    [21,J]->fuel:3/5, load:0/2, actions_left_until_reproduction:0/2, turns_left:0
    [22,M]->fuel:2/3, actions_left_until_reproduction:0/1, turns_left:0
    [23,M]->fuel:2/3, actions_left_until_reproduction:0/1, turns_left:2
    [24,M]->fuel:3/3, actions_left_until_reproduction:1/1, turns_left:2
    [25,M]->fuel:3/3, actions_left_until_reproduction:0/1, turns_left:1
    [26,M]->fuel:3/3, actions_left_until_reproduction:1/1, turns_left:0
    [27,M]->fuel:3/3, actions_left_until_reproduction:1/1, turns_left:1
    [28,J]->fuel:5/5, load:0/2, actions_left_until_reproduction:2/2, turns_left:1
    [29,M]->fuel:3/3, actions_left_until_reproduction:1/1, turns_left:1
    [30,M]->fuel:3/3, actions_left_until_reproduction:1/1, turns_left:1
    [31,B]->fuel:3/3, actions_left_until_reproduction:1/1, turns_left:1
    [32,M]->fuel:3/3, actions_left_until_reproduction:1/1, turns_left:1
  Deaths This Turn:
    [4,M]->fuel:0/3, actions_left_until_reproduction:1/1, turns_left:N/A,
      Malevolent got lost in space - out of fuel at Sector:2:1
    (1:1)  (1:2)  (1:3)  (1:4)  (1:5)  
    -MMM   PP*-   P---   BBM-   ----   
    (2:1)  (2:2)  (2:3)  (2:4)  (2:5)  
    -JJ-   *---   ----   MMWM   MM--   
    (3:1)  (3:2)  (3:3)  (3:4)  (3:5)  
    -Y--   P*M-   O---   J---   ----   
    (4:1)  (4:2)  (4:3)  (4:4)  (4:5)  
    ----   P*P-   ----   P---   WPM-   
    (5:1)  (5:2)  (5:3)  (5:4)  (5:5)  
    YMMM   E---   YM-J   ----   WP--   
->move(E)
  state:8.0, mode:test, ok
  Movement:
    [0,E]:[5,2,1]->[5,3,3]
    [3,P]:[4,5,2]->[3,5,1]
    [5,P]:[1,3,1]->[2,3,1]
    [12,J]:[5,3,4]->[1,4,4]
    [14,M]:[5,3,2]
      reproduced [33,M] at [5,3,4]
      attacked [0,E] at [5,3,3]
    [21,J]:[3,4,1]
      reproduced [34,J] at [3,4,2]
    [22,M]:[2,4,1]->[2,1,1]
      reproduced [35,M] at [2,1,4]
    [26,M]:[2,4,4]->[3,2,4]
  Sectors:
    [1,1]->-,[27,M],[13,M],[30,M]
    [1,2]->[1,P],[2,P],[-4,*],-
    [1,3]->-,-,-,-
    [1,4]->[19,B],[31,B],[23,M],[12,J]
    [1,5]->-,-,-,-
    [2,1]->[22,M],[7,J],[28,J],[35,M]
    [2,2]->[-10,*],-,-,-
    [2,3]->[5,P],-,-,-
    [2,4]->-,[8,M],[-11,W],-
    [2,5]->[10,M],[29,M],-,-
    [3,1]->-,[-2,Y],-,-
    [3,2]->[11,P],[-7,*],[25,M],[26,M]
    [3,3]->[-1,O],-,-,-
    [3,4]->[21,J],[34,J],-,-
    [3,5]->[3,P],-,-,-
    [4,1]->-,-,-,-
    [4,2]->[15,P],[-3,*],[17,P],-
    [4,3]->-,-,-,-
    [4,4]->[20,P],-,-,-
    [4,5]->[-8,W],-,[16,M],-
    [5,1]->[-6,Y],[18,M],[24,M],[32,M]
    [5,2]->-,-,-,-
    [5,3]->[-9,Y],[14,M],[0,E],[33,M]
    [5,4]->-,-,-,-
    [5,5]->[-5,W],[9,P],-,-
  Descriptions:
    [-11,W]->
    [-10,*]->Luminosity:5
    [-9,Y]->Luminosity:2
    [-8,W]->
    [-7,*]->Luminosity:5
    [-6,Y]->Luminosity:2
    [-5,W]->
    [-4,*]->Luminosity:5
    [-3,*]->Luminosity:5
    [-2,Y]->Luminosity:2
    [-1,O]->
    [0,E]->fuel:2/3, life:1/3, landed?:F
    [1,P]->attached?:T, support_life?:F, visited?:F, turns_left:N/A
    [2,P]->attached?:T, support_life?:F, visited?:F, turns_left:N/A
    [3,P]->attached?:F, support_life?:F, visited?:F, turns_left:1
    [5,P]->attached?:F, support_life?:F, visited?:F, turns_left:2
    [7,J]->fuel:4/5, load:0/2, actions_left_until_reproduction:2/2, turns_left:0
    [8,M]->fuel:1/3, actions_left_until_reproduction:1/1, turns_left:0
    [9,P]->attached?:F, support_life?:F, visited?:F, turns_left:0
    [10,M]->fuel:2/3, actions_left_until_reproduction:1/1, turns_left:0
    [11,P]->attached?:T, support_life?:F, visited?:F, turns_left:N/A
    [12,J]->fuel:4/5, load:0/2, actions_left_until_reproduction:0/2, turns_left:0
    [13,M]->fuel:1/3, actions_left_until_reproduction:1/1, turns_left:1
    [14,M]->fuel:3/3, actions_left_until_reproduction:1/1, turns_left:0
    [15,P]->attached?:T, support_life?:F, visited?:F, turns_left:N/A
    [16,M]->fuel:1/3, actions_left_until_reproduction:0/1, turns_left:0
    [17,P]->attached?:T, support_life?:F, visited?:F, turns_left:N/A
    [18,M]->fuel:3/3, actions_left_until_reproduction:0/1, turns_left:1
    [19,B]->fuel:2/3, actions_left_until_reproduction:1/1, turns_left:0
    [20,P]->attached?:F, support_life?:F, visited?:F, turns_left:0
    [21,J]->fuel:3/5, load:0/2, actions_left_until_reproduction:2/2, turns_left:0
    [22,M]->fuel:2/3, actions_left_until_reproduction:1/1, turns_left:0
    [23,M]->fuel:2/3, actions_left_until_reproduction:0/1, turns_left:1
    [24,M]->fuel:3/3, actions_left_until_reproduction:1/1, turns_left:1
    [25,M]->fuel:3/3, actions_left_until_reproduction:0/1, turns_left:0
    [26,M]->fuel:3/3, actions_left_until_reproduction:0/1, turns_left:1
    [27,M]->fuel:3/3, actions_left_until_reproduction:1/1, turns_left:0
    [28,J]->fuel:5/5, load:0/2, actions_left_until_reproduction:2/2, turns_left:0
    [29,M]->fuel:3/3, actions_left_until_reproduction:1/1, turns_left:0
    [30,M]->fuel:3/3, actions_left_until_reproduction:1/1, turns_left:0
    [31,B]->fuel:3/3, actions_left_until_reproduction:1/1, turns_left:0
    [32,M]->fuel:3/3, actions_left_until_reproduction:1/1, turns_left:0
    [33,M]->fuel:3/3, actions_left_until_reproduction:1/1, turns_left:1
    [34,J]->fuel:5/5, load:0/2, actions_left_until_reproduction:2/2, turns_left:0
    [35,M]->fuel:3/3, actions_left_until_reproduction:1/1, turns_left:1
  Deaths This Turn:none
    (1:1)  (1:2)  (1:3)  (1:4)  (1:5)  
    -MMM   PP*-   ----   BBMJ   ----   
    (2:1)  (2:2)  (2:3)  (2:4)  (2:5)  
    MJJM   *---   P---   -MW-   MM--   
    (3:1)  (3:2)  (3:3)  (3:4)  (3:5)  
    -Y--   P*MM   O---   JJ--   P---   
    (4:1)  (4:2)  (4:3)  (4:4)  (4:5)  
    ----   P*P-   ----   P---   W-M-   
    (5:1)  (5:2)  (5:3)  (5:4)  (5:5)  
    YMMM   ----   YMEM   ----   WP--   
->move(E)
  state:9.0, mode:test, ok
  Explorer got lost in space - out of life support at Sector:5:4
  The game has ended. You can start a new game.
  Movement:
    [0,E]:[5,3,3]->[5,4,1]
    [7,J]:[2,1,2]->[3,5,2]
    [8,M]:[2,4,2]->[5,2,1]
    [9,P]:[5,5,2]->[4,5,2]
    [10,M]:[2,5,1]->[3,5,3]
    [12,J]:[1,4,4]->[2,4,1]
      reproduced [36,J] at [2,4,2]
    [14,M]:[5,3,2]->[5,4,2]
      attacked [0,E] at [5,4,1]
    [16,M]:[4,5,3]->[1,3,1]
      reproduced [37,M] at [1,3,2]
    [19,B]:[1,4,1]->[2,3,2]
    [20,P]:[4,4,1]->[4,5,3]
    [21,J]:[3,4,1]->[2,4,4]
    [22,M]:[2,1,1]->[3,5,4]
    [25,M]:[3,2,3]->[3,3,2]
    [27,M]:[1,1,2]->[2,1,1]
    [28,J]:[2,1,3]
    [29,M]:[2,5,2]->[3,4,1]
    [30,M]:[1,1,4]->[1,5,1]
    [31,B]:[1,4,2]->[5,5,2]
    [32,M]:[5,1,4]->[5,5,3]
    [34,J]:[3,4,2]->[3,3,2]
  Sectors:
    [1,1]->-,-,[13,M],-
    [1,2]->[1,P],[2,P],[-4,*],-
    [1,3]->[16,M],[37,M],-,-
    [1,4]->-,-,[23,M],-
    [1,5]->[30,M],-,-,-
    [2,1]->[27,M],-,[28,J],[35,M]
    [2,2]->[-10,*],-,-,-
    [2,3]->[5,P],[19,B],-,-
    [2,4]->[12,J],[36,J],[-11,W],[21,J]
    [2,5]->-,-,-,-
    [3,1]->-,[-2,Y],-,-
    [3,2]->[11,P],[-7,*],-,[26,M]
    [3,3]->[-1,O],-,-,-
    [3,4]->[29,M],-,-,-
    [3,5]->[3,P],[7,J],[10,M],[22,M]
    [4,1]->-,-,-,-
    [4,2]->[15,P],[-3,*],[17,P],-
    [4,3]->-,-,-,-
    [4,4]->-,-,-,-
    [4,5]->[-8,W],[9,P],[20,P],-
    [5,1]->[-6,Y],[18,M],[24,M],-
    [5,2]->[8,M],-,-,-
    [5,3]->[-9,Y],-,-,[33,M]
    [5,4]->-,[14,M],-,-
    [5,5]->[-5,W],[31,B],[32,M],-
  Descriptions:
    [-11,W]->
    [-10,*]->Luminosity:5
    [-9,Y]->Luminosity:2
    [-8,W]->
    [-7,*]->Luminosity:5
    [-6,Y]->Luminosity:2
    [-5,W]->
    [-4,*]->Luminosity:5
    [-3,*]->Luminosity:5
    [-2,Y]->Luminosity:2
    [-1,O]->
    [1,P]->attached?:T, support_life?:F, visited?:F, turns_left:N/A
    [2,P]->attached?:T, support_life?:F, visited?:F, turns_left:N/A
    [3,P]->attached?:F, support_life?:F, visited?:F, turns_left:0
    [5,P]->attached?:F, support_life?:F, visited?:F, turns_left:1
    [7,J]->fuel:3/5, load:0/2, actions_left_until_reproduction:1/2, turns_left:2
    [8,M]->fuel:1/3, actions_left_until_reproduction:0/1, turns_left:1
    [9,P]->attached?:F, support_life?:F, visited?:F, turns_left:0
    [10,M]->fuel:1/3, actions_left_until_reproduction:0/1, turns_left:2
    [11,P]->attached?:T, support_life?:F, visited?:F, turns_left:N/A
    [12,J]->fuel:3/5, load:0/2, actions_left_until_reproduction:2/2, turns_left:1
    [13,M]->fuel:1/3, actions_left_until_reproduction:1/1, turns_left:0
    [14,M]->fuel:2/3, actions_left_until_reproduction:0/1, turns_left:2
    [15,P]->attached?:T, support_life?:F, visited?:F, turns_left:N/A
    [16,M]->fuel:1/3, actions_left_until_reproduction:1/1, turns_left:1
    [17,P]->attached?:T, support_life?:F, visited?:F, turns_left:N/A
    [18,M]->fuel:3/3, actions_left_until_reproduction:0/1, turns_left:0
    [19,B]->fuel:1/3, actions_left_until_reproduction:0/1, turns_left:0
    [20,P]->attached?:F, support_life?:F, visited?:F, turns_left:2
    [21,J]->fuel:2/5, load:0/2, actions_left_until_reproduction:1/2, turns_left:0
    [22,M]->fuel:1/3, actions_left_until_reproduction:0/1, turns_left:1
    [23,M]->fuel:2/3, actions_left_until_reproduction:0/1, turns_left:0
    [24,M]->fuel:3/3, actions_left_until_reproduction:1/1, turns_left:0
    [26,M]->fuel:3/3, actions_left_until_reproduction:0/1, turns_left:0
    [27,M]->fuel:2/3, actions_left_until_reproduction:0/1, turns_left:0
    [28,J]->fuel:5/5, load:0/2, actions_left_until_reproduction:1/2, turns_left:0
    [29,M]->fuel:2/3, actions_left_until_reproduction:0/1, turns_left:0
    [30,M]->fuel:2/3, actions_left_until_reproduction:0/1, turns_left:2
    [31,B]->fuel:2/3, actions_left_until_reproduction:0/1, turns_left:2
    [32,M]->fuel:2/3, actions_left_until_reproduction:0/1, turns_left:2
    [33,M]->fuel:3/3, actions_left_until_reproduction:1/1, turns_left:0
    [35,M]->fuel:3/3, actions_left_until_reproduction:1/1, turns_left:0
    [36,J]->fuel:5/5, load:0/2, actions_left_until_reproduction:2/2, turns_left:0
    [37,M]->fuel:3/3, actions_left_until_reproduction:1/1, turns_left:0
  Deaths This Turn:
    [0,E]->fuel:1/3, life:0/3, landed?:F,
      Explorer got lost in space - out of life support at Sector:5:4
    [25,M]->fuel:2/3, actions_left_until_reproduction:0/1, turns_left:N/A,
      Malevolent got devoured by blackhole (id: -1) at Sector:3:3
    [34,J]->fuel:4/5, load:0/2, actions_left_until_reproduction:2/2, turns_left:N/A,
      Janitaur got devoured by blackhole (id: -1) at Sector:3:3
    (1:1)  (1:2)  (1:3)  (1:4)  (1:5)  
    --M-   PP*-   MM--   --M-   M---   
    (2:1)  (2:2)  (2:3)  (2:4)  (2:5)  
    M-JM   *---   PB--   JJWJ   ----   
    (3:1)  (3:2)  (3:3)  (3:4)  (3:5)  
    -Y--   P*-M   O---   M---   PJMM   
    (4:1)  (4:2)  (4:3)  (4:4)  (4:5)  
    ----   P*P-   ----   ----   WPP-   
    (5:1)  (5:2)  (5:3)  (5:4)  (5:5)  
    YMM-   M---   Y--M   -M--   WBM-   
  Explorer got lost in space - out of life support at Sector:5:4
  The game has ended. You can start a new game.
