  state:0.0, ok
  Welcome! Try test(3,5,7,15,30)
->test(95,96,97,98,99)
  state:1.0, mode:test, ok
  Movement:none
  Sectors:
    [1,1]->[0,E],[1,A],-,-
    [1,2]->[2,A],[3,A],[4,A],-
    [1,3]->[5,A],-,-,-
    [1,4]->[6,A],[7,A],[8,A],-
    [1,5]->[9,A],[-6,W],-,-
    [2,1]->[10,A],-,-,-
    [2,2]->[11,A],[12,A],[13,A],-
    [2,3]->[14,A],[-4,*],-,-
    [2,4]->[15,A],[16,A],-,-
    [2,5]->[17,A],[18,A],[-7,*],-
    [3,1]->[19,A],[20,A],[21,A],[-5,Y]
    [3,2]->[22,A],[23,A],[24,A],[-9,W]
    [3,3]->[-1,O],-,-,-
    [3,4]->[25,A],[26,A],[27,A],-
    [3,5]->[28,A],-,-,-
    [4,1]->[29,A],-,-,-
    [4,2]->[30,A],[-3,*],-,-
    [4,3]->[31,A],-,-,-
    [4,4]->[32,A],[-8,W],-,-
    [4,5]->[33,A],[-2,Y],-,-
    [5,1]->[34,A],[35,A],-,-
    [5,2]->[36,M],[37,B],-,-
    [5,3]->[38,A],[39,A],[40,A],[-11,*]
    [5,4]->[41,A],[42,A],[43,A],[-10,W]
    [5,5]->[44,A],[45,A],[46,A],-
  Descriptions:
    [-11,*]->Luminosity:5
    [-10,W]->
    [-9,W]->
    [-8,W]->
    [-7,*]->Luminosity:5
    [-6,W]->
    [-5,Y]->Luminosity:2
    [-4,*]->Luminosity:5
    [-3,*]->Luminosity:5
    [-2,Y]->Luminosity:2
    [-1,O]->
    [0,E]->fuel:3/3, life:3/3, landed?:F
    [1,A]->turns_left:1
    [2,A]->turns_left:1
    [3,A]->turns_left:2
    [4,A]->turns_left:2
    [5,A]->turns_left:0
    [6,A]->turns_left:1
    [7,A]->turns_left:0
    [8,A]->turns_left:0
    [9,A]->turns_left:1
    [10,A]->turns_left:0
    [11,A]->turns_left:1
    [12,A]->turns_left:0
    [13,A]->turns_left:1
    [14,A]->turns_left:2
    [15,A]->turns_left:0
    [16,A]->turns_left:0
    [17,A]->turns_left:0
    [18,A]->turns_left:1
    [19,A]->turns_left:1
    [20,A]->turns_left:1
    [21,A]->turns_left:0
    [22,A]->turns_left:1
    [23,A]->turns_left:0
    [24,A]->turns_left:0
    [25,A]->turns_left:1
    [26,A]->turns_left:1
    [27,A]->turns_left:1
    [28,A]->turns_left:0
    [29,A]->turns_left:0
    [30,A]->turns_left:2
    [31,A]->turns_left:2
    [32,A]->turns_left:2
    [33,A]->turns_left:2
    [34,A]->turns_left:1
    [35,A]->turns_left:1
    [36,M]->fuel:3/3, actions_left_until_reproduction:1/1, turns_left:1
    [37,B]->fuel:3/3, actions_left_until_reproduction:1/1, turns_left:1
    [38,A]->turns_left:1
    [39,A]->turns_left:0
    [40,A]->turns_left:0
    [41,A]->turns_left:2
    [42,A]->turns_left:1
    [43,A]->turns_left:2
    [44,A]->turns_left:2
    [45,A]->turns_left:2
    [46,A]->turns_left:1
  Deaths This Turn:none
    (1:1)  (1:2)  (1:3)  (1:4)  (1:5)  
    EA--   AAA-   A---   AAA-   AW--   
    (2:1)  (2:2)  (2:3)  (2:4)  (2:5)  
    A---   AAA-   A*--   AA--   AA*-   
    (3:1)  (3:2)  (3:3)  (3:4)  (3:5)  
    AAAY   AAAW   O---   AAA-   A---   
    (4:1)  (4:2)  (4:3)  (4:4)  (4:5)  
    A---   A*--   A---   AW--   AY--   
    (5:1)  (5:2)  (5:3)  (5:4)  (5:5)  
    AA--   MB--   AAA*   AAAW   AAA-   
->pass
  state:2.0, mode:test, ok
  Explorer got destroyed by asteroid (id: 17) at Sector:1:1
  The game has ended. You can start a new game.
  Movement:
    [5,A]:[1,3,1]->[1,4,4]
    [7,A]:[1,4,2]->[1,5,3]
    [8,A]:[1,4,3]->[1,5,4]
    [10,A]:[2,1,1]
    [12,A]:[2,2,2]->[2,1,2]
    [15,A]:[2,4,1]->[3,5,2]
    [16,A]:[2,4,2]->[1,3,1]
    [17,A]:[2,5,1]->[1,1,3]
      destroyed [0,E] at [1,1,1]
    [21,A]:[3,1,3]->[4,5,3]
    [23,A]:[3,2,2]->[2,3,3]
    [24,A]:[3,2,3]->[2,2,2]
    [28,A]:[3,5,1]->[4,4,3]
    [29,A]:[4,1,1]->[5,5,4]
    [39,A]:[5,3,2]->[1,4,2]
    [40,A]:[5,3,3]
  Sectors:
    [1,1]->-,[1,A],[17,A],-
    [1,2]->[2,A],[3,A],[4,A],-
    [1,3]->[16,A],-,-,-
    [1,4]->[6,A],[39,A],-,[5,A]
    [1,5]->[9,A],[-6,W],[7,A],[8,A]
    [2,1]->[10,A],[12,A],-,-
    [2,2]->[11,A],[24,A],[13,A],-
    [2,3]->[14,A],[-4,*],[23,A],-
    [2,4]->-,-,-,-
    [2,5]->-,[18,A],[-7,*],-
    [3,1]->[19,A],[20,A],-,[-5,Y]
    [3,2]->[22,A],-,-,[-9,W]
    [3,3]->[-1,O],-,-,-
    [3,4]->[25,A],[26,A],[27,A],-
    [3,5]->-,[15,A],-,-
    [4,1]->-,-,-,-
    [4,2]->[30,A],[-3,*],-,-
    [4,3]->[31,A],-,-,-
    [4,4]->[32,A],[-8,W],[28,A],-
    [4,5]->[33,A],[-2,Y],[21,A],-
    [5,1]->[34,A],[35,A],-,-
    [5,2]->[36,M],[37,B],-,-
    [5,3]->[38,A],-,[40,A],[-11,*]
    [5,4]->[41,A],[42,A],[43,A],[-10,W]
    [5,5]->[44,A],[45,A],[46,A],[29,A]
  Descriptions:
    [-11,*]->Luminosity:5
    [-10,W]->
    [-9,W]->
    [-8,W]->
    [-7,*]->Luminosity:5
    [-6,W]->
    [-5,Y]->Luminosity:2
    [-4,*]->Luminosity:5
    [-3,*]->Luminosity:5
    [-2,Y]->Luminosity:2
    [-1,O]->
    [1,A]->turns_left:0
    [2,A]->turns_left:0
    [3,A]->turns_left:1
    [4,A]->turns_left:1
    [5,A]->turns_left:0
    [6,A]->turns_left:0
    [7,A]->turns_left:2
    [8,A]->turns_left:2
    [9,A]->turns_left:0
    [10,A]->turns_left:1
    [11,A]->turns_left:0
    [12,A]->turns_left:2
    [13,A]->turns_left:0
    [14,A]->turns_left:1
    [15,A]->turns_left:1
    [16,A]->turns_left:0
    [17,A]->turns_left:2
    [18,A]->turns_left:0
    [19,A]->turns_left:0
    [20,A]->turns_left:0
    [21,A]->turns_left:2
    [22,A]->turns_left:0
    [23,A]->turns_left:0
    [24,A]->turns_left:1
    [25,A]->turns_left:0
    [26,A]->turns_left:0
    [27,A]->turns_left:0
    [28,A]->turns_left:1
    [29,A]->turns_left:1
    [30,A]->turns_left:1
    [31,A]->turns_left:1
    [32,A]->turns_left:1
    [33,A]->turns_left:1
    [34,A]->turns_left:0
    [35,A]->turns_left:0
    [36,M]->fuel:3/3, actions_left_until_reproduction:1/1, turns_left:0
    [37,B]->fuel:3/3, actions_left_until_reproduction:1/1, turns_left:0
    [38,A]->turns_left:0
    [39,A]->turns_left:1
    [40,A]->turns_left:2
    [41,A]->turns_left:1
    [42,A]->turns_left:0
    [43,A]->turns_left:1
    [44,A]->turns_left:1
    [45,A]->turns_left:1
    [46,A]->turns_left:0
  Deaths This Turn:
    [0,E]->fuel:3/3, life:0/3, landed?:F,
      Explorer got destroyed by asteroid (id: 17) at Sector:1:1
    (1:1)  (1:2)  (1:3)  (1:4)  (1:5)  
    -AA-   AAA-   A---   AA-A   AWAA   
    (2:1)  (2:2)  (2:3)  (2:4)  (2:5)  
    AA--   AAA-   A*A-   ----   -A*-   
    (3:1)  (3:2)  (3:3)  (3:4)  (3:5)  
    AA-Y   A--W   O---   AAA-   -A--   
    (4:1)  (4:2)  (4:3)  (4:4)  (4:5)  
    ----   A*--   A---   AWA-   AYA-   
    (5:1)  (5:2)  (5:3)  (5:4)  (5:5)  
    AA--   MB--   A-A*   AAAW   AAAA   
  Explorer got destroyed by asteroid (id: 17) at Sector:1:1
  The game has ended. You can start a new game.
