  state:0.0, ok
  Welcome! Try test(3,5,7,15,30)
->test(30,31,32,33,90)
  state:1.0, mode:test, ok
  Movement:none
  Sectors:
    [1,1]->[0,E],[1,P],-,-
    [1,2]->[2,P],[3,A],[4,P],[-8,Y]
    [1,3]->[5,P],-,-,-
    [1,4]->[6,P],[7,A],[8,P],-
    [1,5]->[9,P],[-11,*],-,-
    [2,1]->[10,P],-,-,-
    [2,2]->[11,P],[12,P],[13,A],[-6,Y]
    [2,3]->[14,P],-,-,-
    [2,4]->[15,P],[16,P],-,-
    [2,5]->[17,P],[18,P],[-4,*],-
    [3,1]->[19,P],[20,P],[21,P],-
    [3,2]->[22,A],[23,P],[24,P],-
    [3,3]->[-1,O],-,-,-
    [3,4]->[25,P],[26,A],[27,P],[-3,W]
    [3,5]->[28,P],[-7,W],-,-
    [4,1]->[29,P],-,-,-
    [4,2]->[30,A],-,-,-
    [4,3]->[31,P],-,-,-
    [4,4]->[32,P],[-10,W],-,-
    [4,5]->[33,A],-,-,-
    [5,1]->[34,P],[35,P],-,-
    [5,2]->[36,P],[-5,Y],-,-
    [5,3]->[37,A],[38,A],[-2,W],-
    [5,4]->[39,A],[-9,Y],-,-
    [5,5]->[40,A],[41,P],-,-
  Descriptions:
    [-11,*]->Luminosity:5
    [-10,W]->
    [-9,Y]->Luminosity:2
    [-8,Y]->Luminosity:2
    [-7,W]->
    [-6,Y]->Luminosity:2
    [-5,Y]->Luminosity:2
    [-4,*]->Luminosity:5
    [-3,W]->
    [-2,W]->
    [-1,O]->
    [0,E]->fuel:3/3, life:3/3, landed?:F
    [1,P]->attached?:F, support_life?:F, visited?:F, turns_left:1
    [2,P]->attached?:F, support_life?:F, visited?:F, turns_left:1
    [3,A]->turns_left:2
    [4,P]->attached?:F, support_life?:F, visited?:F, turns_left:2
    [5,P]->attached?:F, support_life?:F, visited?:F, turns_left:0
    [6,P]->attached?:F, support_life?:F, visited?:F, turns_left:1
    [7,A]->turns_left:0
    [8,P]->attached?:F, support_life?:F, visited?:F, turns_left:0
    [9,P]->attached?:F, support_life?:F, visited?:F, turns_left:1
    [10,P]->attached?:F, support_life?:F, visited?:F, turns_left:0
    [11,P]->attached?:F, support_life?:F, visited?:F, turns_left:1
    [12,P]->attached?:F, support_life?:F, visited?:F, turns_left:0
    [13,A]->turns_left:1
    [14,P]->attached?:F, support_life?:F, visited?:F, turns_left:2
    [15,P]->attached?:F, support_life?:F, visited?:F, turns_left:0
    [16,P]->attached?:F, support_life?:F, visited?:F, turns_left:0
    [17,P]->attached?:F, support_life?:F, visited?:F, turns_left:0
    [18,P]->attached?:F, support_life?:F, visited?:F, turns_left:1
    [19,P]->attached?:F, support_life?:F, visited?:F, turns_left:1
    [20,P]->attached?:F, support_life?:F, visited?:F, turns_left:1
    [21,P]->attached?:F, support_life?:F, visited?:F, turns_left:0
    [22,A]->turns_left:1
    [23,P]->attached?:F, support_life?:F, visited?:F, turns_left:0
    [24,P]->attached?:F, support_life?:F, visited?:F, turns_left:0
    [25,P]->attached?:F, support_life?:F, visited?:F, turns_left:1
    [26,A]->turns_left:1
    [27,P]->attached?:F, support_life?:F, visited?:F, turns_left:1
    [28,P]->attached?:F, support_life?:F, visited?:F, turns_left:0
    [29,P]->attached?:F, support_life?:F, visited?:F, turns_left:0
    [30,A]->turns_left:2
    [31,P]->attached?:F, support_life?:F, visited?:F, turns_left:2
    [32,P]->attached?:F, support_life?:F, visited?:F, turns_left:2
    [33,A]->turns_left:2
    [34,P]->attached?:F, support_life?:F, visited?:F, turns_left:1
    [35,P]->attached?:F, support_life?:F, visited?:F, turns_left:1
    [36,P]->attached?:F, support_life?:F, visited?:F, turns_left:2
    [37,A]->turns_left:2
    [38,A]->turns_left:2
    [39,A]->turns_left:0
    [40,A]->turns_left:2
    [41,P]->attached?:F, support_life?:F, visited?:F, turns_left:1
  Deaths This Turn:none
    (1:1)  (1:2)  (1:3)  (1:4)  (1:5)  
    EP--   PAPY   P---   PAP-   P*--   
    (2:1)  (2:2)  (2:3)  (2:4)  (2:5)  
    P---   PPAY   P---   PP--   PP*-   
    (3:1)  (3:2)  (3:3)  (3:4)  (3:5)  
    PPP-   APP-   O---   PAPW   PW--   
    (4:1)  (4:2)  (4:3)  (4:4)  (4:5)  
    P---   A---   P---   PW--   A---   
    (5:1)  (5:2)  (5:3)  (5:4)  (5:5)  
    PP--   PY--   AAW-   AY--   AP--   
->move(N)
  state:2.0, mode:test, ok
  Movement:
    [0,E]:[1,1,1]->[5,1,3]
    [5,P]:[1,3,1]->[5,2,3]
    [7,A]:[1,4,2]->[5,4,3]
    [8,P]:[1,4,3]->[5,3,4]
    [10,P]:[2,1,1]->[1,1,1]
    [15,P]:[2,4,1]->[1,3,1]
    [16,P]:[2,4,2]->[2,3,2]
    [21,P]:[3,1,3]->[4,2,2]
    [23,P]:[3,2,2]->[4,3,2]
    [24,P]:[3,2,3]->[3,3,2]
    [28,P]:[3,5,1]
    [29,P]:[4,1,1]->[5,2,4]
    [39,A]:[5,4,1]->[4,3,3]
  Sectors:
    [1,1]->[10,P],[1,P],-,-
    [1,2]->[2,P],[3,A],[4,P],[-8,Y]
    [1,3]->[15,P],-,-,-
    [1,4]->[6,P],-,-,-
    [1,5]->[9,P],[-11,*],-,-
    [2,1]->-,-,-,-
    [2,2]->[11,P],[12,P],[13,A],[-6,Y]
    [2,3]->[14,P],[16,P],-,-
    [2,4]->-,-,-,-
    [2,5]->[17,P],[18,P],[-4,*],-
    [3,1]->[19,P],[20,P],-,-
    [3,2]->[22,A],-,-,-
    [3,3]->[-1,O],-,-,-
    [3,4]->[25,P],[26,A],[27,P],[-3,W]
    [3,5]->[28,P],[-7,W],-,-
    [4,1]->-,-,-,-
    [4,2]->[30,A],[21,P],-,-
    [4,3]->[31,P],[23,P],[39,A],-
    [4,4]->[32,P],[-10,W],-,-
    [4,5]->[33,A],-,-,-
    [5,1]->[34,P],[35,P],[0,E],-
    [5,2]->[36,P],[-5,Y],[5,P],[29,P]
    [5,3]->[37,A],[38,A],[-2,W],[8,P]
    [5,4]->-,[-9,Y],[7,A],-
    [5,5]->[40,A],[41,P],-,-
  Descriptions:
    [-11,*]->Luminosity:5
    [-10,W]->
    [-9,Y]->Luminosity:2
    [-8,Y]->Luminosity:2
    [-7,W]->
    [-6,Y]->Luminosity:2
    [-5,Y]->Luminosity:2
    [-4,*]->Luminosity:5
    [-3,W]->
    [-2,W]->
    [-1,O]->
    [0,E]->fuel:2/3, life:3/3, landed?:F
    [1,P]->attached?:F, support_life?:F, visited?:F, turns_left:0
    [2,P]->attached?:F, support_life?:F, visited?:F, turns_left:0
    [3,A]->turns_left:1
    [4,P]->attached?:F, support_life?:F, visited?:F, turns_left:1
    [5,P]->attached?:T, support_life?:T, visited?:F, turns_left:N/A
    [6,P]->attached?:F, support_life?:F, visited?:F, turns_left:0
    [7,A]->turns_left:2
    [8,P]->attached?:F, support_life?:F, visited?:F, turns_left:0
    [9,P]->attached?:F, support_life?:F, visited?:F, turns_left:0
    [10,P]->attached?:F, support_life?:F, visited?:F, turns_left:1
    [11,P]->attached?:F, support_life?:F, visited?:F, turns_left:0
    [12,P]->attached?:T, support_life?:T, visited?:F, turns_left:N/A
    [13,A]->turns_left:0
    [14,P]->attached?:F, support_life?:F, visited?:F, turns_left:1
    [15,P]->attached?:F, support_life?:F, visited?:F, turns_left:1
    [16,P]->attached?:F, support_life?:F, visited?:F, turns_left:2
    [17,P]->attached?:T, support_life?:F, visited?:F, turns_left:N/A
    [18,P]->attached?:F, support_life?:F, visited?:F, turns_left:0
    [19,P]->attached?:F, support_life?:F, visited?:F, turns_left:0
    [20,P]->attached?:F, support_life?:F, visited?:F, turns_left:0
    [21,P]->attached?:F, support_life?:F, visited?:F, turns_left:1
    [22,A]->turns_left:0
    [23,P]->attached?:F, support_life?:F, visited?:F, turns_left:1
    [25,P]->attached?:F, support_life?:F, visited?:F, turns_left:0
    [26,A]->turns_left:0
    [27,P]->attached?:F, support_life?:F, visited?:F, turns_left:0
    [28,P]->attached?:F, support_life?:F, visited?:F, turns_left:2
    [29,P]->attached?:T, support_life?:T, visited?:F, turns_left:N/A
    [30,A]->turns_left:1
    [31,P]->attached?:F, support_life?:F, visited?:F, turns_left:1
    [32,P]->attached?:F, support_life?:F, visited?:F, turns_left:1
    [33,A]->turns_left:1
    [34,P]->attached?:F, support_life?:F, visited?:F, turns_left:0
    [35,P]->attached?:F, support_life?:F, visited?:F, turns_left:0
    [36,P]->attached?:F, support_life?:F, visited?:F, turns_left:1
    [37,A]->turns_left:1
    [38,A]->turns_left:1
    [39,A]->turns_left:0
    [40,A]->turns_left:1
    [41,P]->attached?:F, support_life?:F, visited?:F, turns_left:0
  Deaths This Turn:
    [24,P]->attached?:F, support_life?:F, visited?:F, turns_left:N/A,
      Planet got devoured by blackhole (id: -1) at Sector:3:3
    (1:1)  (1:2)  (1:3)  (1:4)  (1:5)  
    PP--   PAPY   P---   P---   P*--   
    (2:1)  (2:2)  (2:3)  (2:4)  (2:5)  
    ----   PPAY   PP--   ----   PP*-   
    (3:1)  (3:2)  (3:3)  (3:4)  (3:5)  
    PP--   A---   O---   PAPW   PW--   
    (4:1)  (4:2)  (4:3)  (4:4)  (4:5)  
    ----   AP--   PPA-   PW--   A---   
    (5:1)  (5:2)  (5:3)  (5:4)  (5:5)  
    PPE-   PYPP   AAWP   -YA-   AP--   
->move(NE)
  state:3.0, mode:test, ok
  Movement:
    [0,E]:[5,1,3]->[4,2,3]
    [1,P]:[1,1,2]
    [6,P]:[1,4,1]->[1,3,2]
    [8,P]:[5,3,4]->[4,2,4]
    [13,A]:[2,2,3]->[3,1,3]
    [19,P]:[3,1,1]->[4,5,2]
    [20,P]:[3,1,2]
    [22,A]:[3,2,1]->[3,3,2]
    [25,P]:[3,4,1]->[3,3,2]
    [26,A]:[3,4,2]->[4,3,4]
    [27,P]:[3,4,3]->[3,3,2]
    [34,P]:[5,1,1]->[1,5,3]
    [35,P]:[5,1,2]->[5,5,3]
    [39,A]:[4,3,3]->[3,2,1]
    [41,P]:[5,5,2]->[1,1,3]
  Sectors:
    [1,1]->[10,P],[1,P],[41,P],-
    [1,2]->[2,P],[3,A],[4,P],[-8,Y]
    [1,3]->[15,P],[6,P],-,-
    [1,4]->-,-,-,-
    [1,5]->[9,P],[-11,*],[34,P],-
    [2,1]->-,-,-,-
    [2,2]->[11,P],[12,P],-,[-6,Y]
    [2,3]->[14,P],[16,P],-,-
    [2,4]->-,-,-,-
    [2,5]->[17,P],[18,P],[-4,*],-
    [3,1]->-,[20,P],[13,A],-
    [3,2]->[39,A],-,-,-
    [3,3]->[-1,O],-,-,-
    [3,4]->-,-,-,[-3,W]
    [3,5]->[28,P],[-7,W],-,-
    [4,1]->-,-,-,-
    [4,2]->[30,A],[21,P],[0,E],[8,P]
    [4,3]->[31,P],[23,P],-,[26,A]
    [4,4]->[32,P],[-10,W],-,-
    [4,5]->[33,A],[19,P],-,-
    [5,1]->-,-,-,-
    [5,2]->[36,P],[-5,Y],[5,P],[29,P]
    [5,3]->[37,A],[38,A],[-2,W],-
    [5,4]->-,[-9,Y],[7,A],-
    [5,5]->[40,A],-,[35,P],-
  Descriptions:
    [-11,*]->Luminosity:5
    [-10,W]->
    [-9,Y]->Luminosity:2
    [-8,Y]->Luminosity:2
    [-7,W]->
    [-6,Y]->Luminosity:2
    [-5,Y]->Luminosity:2
    [-4,*]->Luminosity:5
    [-3,W]->
    [-2,W]->
    [-1,O]->
    [0,E]->fuel:1/3, life:3/3, landed?:F
    [1,P]->attached?:F, support_life?:F, visited?:F, turns_left:2
    [2,P]->attached?:T, support_life?:T, visited?:F, turns_left:N/A
    [3,A]->turns_left:0
    [4,P]->attached?:F, support_life?:F, visited?:F, turns_left:0
    [5,P]->attached?:T, support_life?:T, visited?:F, turns_left:N/A
    [6,P]->attached?:F, support_life?:F, visited?:F, turns_left:2
    [7,A]->turns_left:1
    [8,P]->attached?:F, support_life?:F, visited?:F, turns_left:2
    [9,P]->attached?:T, support_life?:F, visited?:F, turns_left:N/A
    [10,P]->attached?:F, support_life?:F, visited?:F, turns_left:0
    [11,P]->attached?:T, support_life?:T, visited?:F, turns_left:N/A
    [12,P]->attached?:T, support_life?:T, visited?:F, turns_left:N/A
    [13,A]->turns_left:1
    [14,P]->attached?:F, support_life?:F, visited?:F, turns_left:0
    [15,P]->attached?:F, support_life?:F, visited?:F, turns_left:0
    [16,P]->attached?:F, support_life?:F, visited?:F, turns_left:1
    [17,P]->attached?:T, support_life?:F, visited?:F, turns_left:N/A
    [18,P]->attached?:T, support_life?:F, visited?:F, turns_left:N/A
    [19,P]->attached?:F, support_life?:F, visited?:F, turns_left:1
    [20,P]->attached?:F, support_life?:F, visited?:F, turns_left:1
    [21,P]->attached?:F, support_life?:F, visited?:F, turns_left:0
    [23,P]->attached?:F, support_life?:F, visited?:F, turns_left:0
    [26,A]->turns_left:1
    [28,P]->attached?:F, support_life?:F, visited?:F, turns_left:1
    [29,P]->attached?:T, support_life?:T, visited?:F, turns_left:N/A
    [30,A]->turns_left:0
    [31,P]->attached?:F, support_life?:F, visited?:F, turns_left:0
    [32,P]->attached?:F, support_life?:F, visited?:F, turns_left:0
    [33,A]->turns_left:0
    [34,P]->attached?:T, support_life?:F, visited?:F, turns_left:N/A
    [35,P]->attached?:F, support_life?:F, visited?:F, turns_left:2
    [36,P]->attached?:F, support_life?:F, visited?:F, turns_left:0
    [37,A]->turns_left:0
    [38,A]->turns_left:0
    [39,A]->turns_left:0
    [40,A]->turns_left:0
    [41,P]->attached?:F, support_life?:F, visited?:F, turns_left:1
  Deaths This Turn:
    [22,A]->turns_left:N/A,
      Asteroid got devoured by blackhole (id: -1) at Sector:3:3
    [25,P]->attached?:F, support_life?:F, visited?:F, turns_left:N/A,
      Planet got devoured by blackhole (id: -1) at Sector:3:3
    [27,P]->attached?:F, support_life?:F, visited?:F, turns_left:N/A,
      Planet got devoured by blackhole (id: -1) at Sector:3:3
    (1:1)  (1:2)  (1:3)  (1:4)  (1:5)  
    PPP-   PAPY   PP--   ----   P*P-   
    (2:1)  (2:2)  (2:3)  (2:4)  (2:5)  
    ----   PP-Y   PP--   ----   PP*-   
    (3:1)  (3:2)  (3:3)  (3:4)  (3:5)  
    -PA-   A---   O---   ---W   PW--   
    (4:1)  (4:2)  (4:3)  (4:4)  (4:5)  
    ----   APEP   PP-A   PW--   AP--   
    (5:1)  (5:2)  (5:3)  (5:4)  (5:5)  
    ----   PYPP   AAW-   -YA-   A-P-   
->pass
  state:4.0, mode:test, ok
  Explorer got destroyed by asteroid (id: 38) at Sector:4:2
  The game has ended. You can start a new game.
  Movement:
    [3,A]:[1,2,2]
    [10,P]:[1,1,1]->[5,5,2]
    [14,P]:[2,3,1]->[3,3,2]
    [15,P]:[1,3,1]->[2,4,1]
    [21,P]:[4,2,2]->[4,3,3]
    [23,P]:[4,3,2]->[3,3,2]
    [30,A]:[4,2,1]->[3,1,1]
    [31,P]:[4,3,1]->[3,4,1]
    [32,P]:[4,4,1]->[5,5,4]
    [33,A]:[4,5,1]->[3,5,3]
    [37,A]:[5,3,1]->[4,3,1]
    [38,A]:[5,3,2]->[4,2,1]
      destroyed [0,E] at [4,2,3]
    [39,A]:[3,2,1]->[4,1,1]
    [40,A]:[5,5,1]->[4,5,1]
  Sectors:
    [1,1]->-,[1,P],[41,P],-
    [1,2]->[2,P],[3,A],[4,P],[-8,Y]
    [1,3]->-,[6,P],-,-
    [1,4]->-,-,-,-
    [1,5]->[9,P],[-11,*],[34,P],-
    [2,1]->-,-,-,-
    [2,2]->[11,P],[12,P],-,[-6,Y]
    [2,3]->-,[16,P],-,-
    [2,4]->[15,P],-,-,-
    [2,5]->[17,P],[18,P],[-4,*],-
    [3,1]->[30,A],[20,P],[13,A],-
    [3,2]->-,-,-,-
    [3,3]->[-1,O],-,-,-
    [3,4]->[31,P],-,-,[-3,W]
    [3,5]->[28,P],[-7,W],[33,A],-
    [4,1]->[39,A],-,-,-
    [4,2]->[38,A],-,-,[8,P]
    [4,3]->[37,A],-,[21,P],[26,A]
    [4,4]->-,[-10,W],-,-
    [4,5]->[40,A],[19,P],-,-
    [5,1]->-,-,-,-
    [5,2]->[36,P],[-5,Y],[5,P],[29,P]
    [5,3]->-,-,[-2,W],-
    [5,4]->-,[-9,Y],[7,A],-
    [5,5]->-,[10,P],[35,P],[32,P]
  Descriptions:
    [-11,*]->Luminosity:5
    [-10,W]->
    [-9,Y]->Luminosity:2
    [-8,Y]->Luminosity:2
    [-7,W]->
    [-6,Y]->Luminosity:2
    [-5,Y]->Luminosity:2
    [-4,*]->Luminosity:5
    [-3,W]->
    [-2,W]->
    [-1,O]->
    [1,P]->attached?:F, support_life?:F, visited?:F, turns_left:1
    [2,P]->attached?:T, support_life?:T, visited?:F, turns_left:N/A
    [3,A]->turns_left:2
    [4,P]->attached?:T, support_life?:T, visited?:F, turns_left:N/A
    [5,P]->attached?:T, support_life?:T, visited?:F, turns_left:N/A
    [6,P]->attached?:F, support_life?:F, visited?:F, turns_left:1
    [7,A]->turns_left:0
    [8,P]->attached?:F, support_life?:F, visited?:F, turns_left:1
    [9,P]->attached?:T, support_life?:F, visited?:F, turns_left:N/A
    [10,P]->attached?:F, support_life?:F, visited?:F, turns_left:2
    [11,P]->attached?:T, support_life?:T, visited?:F, turns_left:N/A
    [12,P]->attached?:T, support_life?:T, visited?:F, turns_left:N/A
    [13,A]->turns_left:0
    [15,P]->attached?:F, support_life?:F, visited?:F, turns_left:0
    [16,P]->attached?:F, support_life?:F, visited?:F, turns_left:0
    [17,P]->attached?:T, support_life?:F, visited?:F, turns_left:N/A
    [18,P]->attached?:T, support_life?:F, visited?:F, turns_left:N/A
    [19,P]->attached?:F, support_life?:F, visited?:F, turns_left:0
    [20,P]->attached?:F, support_life?:F, visited?:F, turns_left:0
    [21,P]->attached?:F, support_life?:F, visited?:F, turns_left:2
    [26,A]->turns_left:0
    [28,P]->attached?:F, support_life?:F, visited?:F, turns_left:0
    [29,P]->attached?:T, support_life?:T, visited?:F, turns_left:N/A
    [30,A]->turns_left:0
    [31,P]->attached?:F, support_life?:F, visited?:F, turns_left:0
    [32,P]->attached?:F, support_life?:F, visited?:F, turns_left:1
    [33,A]->turns_left:1
    [34,P]->attached?:T, support_life?:F, visited?:F, turns_left:N/A
    [35,P]->attached?:F, support_life?:F, visited?:F, turns_left:1
    [36,P]->attached?:T, support_life?:F, visited?:F, turns_left:N/A
    [37,A]->turns_left:0
    [38,A]->turns_left:2
    [39,A]->turns_left:1
    [40,A]->turns_left:1
    [41,P]->attached?:F, support_life?:F, visited?:F, turns_left:0
  Deaths This Turn:
    [14,P]->attached?:F, support_life?:F, visited?:F, turns_left:N/A,
      Planet got devoured by blackhole (id: -1) at Sector:3:3
    [23,P]->attached?:F, support_life?:F, visited?:F, turns_left:N/A,
      Planet got devoured by blackhole (id: -1) at Sector:3:3
    [0,E]->fuel:1/3, life:0/3, landed?:F,
      Explorer got destroyed by asteroid (id: 38) at Sector:4:2
    (1:1)  (1:2)  (1:3)  (1:4)  (1:5)  
    -PP-   PAPY   -P--   ----   P*P-   
    (2:1)  (2:2)  (2:3)  (2:4)  (2:5)  
    ----   PP-Y   -P--   P---   PP*-   
    (3:1)  (3:2)  (3:3)  (3:4)  (3:5)  
    APA-   ----   O---   P--W   PWA-   
    (4:1)  (4:2)  (4:3)  (4:4)  (4:5)  
    A---   A--P   A-PA   -W--   AP--   
    (5:1)  (5:2)  (5:3)  (5:4)  (5:5)  
    ----   PYPP   --W-   -YA-   -PPP   
  Explorer got destroyed by asteroid (id: 38) at Sector:4:2
  The game has ended. You can start a new game.
