  state:0.0, ok
  Welcome! Try test(3,5,7,15,30)
->move(NW)
  state:0.1, error
  Negative on that request:no mission in progress.
->move(W)
  state:0.2, error
  Negative on that request:no mission in progress.
->abort
  state:0.3, error
  Negative on that request:no mission in progress.
->move(SW)
  state:0.4, error
  Negative on that request:no mission in progress.
->abort
  state:0.5, error
  Negative on that request:no mission in progress.
->move(W)
  state:0.6, error
  Negative on that request:no mission in progress.
->liftoff
  state:0.7, error
  Negative on that request:no mission in progress.
->wormhole
  state:0.8, error
  Negative on that request:no mission in progress.
->move(W)
  state:0.9, error
  Negative on that request:no mission in progress.
->move(E)
  state:0.10, error
  Negative on that request:no mission in progress.
->move(S)
  state:0.11, error
  Negative on that request:no mission in progress.
->move(E)
  state:0.12, error
  Negative on that request:no mission in progress.
->wormhole
  state:0.13, error
  Negative on that request:no mission in progress.
->move(SE)
  state:0.14, error
  Negative on that request:no mission in progress.
->move(N)
  state:0.15, error
  Negative on that request:no mission in progress.
->abort
  state:0.16, error
  Negative on that request:no mission in progress.
->pass
  state:0.17, error
  Negative on that request:no mission in progress.
->move(SW)
  state:0.18, error
  Negative on that request:no mission in progress.
->move(NE)
  state:0.19, error
  Negative on that request:no mission in progress.
->play
  state:1.0, mode:play, ok
  Movement:none
    (1:1)  (1:2)  (1:3)  (1:4)  (1:5)  
    E---   *---   P---   ----   PP--   
    (2:1)  (2:2)  (2:3)  (2:4)  (2:5)  
    ----   ----   W---   ----   P---   
    (3:1)  (3:2)  (3:3)  (3:4)  (3:5)  
    MY--   ----   O---   PW--   ----   
    (4:1)  (4:2)  (4:3)  (4:4)  (4:5)  
    W---   M*--   P---   P*--   ----   
    (5:1)  (5:2)  (5:3)  (5:4)  (5:5)  
    BW--   ----   *---   ----   PW--   
->pass
  state:2.0, mode:play, ok
  Movement:
    [3,P]:[1,5,2]->[5,4,1]
    [8,P]:[4,3,1]->[3,2,1]
    (1:1)  (1:2)  (1:3)  (1:4)  (1:5)  
    E---   *---   P---   ----   P---   
    (2:1)  (2:2)  (2:3)  (2:4)  (2:5)  
    ----   ----   W---   ----   P---   
    (3:1)  (3:2)  (3:3)  (3:4)  (3:5)  
    MY--   P---   O---   PW--   ----   
    (4:1)  (4:2)  (4:3)  (4:4)  (4:5)  
    W---   M*--   ----   P*--   ----   
    (5:1)  (5:2)  (5:3)  (5:4)  (5:5)  
    BW--   ----   *---   P---   PW--   
->pass
  state:3.0, mode:play, ok
  Movement:
    [5,M]:[3,1,1]->[3,5,1]
    [8,P]:[3,2,1]->[2,1,1]
    [10,B]:[5,1,1]->[5,2,1]
    (1:1)  (1:2)  (1:3)  (1:4)  (1:5)  
    E---   *---   P---   ----   P---   
    (2:1)  (2:2)  (2:3)  (2:4)  (2:5)  
    P---   ----   W---   ----   P---   
    (3:1)  (3:2)  (3:3)  (3:4)  (3:5)  
    -Y--   ----   O---   PW--   M---   
    (4:1)  (4:2)  (4:3)  (4:4)  (4:5)  
    W---   M*--   ----   P*--   ----   
    (5:1)  (5:2)  (5:3)  (5:4)  (5:5)  
    -W--   B---   *---   P---   PW--   
->move(N)
  state:4.0, mode:play, ok
  Movement:
    [0,E]:[1,1,1]->[5,1,1]
    [1,P]:[1,3,1]->[2,4,1]
    [2,P]:[1,5,1]->[2,5,2]
    [4,P]:[2,5,1]->[2,4,2]
    [6,P]:[3,4,1]->[2,3,2]
    [7,M]:[4,2,1]->[5,1,3]
      attacked [0,E] at [5,1,1]
    [10,B]:[5,2,1]->[5,1,4]
      destroyed [7,M] at [5,1,3]
    [11,P]:[5,5,1]->[1,4,1]
    (1:1)  (1:2)  (1:3)  (1:4)  (1:5)  
    ----   *---   ----   P---   ----   
    (2:1)  (2:2)  (2:3)  (2:4)  (2:5)  
    P---   ----   WP--   PP--   -P--   
    (3:1)  (3:2)  (3:3)  (3:4)  (3:5)  
    -Y--   ----   O---   -W--   M---   
    (4:1)  (4:2)  (4:3)  (4:4)  (4:5)  
    W---   -*--   ----   P*--   ----   
    (5:1)  (5:2)  (5:3)  (5:4)  (5:5)  
    EW-B   ----   *---   P---   -W--   
->move(NE)
  state:5.0, mode:play, ok
  Movement:
    [0,E]:[5,1,1]->[4,2,1]
    [2,P]:[2,5,2]->[1,5,1]
    [3,P]:[5,4,1]->[1,4,2]
    [6,P]:[2,3,2]->[3,2,1]
    [8,P]:[2,1,1]->[1,5,2]
    [10,B]:[5,1,4]->[5,3,2]
      reproduced [12,B] at [5,3,3]
    (1:1)  (1:2)  (1:3)  (1:4)  (1:5)  
    ----   *---   ----   PP--   PP--   
    (2:1)  (2:2)  (2:3)  (2:4)  (2:5)  
    ----   ----   W---   PP--   ----   
    (3:1)  (3:2)  (3:3)  (3:4)  (3:5)  
    -Y--   P---   O---   -W--   M---   
    (4:1)  (4:2)  (4:3)  (4:4)  (4:5)  
    W---   E*--   ----   P*--   ----   
    (5:1)  (5:2)  (5:3)  (5:4)  (5:5)  
    -W--   ----   *BB-   ----   -W--   
->move(NE)
  state:6.0, mode:play, ok
  Explorer got devoured by blackhole (id: -1) at Sector:3:3
  The game has ended. You can start a new game.
  Movement:
    [0,E]:[4,2,1]->[3,3,2]
    [1,P]:[2,4,1]->[1,4,3]
    [3,P]:[1,4,2]->[5,3,4]
    [5,M]:[3,5,1]->[2,1,1]
      reproduced [13,M] at [2,1,2]
    [6,P]:[3,2,1]->[2,1,3]
    [11,P]:[1,4,1]->[1,5,3]
    (1:1)  (1:2)  (1:3)  (1:4)  (1:5)  
    ----   *---   ----   --P-   PPP-   
    (2:1)  (2:2)  (2:3)  (2:4)  (2:5)  
    MMP-   ----   W---   -P--   ----   
    (3:1)  (3:2)  (3:3)  (3:4)  (3:5)  
    -Y--   ----   O---   -W--   ----   
    (4:1)  (4:2)  (4:3)  (4:4)  (4:5)  
    W---   -*--   ----   P*--   ----   
    (5:1)  (5:2)  (5:3)  (5:4)  (5:5)  
    -W--   ----   *BBP   ----   -W--   
->move(E)
  state:6.1, error
  Negative on that request:no mission in progress.
->move(SW)
  state:6.2, error
  Negative on that request:no mission in progress.
->move(SE)
  state:6.3, error
  Negative on that request:no mission in progress.
->move(NE)
  state:6.4, error
  Negative on that request:no mission in progress.
->status
  state:6.5, error
  Negative on that request:no mission in progress.
->status
  state:6.6, error
  Negative on that request:no mission in progress.
->pass
  state:6.7, error
  Negative on that request:no mission in progress.
->move(NE)
  state:6.8, error
  Negative on that request:no mission in progress.
->play
  state:7.0, mode:play, ok
  Movement:none
    (1:1)  (1:2)  (1:3)  (1:4)  (1:5)  
    EPPW   P---   Y---   ----   W---   
    (2:1)  (2:2)  (2:3)  (2:4)  (2:5)  
    B---   W---   ----   PY--   P---   
    (3:1)  (3:2)  (3:3)  (3:4)  (3:5)  
    Y---   P*--   O---   ----   Y---   
    (4:1)  (4:2)  (4:3)  (4:4)  (4:5)  
    P---   ----   *---   A---   P---   
    (5:1)  (5:2)  (5:3)  (5:4)  (5:5)  
    Y---   ----   P---   ----   ----   
->land
  state:7.1, mode:play, error
  Negative on that request:no yellow dwarf at Sector:1:1
->move(W)
  state:8.0, mode:play, ok
  Movement:
    [0,E]:[1,1,1]->[1,5,2]
    [6,P]:[2,5,1]->[1,5,3]
    [8,P]:[4,1,1]->[4,2,1]
    (1:1)  (1:2)  (1:3)  (1:4)  (1:5)  
    -PPW   P---   Y---   ----   WEP-   
    (2:1)  (2:2)  (2:3)  (2:4)  (2:5)  
    B---   W---   ----   PY--   ----   
    (3:1)  (3:2)  (3:3)  (3:4)  (3:5)  
    Y---   P*--   O---   ----   Y---   
    (4:1)  (4:2)  (4:3)  (4:4)  (4:5)  
    ----   P---   *---   A---   P---   
    (5:1)  (5:2)  (5:3)  (5:4)  (5:5)  
    Y---   ----   P---   ----   ----   
->move(W)
  state:9.0, mode:play, ok
  Movement:
    [0,E]:[1,5,2]->[1,4,1]
    [1,P]:[1,1,2]->[2,2,2]
    [2,P]:[1,1,3]->[5,2,1]
    [4,B]:[2,1,1]->[3,5,2]
    [9,A]:[4,4,1]->[4,5,2]
    [10,P]:[4,5,1]->[3,5,3]
    [11,P]:[5,3,1]->[1,2,2]
    (1:1)  (1:2)  (1:3)  (1:4)  (1:5)  
    ---W   PP--   Y---   E---   W-P-   
    (2:1)  (2:2)  (2:3)  (2:4)  (2:5)  
    ----   WP--   ----   PY--   ----   
    (3:1)  (3:2)  (3:3)  (3:4)  (3:5)  
    Y---   P*--   O---   ----   YBP-   
    (4:1)  (4:2)  (4:3)  (4:4)  (4:5)  
    ----   P---   *---   ----   -A--   
    (5:1)  (5:2)  (5:3)  (5:4)  (5:5)  
    Y---   P---   ----   ----   ----   
->play
  state:9.1, mode:play, error
  To start a new mission, please abort the current one first.
->pass
  state:10.0, mode:play, ok
  Movement:
    [1,P]:[2,2,2]->[2,3,1]
    [3,P]:[1,2,1]->[2,3,2]
    [4,B]:[3,5,2]->[2,1,1]
      reproduced [12,B] at [2,1,2]
    [6,P]:[1,5,3]->[1,4,2]
    (1:1)  (1:2)  (1:3)  (1:4)  (1:5)  
    ---W   -P--   Y---   EP--   W---   
    (2:1)  (2:2)  (2:3)  (2:4)  (2:5)  
    BB--   W---   PP--   PY--   ----   
    (3:1)  (3:2)  (3:3)  (3:4)  (3:5)  
    Y---   P*--   O---   ----   Y-P-   
    (4:1)  (4:2)  (4:3)  (4:4)  (4:5)  
    ----   P---   *---   ----   -A--   
    (5:1)  (5:2)  (5:3)  (5:4)  (5:5)  
    Y---   P---   ----   ----   ----   
->move(NE)
  state:11.0, mode:play, ok
  Explorer got lost in space - out of fuel at Sector:5:5
  The game has ended. You can start a new game.
  Movement:
    [0,E]:[1,4,1]->[5,5,1]
    [1,P]:[2,3,1]->[1,4,1]
    [2,P]:[5,2,1]->[5,1,2]
    [4,B]:[2,1,1]->[2,5,1]
    [8,P]:[4,2,1]->[4,3,2]
    [11,P]:[1,2,2]->[1,3,2]
    (1:1)  (1:2)  (1:3)  (1:4)  (1:5)  
    ---W   ----   YP--   PP--   W---   
    (2:1)  (2:2)  (2:3)  (2:4)  (2:5)  
    -B--   W---   -P--   PY--   B---   
    (3:1)  (3:2)  (3:3)  (3:4)  (3:5)  
    Y---   P*--   O---   ----   Y-P-   
    (4:1)  (4:2)  (4:3)  (4:4)  (4:5)  
    ----   ----   *P--   ----   -A--   
    (5:1)  (5:2)  (5:3)  (5:4)  (5:5)  
    YP--   ----   ----   ----   ----   
->pass
  state:11.1, error
  Negative on that request:no mission in progress.
->pass
  state:11.2, error
  Negative on that request:no mission in progress.
->move(E)
  state:11.3, error
  Negative on that request:no mission in progress.
->move(E)
  state:11.4, error
  Negative on that request:no mission in progress.
->move(S)
  state:11.5, error
  Negative on that request:no mission in progress.
->liftoff
  state:11.6, error
  Negative on that request:no mission in progress.
->play
  state:12.0, mode:play, ok
  Movement:none
    (1:1)  (1:2)  (1:3)  (1:4)  (1:5)  
    EBY-   ----   *---   BW--   B---   
    (2:1)  (2:2)  (2:3)  (2:4)  (2:5)  
    ----   BB--   J*--   BY--   P---   
    (3:1)  (3:2)  (3:3)  (3:4)  (3:5)  
    P---   *---   O---   BY--   B*--   
    (4:1)  (4:2)  (4:3)  (4:4)  (4:5)  
    ----   P---   ----   ----   B---   
    (5:1)  (5:2)  (5:3)  (5:4)  (5:5)  
    ----   P---   JY--   ----   *---   
->test(10,28,64,84,89)
  state:12.1, mode:play, error
  To start a new mission, please abort the current one first.
->move(E)
  state:13.0, mode:play, ok
  Movement:
    [0,E]:[1,1,1]->[1,2,1]
    [2,B]:[1,4,1]->[2,1,1]
    [5,B]:[2,2,2]->[3,3,2]
    [8,P]:[2,5,1]->[1,1,1]
    [9,P]:[3,1,1]->[2,5,1]
    [10,B]:[3,4,1]->[2,4,3]
    [13,B]:[4,5,1]->[4,4,1]
    [15,J]:[5,3,1]->[1,4,1]
    (1:1)  (1:2)  (1:3)  (1:4)  (1:5)  
    PBY-   E---   *---   JW--   B---   
    (2:1)  (2:2)  (2:3)  (2:4)  (2:5)  
    B---   B---   J*--   BYB-   P---   
    (3:1)  (3:2)  (3:3)  (3:4)  (3:5)  
    ----   *---   O---   -Y--   B*--   
    (4:1)  (4:2)  (4:3)  (4:4)  (4:5)  
    ----   P---   ----   B---   ----   
    (5:1)  (5:2)  (5:3)  (5:4)  (5:5)  
    ----   P---   -Y--   ----   *---   
->pass
  state:14.0, mode:play, ok
  Movement:
    [7,B]:[2,4,1]->[2,3,3]
    [9,P]:[2,5,1]->[3,1,1]
    [11,B]:[3,5,1]->[2,5,1]
    (1:1)  (1:2)  (1:3)  (1:4)  (1:5)  
    PBY-   E---   *---   JW--   B---   
    (2:1)  (2:2)  (2:3)  (2:4)  (2:5)  
    B---   B---   J*B-   -YB-   B---   
    (3:1)  (3:2)  (3:3)  (3:4)  (3:5)  
    P---   *---   O---   -Y--   -*--   
    (4:1)  (4:2)  (4:3)  (4:4)  (4:5)  
    ----   P---   ----   B---   ----   
    (5:1)  (5:2)  (5:3)  (5:4)  (5:5)  
    ----   P---   -Y--   ----   *---   
->status
  state:14.1, mode:play, ok
  Explorer status report:Travelling at cruise speed at [1,2,1]
  Life units left:3, Fuel units left:2
->play
  state:14.2, mode:play, error
  To start a new mission, please abort the current one first.
->land
  state:14.3, mode:play, error
  Negative on that request:no yellow dwarf at Sector:1:2
->move(E)
  state:15.0, mode:play, ok
  Movement:
    [0,E]:[1,2,1]->[1,3,2]
    [1,B]:[1,1,2]->[2,1,2]
    [2,B]:[2,1,1]->[1,1,2]
      reproduced [16,B] at [1,1,4]
    [3,B]:[1,5,1]->[5,1,1]
    [4,B]:[2,2,1]->[2,1,1]
    [6,J]:[2,3,1]->[2,2,1]
    [12,P]:[4,2,1]->[3,3,2]
    [13,B]:[4,4,1]->[4,3,1]
      reproduced [17,B] at [4,3,2]
    [14,P]:[5,2,1]->[1,2,1]
    [15,J]:[1,4,1]->[2,4,1]
    (1:1)  (1:2)  (1:3)  (1:4)  (1:5)  
    PBYB   P---   *E--   -W--   ----   
    (2:1)  (2:2)  (2:3)  (2:4)  (2:5)  
    BB--   J---   -*B-   JYB-   B---   
    (3:1)  (3:2)  (3:3)  (3:4)  (3:5)  
    P---   *---   O---   -Y--   -*--   
    (4:1)  (4:2)  (4:3)  (4:4)  (4:5)  
    ----   ----   BB--   ----   ----   
    (5:1)  (5:2)  (5:3)  (5:4)  (5:5)  
    B---   ----   -Y--   ----   *---   
->move(SE)
  state:16.0, mode:play, ok
  Movement:
    [0,E]:[1,3,2]->[2,4,4]
    [2,B]:[1,1,2]->[1,2,2]
    [4,B]:[2,1,1]->[2,2,2]
      reproduced [18,B] at [2,2,3]
    [6,J]:[2,2,1]->[2,3,1]
    [7,B]:[2,3,3]->[3,2,2]
      reproduced [19,B] at [3,2,3]
    [9,P]:[3,1,1]->[4,1,1]
    [10,B]:[2,4,3]->[2,3,3]
      reproduced [20,B] at [2,3,4]
    [11,B]:[2,5,1]->[3,1,1]
      reproduced [21,B] at [3,1,2]
    [16,B]:[1,1,4]->[2,1,1]
    [17,B]:[4,3,2]->[3,3,2]
    (1:1)  (1:2)  (1:3)  (1:4)  (1:5)  
    P-Y-   PB--   *---   -W--   ----   
    (2:1)  (2:2)  (2:3)  (2:4)  (2:5)  
    BB--   -BB-   J*BB   JY-E   ----   
    (3:1)  (3:2)  (3:3)  (3:4)  (3:5)  
    BB--   *BB-   O---   -Y--   -*--   
    (4:1)  (4:2)  (4:3)  (4:4)  (4:5)  
    P---   ----   B---   ----   ----   
    (5:1)  (5:2)  (5:3)  (5:4)  (5:5)  
    B---   ----   -Y--   ----   *---   
->wormhole
  state:16.1, mode:play, error
  Explorer couldn't find wormhole at Sector:2:4
->move(SW)
  state:17.0, mode:play, ok
  Explorer got devoured by blackhole (id: -1) at Sector:3:3
  The game has ended. You can start a new game.
  Movement:
    [0,E]:[2,4,4]->[3,3,2]
    [2,B]:[1,2,2]->[5,2,1]
      reproduced [22,B] at [5,2,2]
    [3,B]:[5,1,1]->[1,1,2]
      reproduced [23,B] at [1,1,4]
    [6,J]:[2,3,1]->[3,3,2]
    [13,B]:[4,3,1]->[5,2,3]
    [16,B]:[2,1,1]->[1,2,2]
      reproduced [24,B] at [1,2,3]
    [21,B]:[3,1,2]->[4,2,1]
    (1:1)  (1:2)  (1:3)  (1:4)  (1:5)  
    PBYB   PBB-   *---   -W--   ----   
    (2:1)  (2:2)  (2:3)  (2:4)  (2:5)  
    -B--   -BB-   -*BB   JY--   ----   
    (3:1)  (3:2)  (3:3)  (3:4)  (3:5)  
    B---   *BB-   O---   -Y--   -*--   
    (4:1)  (4:2)  (4:3)  (4:4)  (4:5)  
    P---   B---   ----   ----   ----   
    (5:1)  (5:2)  (5:3)  (5:4)  (5:5)  
    ----   BB--   -Y--   ----   *---   
->status
  state:17.1, error
  Negative on that request:no mission in progress.
->play
  state:18.0, mode:play, ok
  Movement:none
    (1:1)  (1:2)  (1:3)  (1:4)  (1:5)  
    EJW-   BY--   ----   ----   *---   
    (2:1)  (2:2)  (2:3)  (2:4)  (2:5)  
    ----   Y---   ----   ----   ----   
    (3:1)  (3:2)  (3:3)  (3:4)  (3:5)  
    M*--   M---   O---   ----   W---   
    (4:1)  (4:2)  (4:3)  (4:4)  (4:5)  
    P---   B---   ----   PW--   PPW-   
    (5:1)  (5:2)  (5:3)  (5:4)  (5:5)  
    B---   BY--   ----   ----   P*--   
->liftoff
  state:18.1, mode:play, error
  Negative on that request:you are not on a planet at Sector:1:1
->wormhole
  state:19.0, mode:play, ok
  Movement:
    [0,E]:[1,1,1]
    [10,B]:[5,1,1]->[1,1,4]
    (1:1)  (1:2)  (1:3)  (1:4)  (1:5)  
    EJWB   BY--   ----   ----   *---   
    (2:1)  (2:2)  (2:3)  (2:4)  (2:5)  
    ----   Y---   ----   ----   ----   
    (3:1)  (3:2)  (3:3)  (3:4)  (3:5)  
    M*--   M---   O---   ----   W---   
    (4:1)  (4:2)  (4:3)  (4:4)  (4:5)  
    P---   B---   ----   PW--   PPW-   
    (5:1)  (5:2)  (5:3)  (5:4)  (5:5)  
    ----   BY--   ----   ----   P*--   
->play
  state:19.1, mode:play, error
  To start a new mission, please abort the current one first.
->move(NW)
  state:20.0, mode:play, ok
  Movement:
    [0,E]:[1,1,1]->[5,5,3]
    [2,B]:[1,2,1]->[2,2,2]
    [7,P]:[4,4,1]->[3,3,2]
    [9,P]:[4,5,2]->[5,1,1]
    (1:1)  (1:2)  (1:3)  (1:4)  (1:5)  
    -JWB   -Y--   ----   ----   *---   
    (2:1)  (2:2)  (2:3)  (2:4)  (2:5)  
    ----   YB--   ----   ----   ----   
    (3:1)  (3:2)  (3:3)  (3:4)  (3:5)  
    M*--   M---   O---   ----   W---   
    (4:1)  (4:2)  (4:3)  (4:4)  (4:5)  
    P---   B---   ----   -W--   P-W-   
    (5:1)  (5:2)  (5:3)  (5:4)  (5:5)  
    P---   BY--   ----   ----   P*E-   
->pass
  state:21.0, mode:play, ok
  Movement:
    [1,J]:[1,1,2]->[1,5,2]
    [3,M]:[3,1,1]->[4,1,2]
    [4,M]:[3,2,1]->[2,2,3]
    [5,P]:[4,1,1]->[5,1,2]
    [6,B]:[4,2,1]->[4,3,1]
    [8,P]:[4,5,1]->[5,1,3]
    [10,B]:[1,1,4]->[1,1,1]
      reproduced [13,B] at [1,1,2]
    [11,B]:[5,2,1]->[1,1,4]
    (1:1)  (1:2)  (1:3)  (1:4)  (1:5)  
    BBWB   -Y--   ----   ----   *J--   
    (2:1)  (2:2)  (2:3)  (2:4)  (2:5)  
    ----   YBM-   ----   ----   ----   
    (3:1)  (3:2)  (3:3)  (3:4)  (3:5)  
    -*--   ----   O---   ----   W---   
    (4:1)  (4:2)  (4:3)  (4:4)  (4:5)  
    -M--   ----   B---   -W--   --W-   
    (5:1)  (5:2)  (5:3)  (5:4)  (5:5)  
    PPP-   -Y--   ----   ----   P*E-   
->play
  state:21.1, mode:play, error
  To start a new mission, please abort the current one first.
->pass
  state:22.0, mode:play, ok
  Movement:
    [1,J]:[1,5,2]->[2,1,1]
    [2,B]:[2,2,2]->[2,3,1]
      reproduced [14,B] at [2,3,2]
    [6,B]:[4,3,1]->[3,2,1]
      reproduced [15,B] at [3,2,2]
    [8,P]:[5,1,3]->[5,5,4]
    [11,B]:[1,1,4]->[3,3,2]
    [13,B]:[1,1,2]->[4,3,1]
    (1:1)  (1:2)  (1:3)  (1:4)  (1:5)  
    B-W-   -Y--   ----   ----   *---   
    (2:1)  (2:2)  (2:3)  (2:4)  (2:5)  
    J---   Y-M-   BB--   ----   ----   
    (3:1)  (3:2)  (3:3)  (3:4)  (3:5)  
    -*--   BB--   O---   ----   W---   
    (4:1)  (4:2)  (4:3)  (4:4)  (4:5)  
    -M--   ----   B---   -W--   --W-   
    (5:1)  (5:2)  (5:3)  (5:4)  (5:5)  
    PP--   -Y--   ----   ----   P*EP   
->play
  state:22.1, mode:play, error
  To start a new mission, please abort the current one first.
->play
  state:22.2, mode:play, error
  To start a new mission, please abort the current one first.
->move(N)
  state:23.0, mode:play, ok
  Movement:
    [0,E]:[5,5,3]->[4,5,1]
    [3,M]:[4,1,2]->[4,2,1]
      reproduced [16,M] at [4,2,2]
    [4,M]:[2,2,3]->[1,3,1]
      reproduced [17,M] at [1,3,2]
    [9,P]:[5,1,1]->[4,5,2]
    [13,B]:[4,3,1]->[3,3,2]
    [14,B]:[2,3,2]->[3,3,2]
    (1:1)  (1:2)  (1:3)  (1:4)  (1:5)  
    B-W-   -Y--   MM--   ----   *---   
    (2:1)  (2:2)  (2:3)  (2:4)  (2:5)  
    J---   Y---   B---   ----   ----   
    (3:1)  (3:2)  (3:3)  (3:4)  (3:5)  
    -*--   BB--   O---   ----   W---   
    (4:1)  (4:2)  (4:3)  (4:4)  (4:5)  
    ----   MM--   ----   -W--   EPW-   
    (5:1)  (5:2)  (5:3)  (5:4)  (5:5)  
    -P--   -Y--   ----   ----   P*-P   
->move(N)
  state:24.0, mode:play, ok
  Movement:
    [0,E]:[4,5,1]->[3,5,2]
    [4,M]:[1,3,1]->[5,3,1]
    [5,P]:[5,1,2]->[4,5,1]
    [6,B]:[3,2,1]->[3,3,2]
    [9,P]:[4,5,2]->[3,1,1]
    [10,B]:[1,1,1]->[3,2,1]
    [15,B]:[3,2,2]->[3,1,3]
    [17,M]:[1,3,2]->[1,2,1]
    (1:1)  (1:2)  (1:3)  (1:4)  (1:5)  
    --W-   MY--   ----   ----   *---   
    (2:1)  (2:2)  (2:3)  (2:4)  (2:5)  
    J---   Y---   B---   ----   ----   
    (3:1)  (3:2)  (3:3)  (3:4)  (3:5)  
    P*B-   B---   O---   ----   WE--   
    (4:1)  (4:2)  (4:3)  (4:4)  (4:5)  
    ----   MM--   ----   -W--   P-W-   
    (5:1)  (5:2)  (5:3)  (5:4)  (5:5)  
    ----   -Y--   M---   ----   P*-P   
->land
  state:24.1, mode:play, error
  Negative on that request:no yellow dwarf at Sector:3:5
->status
  state:24.2, mode:play, ok
  Explorer status report:Travelling at cruise speed at [3,5,2]
  Life units left:3, Fuel units left:1
->move(W)
  state:25.0, mode:play, ok
  Explorer got lost in space - out of fuel at Sector:3:4
  The game has ended. You can start a new game.
  Movement:
    [0,E]:[3,5,2]->[3,4,1]
    [1,J]:[2,1,1]->[2,5,1]
      reproduced [18,J] at [2,5,2]
    [2,B]:[2,3,1]->[3,3,2]
    [3,M]:[4,2,1]->[3,2,2]
    [4,M]:[5,3,1]->[1,4,1]
    (1:1)  (1:2)  (1:3)  (1:4)  (1:5)  
    --W-   MY--   ----   ----   *---   
    (2:1)  (2:2)  (2:3)  (2:4)  (2:5)  
    ----   Y---   ----   ----   JJ--   
    (3:1)  (3:2)  (3:3)  (3:4)  (3:5)  
    P*B-   B---   O---   ----   W---   
    (4:1)  (4:2)  (4:3)  (4:4)  (4:5)  
    ----   -M--   ----   -W--   P-W-   
    (5:1)  (5:2)  (5:3)  (5:4)  (5:5)  
    ----   -Y--   ----   ----   P*-P   
->wormhole
  state:25.1, error
  Negative on that request:no mission in progress.
->move(E)
  state:25.2, error
  Negative on that request:no mission in progress.
->move(S)
  state:25.3, error
  Negative on that request:no mission in progress.
->play
  state:26.0, mode:play, ok
  Movement:none
    (1:1)  (1:2)  (1:3)  (1:4)  (1:5)  
    E---   J---   W---   A*--   *---   
    (2:1)  (2:2)  (2:3)  (2:4)  (2:5)  
    ----   ----   W---   Y---   ----   
    (3:1)  (3:2)  (3:3)  (3:4)  (3:5)  
    P---   Y---   O---   ----   ----   
    (4:1)  (4:2)  (4:3)  (4:4)  (4:5)  
    ----   W---   PB--   P---   W---   
    (5:1)  (5:2)  (5:3)  (5:4)  (5:5)  
    PPPW   P---   P---   *---   ----   
->move(SW)
  state:27.0, mode:play, ok
  Movement:
    [0,E]:[1,1,1]->[2,5,1]
    [2,A]:[1,4,1]->[1,3,2]
    [3,P]:[3,1,1]->[3,5,1]
    [4,P]:[4,3,1]->[3,3,2]
    [5,B]:[4,3,2]->[4,4,2]
    [6,P]:[4,4,1]->[3,3,2]
    [9,P]:[5,1,3]->[4,5,2]
    (1:1)  (1:2)  (1:3)  (1:4)  (1:5)  
    ----   J---   WA--   -*--   *---   
    (2:1)  (2:2)  (2:3)  (2:4)  (2:5)  
    ----   ----   W---   Y---   E---   
    (3:1)  (3:2)  (3:3)  (3:4)  (3:5)  
    ----   Y---   O---   ----   P---   
    (4:1)  (4:2)  (4:3)  (4:4)  (4:5)  
    ----   W---   ----   -B--   WP--   
    (5:1)  (5:2)  (5:3)  (5:4)  (5:5)  
    PP-W   P---   P---   *---   ----   
->abort
  state:27.1, ok
  Mission aborted. Try test(3,5,7,15,30)
->land
  state:27.2, error
  Negative on that request:no mission in progress.
->land
  state:27.3, error
  Negative on that request:no mission in progress.
->play
  state:28.0, mode:play, ok
  Movement:none
    (1:1)  (1:2)  (1:3)  (1:4)  (1:5)  
    EP*-   Y---   PY--   PW--   W---   
    (2:1)  (2:2)  (2:3)  (2:4)  (2:5)  
    ----   ----   ----   J---   ----   
    (3:1)  (3:2)  (3:3)  (3:4)  (3:5)  
    W---   *---   O---   ----   ----   
    (4:1)  (4:2)  (4:3)  (4:4)  (4:5)  
    PY--   ----   P---   ----   ----   
    (5:1)  (5:2)  (5:3)  (5:4)  (5:5)  
    ----   Y---   ----   B---   *---   
->wormhole
  state:28.1, mode:play, error
  Explorer couldn't find wormhole at Sector:1:1
->test(51,63,69,91,98)
  state:28.2, mode:play, error
  To start a new mission, please abort the current one first.
->move(SW)
  state:29.0, mode:play, ok
  Movement:
    [0,E]:[1,1,1]->[2,5,1]
    (1:1)  (1:2)  (1:3)  (1:4)  (1:5)  
    -P*-   Y---   PY--   PW--   W---   
    (2:1)  (2:2)  (2:3)  (2:4)  (2:5)  
    ----   ----   ----   J---   E---   
    (3:1)  (3:2)  (3:3)  (3:4)  (3:5)  
    W---   *---   O---   ----   ----   
    (4:1)  (4:2)  (4:3)  (4:4)  (4:5)  
    PY--   ----   P---   ----   ----   
    (5:1)  (5:2)  (5:3)  (5:4)  (5:5)  
    ----   Y---   ----   B---   *---   
->test(29,42,6,8,81)
  state:29.1, mode:play, error
  To start a new mission, please abort the current one first.
->play
  state:29.2, mode:play, error
  To start a new mission, please abort the current one first.
->move(NE)
  state:30.0, mode:play, ok
  Movement:
    [0,E]:[2,5,1]->[1,1,1]
    [4,J]:[2,4,1]->[1,3,3]
    [6,P]:[4,3,1]->[4,2,1]
    [7,B]:[5,4,1]->[4,3,1]
    (1:1)  (1:2)  (1:3)  (1:4)  (1:5)  
    EP*-   Y---   PYJ-   PW--   W---   
    (2:1)  (2:2)  (2:3)  (2:4)  (2:5)  
    ----   ----   ----   ----   ----   
    (3:1)  (3:2)  (3:3)  (3:4)  (3:5)  
    W---   *---   O---   ----   ----   
    (4:1)  (4:2)  (4:3)  (4:4)  (4:5)  
    PY--   P---   B---   ----   ----   
    (5:1)  (5:2)  (5:3)  (5:4)  (5:5)  
    ----   Y---   ----   ----   *---   
->pass
  state:31.0, mode:play, ok
  Movement:
    [3,P]:[1,4,1]->[2,3,1]
    [4,J]:[1,3,3]->[1,2,2]
    [6,P]:[4,2,1]->[3,3,2]
    (1:1)  (1:2)  (1:3)  (1:4)  (1:5)  
    EP*-   YJ--   PY--   -W--   W---   
    (2:1)  (2:2)  (2:3)  (2:4)  (2:5)  
    ----   ----   P---   ----   ----   
    (3:1)  (3:2)  (3:3)  (3:4)  (3:5)  
    W---   *---   O---   ----   ----   
    (4:1)  (4:2)  (4:3)  (4:4)  (4:5)  
    PY--   ----   B---   ----   ----   
    (5:1)  (5:2)  (5:3)  (5:4)  (5:5)  
    ----   Y---   ----   ----   *---   
->test(100,32,36,63,89)
  state:31.1, mode:play, error
  To start a new mission, please abort the current one first.
->test(19,56,7,84,94)
  state:31.2, mode:play, error
  To start a new mission, please abort the current one first.
->move(S)
  state:32.0, mode:play, ok
  Movement:
    [0,E]:[1,1,1]->[2,1,1]
    [4,J]:[1,2,2]->[1,3,3]
      reproduced [8,J] at [1,3,4]
    [7,B]:[4,3,1]->[5,3,1]
      reproduced [9,B] at [5,3,2]
    (1:1)  (1:2)  (1:3)  (1:4)  (1:5)  
    -P*-   Y---   PYJJ   -W--   W---   
    (2:1)  (2:2)  (2:3)  (2:4)  (2:5)  
    E---   ----   P---   ----   ----   
    (3:1)  (3:2)  (3:3)  (3:4)  (3:5)  
    W---   *---   O---   ----   ----   
    (4:1)  (4:2)  (4:3)  (4:4)  (4:5)  
    PY--   ----   ----   ----   ----   
    (5:1)  (5:2)  (5:3)  (5:4)  (5:5)  
    ----   Y---   BB--   ----   *---   
->test(15,49,5,75,84)
  state:32.1, mode:play, error
  To start a new mission, please abort the current one first.
->move(SE)
  state:33.0, mode:play, ok
  Movement:
    [0,E]:[2,1,1]->[3,2,2]
    (1:1)  (1:2)  (1:3)  (1:4)  (1:5)  
    -P*-   Y---   PYJJ   -W--   W---   
    (2:1)  (2:2)  (2:3)  (2:4)  (2:5)  
    ----   ----   P---   ----   ----   
    (3:1)  (3:2)  (3:3)  (3:4)  (3:5)  
    W---   *E--   O---   ----   ----   
    (4:1)  (4:2)  (4:3)  (4:4)  (4:5)  
    PY--   ----   ----   ----   ----   
    (5:1)  (5:2)  (5:3)  (5:4)  (5:5)  
    ----   Y---   BB--   ----   *---   
->land
  state:33.1, mode:play, error
  Negative on that request:no yellow dwarf at Sector:3:2
->test(10,18,33,57,65)
  state:33.2, mode:play, error
  To start a new mission, please abort the current one first.
->test(18,2,23,33,82)
  state:33.3, mode:play, error
  To start a new mission, please abort the current one first.
->move(E)
  state:34.0, mode:play, ok
  Explorer got devoured by blackhole (id: -1) at Sector:3:3
  The game has ended. You can start a new game.
  Movement:
    [0,E]:[3,2,2]->[3,3,2]
    [3,P]:[2,3,1]->[1,2,2]
    [4,J]:[1,3,3]->[5,4,1]
    [7,B]:[5,3,1]->[5,2,2]
    [8,J]:[1,3,4]->[2,3,1]
    [9,B]:[5,3,2]->[5,4,2]
    (1:1)  (1:2)  (1:3)  (1:4)  (1:5)  
    -P*-   YP--   PY--   -W--   W---   
    (2:1)  (2:2)  (2:3)  (2:4)  (2:5)  
    ----   ----   J---   ----   ----   
    (3:1)  (3:2)  (3:3)  (3:4)  (3:5)  
    W---   *---   O---   ----   ----   
    (4:1)  (4:2)  (4:3)  (4:4)  (4:5)  
    PY--   ----   ----   ----   ----   
    (5:1)  (5:2)  (5:3)  (5:4)  (5:5)  
    ----   YB--   ----   JB--   *---   
->test(13,17,19,68,74)
  state:35.0, mode:test, ok
  Movement:none
  Sectors:
    [1,1]->[0,E],[1,A],-,-
    [1,2]->[2,A],[-11,*],-,-
    [1,3]->[3,B],-,-,-
    [1,4]->[4,A],[5,A],-,-
    [1,5]->[6,B],[7,A],-,-
    [2,1]->[8,B],-,-,-
    [2,2]->[9,B],[10,B],[-3,Y],-
    [2,3]->[11,P],-,-,-
    [2,4]->[12,B],[13,B],[-8,Y],-
    [2,5]->[14,A],[-10,*],-,-
    [3,1]->[15,B],-,-,-
    [3,2]->-,-,-,-
    [3,3]->[-1,O],-,-,-
    [3,4]->[16,B],[17,B],-,-
    [3,5]->[18,J],[19,B],[20,J],[-2,W]
    [4,1]->[21,B],[22,B],-,-
    [4,2]->[23,B],[24,B],[25,A],[-7,*]
    [4,3]->[-9,W],-,-,-
    [4,4]->[26,P],[27,A],[28,J],-
    [4,5]->[29,B],[30,A],-,-
    [5,1]->[31,B],[32,B],[-6,*],-
    [5,2]->[33,B],[-4,Y],-,-
    [5,3]->[34,B],-,-,-
    [5,4]->[-5,W],-,-,-
    [5,5]->[35,B],[36,B],[37,A],-
  Descriptions:
    [-11,*]->Luminosity:5
    [-10,*]->Luminosity:5
    [-9,W]->
    [-8,Y]->Luminosity:2
    [-7,*]->Luminosity:5
    [-6,*]->Luminosity:5
    [-5,W]->
    [-4,Y]->Luminosity:2
    [-3,Y]->Luminosity:2
    [-2,W]->
    [-1,O]->
    [0,E]->fuel:3/3, life:3/3, landed?:F
    [1,A]->turns_left:1
    [2,A]->turns_left:2
    [3,B]->fuel:3/3, actions_left_until_reproduction:1/1, turns_left:2
    [4,A]->turns_left:2
    [5,A]->turns_left:1
    [6,B]->fuel:3/3, actions_left_until_reproduction:1/1, turns_left:0
    [7,A]->turns_left:1
    [8,B]->fuel:3/3, actions_left_until_reproduction:1/1, turns_left:1
    [9,B]->fuel:3/3, actions_left_until_reproduction:1/1, turns_left:0
    [10,B]->fuel:3/3, actions_left_until_reproduction:1/1, turns_left:1
    [11,P]->attached?:F, support_life?:F, visited?:F, turns_left:0
    [12,B]->fuel:3/3, actions_left_until_reproduction:1/1, turns_left:1
    [13,B]->fuel:3/3, actions_left_until_reproduction:1/1, turns_left:1
    [14,A]->turns_left:1
    [15,B]->fuel:3/3, actions_left_until_reproduction:1/1, turns_left:1
    [16,B]->fuel:3/3, actions_left_until_reproduction:1/1, turns_left:1
    [17,B]->fuel:3/3, actions_left_until_reproduction:1/1, turns_left:1
    [18,J]->fuel:5/5, load:0/2, actions_left_until_reproduction:2/2, turns_left:2
    [19,B]->fuel:3/3, actions_left_until_reproduction:1/1, turns_left:0
    [20,J]->fuel:5/5, load:0/2, actions_left_until_reproduction:2/2, turns_left:0
    [21,B]->fuel:3/3, actions_left_until_reproduction:1/1, turns_left:2
    [22,B]->fuel:3/3, actions_left_until_reproduction:1/1, turns_left:1
    [23,B]->fuel:3/3, actions_left_until_reproduction:1/1, turns_left:0
    [24,B]->fuel:3/3, actions_left_until_reproduction:1/1, turns_left:1
    [25,A]->turns_left:2
    [26,P]->attached?:F, support_life?:F, visited?:F, turns_left:1
    [27,A]->turns_left:1
    [28,J]->fuel:5/5, load:0/2, actions_left_until_reproduction:2/2, turns_left:0
    [29,B]->fuel:3/3, actions_left_until_reproduction:1/1, turns_left:2
    [30,A]->turns_left:1
    [31,B]->fuel:3/3, actions_left_until_reproduction:1/1, turns_left:0
    [32,B]->fuel:3/3, actions_left_until_reproduction:1/1, turns_left:0
    [33,B]->fuel:3/3, actions_left_until_reproduction:1/1, turns_left:0
    [34,B]->fuel:3/3, actions_left_until_reproduction:1/1, turns_left:1
    [35,B]->fuel:3/3, actions_left_until_reproduction:1/1, turns_left:0
    [36,B]->fuel:3/3, actions_left_until_reproduction:1/1, turns_left:2
    [37,A]->turns_left:1
  Deaths This Turn:none
    (1:1)  (1:2)  (1:3)  (1:4)  (1:5)  
    EA--   A*--   B---   AA--   BA--   
    (2:1)  (2:2)  (2:3)  (2:4)  (2:5)  
    B---   BBY-   P---   BBY-   A*--   
    (3:1)  (3:2)  (3:3)  (3:4)  (3:5)  
    B---   ----   O---   BB--   JBJW   
    (4:1)  (4:2)  (4:3)  (4:4)  (4:5)  
    BB--   BBA*   W---   PAJ-   BA--   
    (5:1)  (5:2)  (5:3)  (5:4)  (5:5)  
    BB*-   BY--   B---   W---   BBA-   
->abort
  state:35.1, ok
  Mission aborted. Try test(3,5,7,15,30)
