  state:0.0, ok
  Welcome! Try test(3,5,7,15,30)
->move(SW)
  state:0.1, error
  Negative on that request:no mission in progress.
->play
  state:1.0, mode:play, ok
  Movement:none
    (1:1)  (1:2)  (1:3)  (1:4)  (1:5)  
    E---   *---   P---   ----   PP--   
    (2:1)  (2:2)  (2:3)  (2:4)  (2:5)  
    ----   ----   W---   ----   P---   
    (3:1)  (3:2)  (3:3)  (3:4)  (3:5)  
    MY--   ----   O---   PW--   ----   
    (4:1)  (4:2)  (4:3)  (4:4)  (4:5)  
    W---   M*--   P---   P*--   ----   
    (5:1)  (5:2)  (5:3)  (5:4)  (5:5)  
    BW--   ----   *---   ----   PW--   
->move(S)
  state:2.0, mode:play, ok
  Movement:
    [0,E]:[1,1,1]->[2,1,1]
    [3,P]:[1,5,2]->[5,4,1]
    [8,P]:[4,3,1]->[3,2,1]
    (1:1)  (1:2)  (1:3)  (1:4)  (1:5)  
    ----   *---   P---   ----   P---   
    (2:1)  (2:2)  (2:3)  (2:4)  (2:5)  
    E---   ----   W---   ----   P---   
    (3:1)  (3:2)  (3:3)  (3:4)  (3:5)  
    MY--   P---   O---   PW--   ----   
    (4:1)  (4:2)  (4:3)  (4:4)  (4:5)  
    W---   M*--   ----   P*--   ----   
    (5:1)  (5:2)  (5:3)  (5:4)  (5:5)  
    BW--   ----   *---   P---   PW--   
->status
  state:2.1, mode:play, ok
  Explorer status report:Travelling at cruise speed at [2,1,1]
  Life units left:3, Fuel units left:2
->land
  state:2.2, mode:play, error
  Negative on that request:no yellow dwarf at Sector:2:1
->land
  state:2.3, mode:play, error
  Negative on that request:no yellow dwarf at Sector:2:1
->abort
  state:2.4, ok
  Mission aborted. Try test(3,5,7,15,30)
->land
  state:2.5, error
  Negative on that request:no mission in progress.
->move(N)
  state:2.6, error
  Negative on that request:no mission in progress.
->move(SE)
  state:2.7, error
  Negative on that request:no mission in progress.
->wormhole
  state:2.8, error
  Negative on that request:no mission in progress.
->play
  state:3.0, mode:play, ok
  Movement:none
    (1:1)  (1:2)  (1:3)  (1:4)  (1:5)  
    EPPA   BP--   M---   ----   *---   
    (2:1)  (2:2)  (2:3)  (2:4)  (2:5)  
    Y---   P*--   ----   AW--   BY--   
    (3:1)  (3:2)  (3:3)  (3:4)  (3:5)  
    ----   P---   O---   PY--   Y---   
    (4:1)  (4:2)  (4:3)  (4:4)  (4:5)  
    Y---   *---   B---   ----   ----   
    (5:1)  (5:2)  (5:3)  (5:4)  (5:5)  
    P---   P---   *---   P---   ----   
->wormhole
  state:3.1, mode:play, error
  Explorer couldn't find wormhole at Sector:1:1
->move(SE)
  state:4.0, mode:play, ok
  Movement:
    [0,E]:[1,1,1]->[2,2,3]
    [3,A]:[1,1,4]->[5,1,2]
    [4,B]:[1,2,1]->[5,3,2]
    [6,M]:[1,3,1]->[5,3,3]
    [8,A]:[2,4,1]->[3,4,3]
    [13,P]:[5,1,1]->[1,2,1]
    [14,P]:[5,2,1]->[1,3,1]
    (1:1)  (1:2)  (1:3)  (1:4)  (1:5)  
    -PP-   PP--   P---   ----   *---   
    (2:1)  (2:2)  (2:3)  (2:4)  (2:5)  
    Y---   P*E-   ----   -W--   BY--   
    (3:1)  (3:2)  (3:3)  (3:4)  (3:5)  
    ----   P---   O---   PYA-   Y---   
    (4:1)  (4:2)  (4:3)  (4:4)  (4:5)  
    Y---   *---   B---   ----   ----   
    (5:1)  (5:2)  (5:3)  (5:4)  (5:5)  
    -A--   ----   *BM-   P---   ----   
->pass
  state:5.0, mode:play, ok
  Movement:
    [1,P]:[1,1,2]->[5,1,1]
    [9,B]:[2,5,1]->[1,5,2]
    [10,P]:[3,2,1]->[4,3,2]
    [12,B]:[4,3,1]->[4,4,1]
    [13,P]:[1,2,1]->[2,2,4]
    [15,P]:[5,4,1]->[4,4,2]
    (1:1)  (1:2)  (1:3)  (1:4)  (1:5)  
    --P-   -P--   P---   ----   *B--   
    (2:1)  (2:2)  (2:3)  (2:4)  (2:5)  
    Y---   P*EP   ----   -W--   -Y--   
    (3:1)  (3:2)  (3:3)  (3:4)  (3:5)  
    ----   ----   O---   PYA-   Y---   
    (4:1)  (4:2)  (4:3)  (4:4)  (4:5)  
    Y---   *---   -P--   BP--   ----   
    (5:1)  (5:2)  (5:3)  (5:4)  (5:5)  
    PA--   ----   *BM-   ----   ----   
->status
  state:5.1, mode:play, ok
  Explorer status report:Travelling at cruise speed at [2,2,3]
  Life units left:3, Fuel units left:3
->move(SE)
  state:6.0, mode:play, ok
  Explorer got devoured by blackhole (id: -1) at Sector:3:3
  The game has ended. You can start a new game.
  Movement:
    [0,E]:[2,2,3]->[3,3,2]
    [1,P]:[5,1,1]->[1,5,3]
    [2,P]:[1,1,3]->[5,2,1]
    [4,B]:[5,3,2]->[1,4,1]
      reproduced [16,B] at [1,4,2]
    [5,P]:[1,2,2]->[5,2,2]
    [6,M]:[5,3,3]->[4,4,3]
      reproduced [17,M] at [4,4,4]
    [9,B]:[1,5,2]->[1,4,3]
      reproduced [18,B] at [1,4,4]
    [10,P]:[4,3,2]->[5,4,1]
    [12,B]:[4,4,1]->[5,4,2]
      reproduced [19,B] at [5,4,3]
    [14,P]:[1,3,1]
    (1:1)  (1:2)  (1:3)  (1:4)  (1:5)  
    ----   ----   P---   BBBB   *-P-   
    (2:1)  (2:2)  (2:3)  (2:4)  (2:5)  
    Y---   P*-P   ----   -W--   -Y--   
    (3:1)  (3:2)  (3:3)  (3:4)  (3:5)  
    ----   ----   O---   PYA-   Y---   
    (4:1)  (4:2)  (4:3)  (4:4)  (4:5)  
    Y---   *---   ----   -PMM   ----   
    (5:1)  (5:2)  (5:3)  (5:4)  (5:5)  
    -A--   PP--   *---   PBB-   ----   
->move(W)
  state:6.1, error
  Negative on that request:no mission in progress.
->land
  state:6.2, error
  Negative on that request:no mission in progress.
->play
  state:7.0, mode:play, ok
  Movement:none
    (1:1)  (1:2)  (1:3)  (1:4)  (1:5)  
    EB--   P---   P*--   ----   B---   
    (2:1)  (2:2)  (2:3)  (2:4)  (2:5)  
    BW--   ----   Y---   B---   B---   
    (3:1)  (3:2)  (3:3)  (3:4)  (3:5)  
    ----   BB--   O---   JW--   B*--   
    (4:1)  (4:2)  (4:3)  (4:4)  (4:5)  
    PY--   P*--   ----   BY--   B---   
    (5:1)  (5:2)  (5:3)  (5:4)  (5:5)  
    ----   P---   Y---   ----   BY--   
->move(N)
  state:8.0, mode:play, ok
  Movement:
    [0,E]:[1,1,1]->[5,1,1]
    [2,P]:[1,2,1]->[1,3,3]
    [4,B]:[1,5,1]->[1,4,1]
    [6,B]:[2,4,1]->[1,3,4]
    [9,B]:[3,2,2]->[4,3,1]
    [14,B]:[4,4,1]->[4,3,2]
    [17,B]:[5,5,1]->[4,4,1]
    (1:1)  (1:2)  (1:3)  (1:4)  (1:5)  
    -B--   ----   P*PB   B---   ----   
    (2:1)  (2:2)  (2:3)  (2:4)  (2:5)  
    BW--   ----   Y---   ----   B---   
    (3:1)  (3:2)  (3:3)  (3:4)  (3:5)  
    ----   B---   O---   JW--   B*--   
    (4:1)  (4:2)  (4:3)  (4:4)  (4:5)  
    PY--   P*--   BB--   BY--   B---   
    (5:1)  (5:2)  (5:3)  (5:4)  (5:5)  
    E---   P---   Y---   ----   -Y--   
->pass
  state:9.0, mode:play, ok
  Movement:
    [1,B]:[1,1,2]->[5,5,1]
    [6,B]:[1,3,4]->[1,4,2]
      reproduced [18,B] at [1,4,3]
    [9,B]:[4,3,1]->[3,4,3]
      reproduced [19,B] at [3,4,4]
    [11,B]:[3,5,1]->[2,5,2]
    [14,B]:[4,3,2]
      reproduced [20,B] at [4,3,1]
    [15,B]:[4,5,1]->[5,1,2]
    (1:1)  (1:2)  (1:3)  (1:4)  (1:5)  
    ----   ----   P*P-   BBB-   ----   
    (2:1)  (2:2)  (2:3)  (2:4)  (2:5)  
    BW--   ----   Y---   ----   BB--   
    (3:1)  (3:2)  (3:3)  (3:4)  (3:5)  
    ----   B---   O---   JWBB   -*--   
    (4:1)  (4:2)  (4:3)  (4:4)  (4:5)  
    PY--   P*--   BB--   BY--   ----   
    (5:1)  (5:2)  (5:3)  (5:4)  (5:5)  
    EB--   P---   Y---   ----   BY--   
->move(W)
  state:10.0, mode:play, ok
  Movement:
    [0,E]:[5,1,1]->[5,5,3]
    [5,B]:[2,1,1]->[5,1,1]
    [6,B]:[1,4,2]->[1,3,4]
    [7,B]:[2,5,1]->[2,4,1]
    [8,B]:[3,2,1]->[4,1,3]
    [9,B]:[3,4,3]->[2,4,2]
    [10,J]:[3,4,1]->[2,5,1]
    [16,P]:[5,2,1]->[1,1,1]
    [17,B]:[4,4,1]->[5,4,1]
      reproduced [21,B] at [5,4,2]
    (1:1)  (1:2)  (1:3)  (1:4)  (1:5)  
    P---   ----   P*PB   B-B-   ----   
    (2:1)  (2:2)  (2:3)  (2:4)  (2:5)  
    -W--   ----   Y---   BB--   JB--   
    (3:1)  (3:2)  (3:3)  (3:4)  (3:5)  
    ----   ----   O---   -W-B   -*--   
    (4:1)  (4:2)  (4:3)  (4:4)  (4:5)  
    PYB-   P*--   BB--   -Y--   ----   
    (5:1)  (5:2)  (5:3)  (5:4)  (5:5)  
    BB--   ----   Y---   BB--   BYE-   
->wormhole
  state:10.1, mode:play, error
  Explorer couldn't find wormhole at Sector:5:5
->move(E)
  state:11.0, mode:play, ok
  Movement:
    [0,E]:[5,5,3]->[5,1,3]
    [1,B]:[5,5,1]->[1,4,2]
      reproduced [22,B] at [1,4,4]
    [4,B]:[1,4,1]->[2,4,3]
      reproduced [23,B] at [2,4,4]
    [7,B]:[2,4,1]->[2,5,3]
      reproduced [24,B] at [2,5,4]
    [10,J]:[2,5,1]->[1,5,1]
    [11,B]:[2,5,2]->[2,1,1]
      reproduced [25,B] at [2,1,3]
    [14,B]:[4,3,2]->[4,2,3]
    [15,B]:[5,1,2]->[1,1,2]
      reproduced [26,B] at [1,1,3]
    [18,B]:[1,4,3]->[5,5,1]
    [20,B]:[4,3,1]->[5,4,3]
    (1:1)  (1:2)  (1:3)  (1:4)  (1:5)  
    PBB-   ----   P*PB   -B-B   J---   
    (2:1)  (2:2)  (2:3)  (2:4)  (2:5)  
    BWB-   ----   Y---   -BBB   --BB   
    (3:1)  (3:2)  (3:3)  (3:4)  (3:5)  
    ----   ----   O---   -W-B   -*--   
    (4:1)  (4:2)  (4:3)  (4:4)  (4:5)  
    PYB-   P*B-   ----   -Y--   ----   
    (5:1)  (5:2)  (5:3)  (5:4)  (5:5)  
    B-E-   ----   Y---   BBB-   BY--   
->move(S)
  state:12.0, mode:play, ok
  Movement:
    [0,E]:[5,1,3]->[1,1,4]
    [5,B]:[5,1,1]->[5,5,3]
      reproduced [27,B] at [5,5,4]
    [6,B]:[1,3,4]->[5,3,2]
      reproduced [28,B] at [5,3,3]
    [9,B]:[2,4,2]->[3,5,1]
      reproduced [29,B] at [3,5,3]
    [15,B]:[1,1,2]->[1,2,1]
    [19,B]:[3,4,4]->[3,5,4]
    [20,B]:[5,4,3]->[1,4,1]
      reproduced [30,B] at [1,4,3]
    [21,B]:[5,4,2]
    [23,B]:[2,4,4]->[2,3,2]
    [24,B]:[2,5,4]->[2,4,1]
    [25,B]:[2,1,3]->[2,3,3]
    (1:1)  (1:2)  (1:3)  (1:4)  (1:5)  
    P-BE   ----   P*P-   BBBB   J---   
    (2:1)  (2:2)  (2:3)  (2:4)  (2:5)  
    BW--   ----   YBB-   B-B-   --B-   
    (3:1)  (3:2)  (3:3)  (3:4)  (3:5)  
    ----   ----   O---   -W--   B*BB   
    (4:1)  (4:2)  (4:3)  (4:4)  (4:5)  
    PYB-   P*B-   ----   -Y--   ----   
    (5:1)  (5:2)  (5:3)  (5:4)  (5:5)  
    ----   ----   YBB-   BB--   BYBB   
->status
  state:12.1, mode:play, ok
  Explorer status report:Travelling at cruise speed at [1,1,4]
  Life units left:3, Fuel units left:1
->play
  state:12.2, mode:play, error
  To start a new mission, please abort the current one first.
->status
  state:12.3, mode:play, ok
  Explorer status report:Travelling at cruise speed at [1,1,4]
  Life units left:3, Fuel units left:1
->liftoff
  state:12.4, mode:play, error
  Negative on that request:you are not on a planet at Sector:1:1
->play
  state:12.5, mode:play, error
  To start a new mission, please abort the current one first.
->move(NW)
  state:12.6, mode:play, error
  Cannot transfer to new location as it is full.
->wormhole
  state:12.7, mode:play, error
  Explorer couldn't find wormhole at Sector:1:1
->pass
  state:13.0, mode:play, ok
  Movement:
    [5,B]:[5,5,3]->[1,1,2]
    [6,B]:[5,3,2]
    [8,B]:[4,1,3]->[4,2,4]
    [10,J]:[1,5,1]
      reproduced [31,J] at [1,5,2]
    [11,B]:[2,1,1]->[3,3,2]
    [14,B]:[4,2,3]->[4,3,1]
      reproduced [32,B] at [4,3,2]
    [16,P]:[1,1,1]->[5,5,3]
    [17,B]:[5,4,1]
    [18,B]:[5,5,1]->[1,1,1]
    [19,B]:[3,5,4]->[4,5,1]
      reproduced [33,B] at [4,5,2]
    [22,B]:[1,4,4]->[2,4,2]
    [24,B]:[2,4,1]->[1,3,4]
    [25,B]:[2,3,3]
      reproduced [34,B] at [2,3,4]
    [26,B]:[1,1,3]->[5,5,1]
    [27,B]:[5,5,4]->[1,5,3]
    [28,B]:[5,3,3]->[5,2,1]
    [30,B]:[1,4,3]->[5,3,3]
    (1:1)  (1:2)  (1:3)  (1:4)  (1:5)  
    BB-E   ----   P*PB   BB--   JJB-   
    (2:1)  (2:2)  (2:3)  (2:4)  (2:5)  
    -W--   ----   YBBB   -BB-   --B-   
    (3:1)  (3:2)  (3:3)  (3:4)  (3:5)  
    ----   ----   O---   -W--   B*B-   
    (4:1)  (4:2)  (4:3)  (4:4)  (4:5)  
    PY--   P*-B   BB--   -Y--   BB--   
    (5:1)  (5:2)  (5:3)  (5:4)  (5:5)  
    ----   B---   YBB-   BB--   BYP-   
->pass
  state:14.0, mode:play, ok
  Movement:
    [1,B]:[1,4,2]->[1,5,4]
    [4,B]:[2,4,3]
    [5,B]:[1,1,2]->[1,2,1]
      reproduced [35,B] at [1,2,2]
    [7,B]:[2,5,3]->[2,4,1]
    [8,B]:[4,2,4]->[3,3,2]
    [9,B]:[3,5,1]->[2,1,1]
    [18,B]:[1,1,1]->[5,2,2]
      reproduced [36,B] at [5,2,3]
    [21,B]:[5,4,2]->[1,4,2]
      reproduced [37,B] at [1,4,3]
    [25,B]:[2,3,3]->[3,2,1]
    [27,B]:[1,5,3]->[1,4,4]
    [29,B]:[3,5,3]->[2,1,3]
    [30,B]:[5,3,3]->[1,2,3]
      reproduced [38,B] at [1,2,4]
    [31,J]:[1,5,2]->[5,5,4]
    [32,B]:[4,3,2]->[3,3,2]
    (1:1)  (1:2)  (1:3)  (1:4)  (1:5)  
    ---E   BBBB   P*PB   BBBB   J--B   
    (2:1)  (2:2)  (2:3)  (2:4)  (2:5)  
    BWB-   ----   YB-B   -BB-   ----   
    (3:1)  (3:2)  (3:3)  (3:4)  (3:5)  
    ----   B---   O---   -W--   -*--   
    (4:1)  (4:2)  (4:3)  (4:4)  (4:5)  
    PY--   P*--   B---   -Y--   BB--   
    (5:1)  (5:2)  (5:3)  (5:4)  (5:5)  
    ----   BBB-   YB--   B---   BYPJ   
->liftoff
  state:14.1, mode:play, error
  Negative on that request:you are not on a planet at Sector:1:1
->liftoff
  state:14.2, mode:play, error
  Negative on that request:you are not on a planet at Sector:1:1
->move(E)
  state:14.3, mode:play, error
  Cannot transfer to new location as it is full.
->move(W)
  state:15.0, mode:play, ok
  Explorer got lost in space - out of fuel at Sector:1:5
  The game has ended. You can start a new game.
  Movement:
    [0,E]:[1,1,4]->[1,5,2]
    [1,B]:[1,5,4]
      reproduced [39,B] at [1,5,2]
    [17,B]:[5,4,1]->[4,3,2]
      reproduced [40,B] at [4,3,3]
    [19,B]:[4,5,1]->[3,4,1]
    [20,B]:[1,4,1]->[1,5,3]
    [23,B]:[2,3,2]->[3,3,2]
    [24,B]:[1,3,4]->[2,4,1]
      reproduced [41,B] at [2,4,4]
    [26,B]:[5,5,1]->[1,1,1]
      reproduced [42,B] at [1,1,2]
    [29,B]:[2,1,3]->[2,2,1]
      reproduced [43,B] at [2,2,2]
    [30,B]:[1,2,3]->[2,3,2]
    [31,J]:[5,5,4]->[1,4,1]
    [33,B]:[4,5,2]->[5,4,1]
    [38,B]:[1,2,4]->[2,2,3]
    (1:1)  (1:2)  (1:3)  (1:4)  (1:5)  
    BB--   BB--   P*P-   JBBB   JB-B   
    (2:1)  (2:2)  (2:3)  (2:4)  (2:5)  
    BW--   BBB-   YB-B   BBBB   ----   
    (3:1)  (3:2)  (3:3)  (3:4)  (3:5)  
    ----   B---   O---   BW--   -*--   
    (4:1)  (4:2)  (4:3)  (4:4)  (4:5)  
    PY--   P*--   BBB-   -Y--   ----   
    (5:1)  (5:2)  (5:3)  (5:4)  (5:5)  
    ----   BBB-   YB--   B---   -YP-   
->abort
  state:15.1, error
  Negative on that request:no mission in progress.
->test(11,25,84,88,93)
  state:16.0, mode:test, ok
  Movement:none
  Sectors:
    [1,1]->[0,E],[1,M],[2,M],-
    [1,2]->[3,M],[-5,Y],-,-
    [1,3]->[4,M],[5,M],-,-
    [1,4]->[6,M],[7,M],[8,M],-
    [1,5]->[9,P],[10,B],[-7,W],-
    [2,1]->[11,P],[12,M],-,-
    [2,2]->[13,M],[-9,*],-,-
    [2,3]->[14,M],[-3,W],-,-
    [2,4]->[15,M],[16,J],[17,J],-
    [2,5]->[18,M],[19,M],[-8,Y],-
    [3,1]->[20,M],-,-,-
    [3,2]->[21,M],[-11,Y],-,-
    [3,3]->[-1,O],-,-,-
    [3,4]->[22,M],[-4,Y],-,-
    [3,5]->[23,B],-,-,-
    [4,1]->[24,M],[25,M],[26,M],-
    [4,2]->[27,M],-,-,-
    [4,3]->[28,M],[29,M],[-2,W],-
    [4,4]->[30,A],-,-,-
    [4,5]->[31,M],[32,M],-,-
    [5,1]->[33,M],[34,M],-,-
    [5,2]->[35,M],[36,A],-,-
    [5,3]->[37,M],[38,M],-,-
    [5,4]->[39,A],[40,M],[41,M],[-6,Y]
    [5,5]->[42,M],[-10,W],-,-
  Descriptions:
    [-11,Y]->Luminosity:2
    [-10,W]->
    [-9,*]->Luminosity:5
    [-8,Y]->Luminosity:2
    [-7,W]->
    [-6,Y]->Luminosity:2
    [-5,Y]->Luminosity:2
    [-4,Y]->Luminosity:2
    [-3,W]->
    [-2,W]->
    [-1,O]->
    [0,E]->fuel:3/3, life:3/3, landed?:F
    [1,M]->fuel:3/3, actions_left_until_reproduction:1/1, turns_left:2
    [2,M]->fuel:3/3, actions_left_until_reproduction:1/1, turns_left:1
    [3,M]->fuel:3/3, actions_left_until_reproduction:1/1, turns_left:1
    [4,M]->fuel:3/3, actions_left_until_reproduction:1/1, turns_left:2
    [5,M]->fuel:3/3, actions_left_until_reproduction:1/1, turns_left:2
    [6,M]->fuel:3/3, actions_left_until_reproduction:1/1, turns_left:1
    [7,M]->fuel:3/3, actions_left_until_reproduction:1/1, turns_left:1
    [8,M]->fuel:3/3, actions_left_until_reproduction:1/1, turns_left:0
    [9,P]->attached?:F, support_life?:F, visited?:F, turns_left:0
    [10,B]->fuel:3/3, actions_left_until_reproduction:1/1, turns_left:1
    [11,P]->attached?:F, support_life?:F, visited?:F, turns_left:2
    [12,M]->fuel:3/3, actions_left_until_reproduction:1/1, turns_left:0
    [13,M]->fuel:3/3, actions_left_until_reproduction:1/1, turns_left:0
    [14,M]->fuel:3/3, actions_left_until_reproduction:1/1, turns_left:2
    [15,M]->fuel:3/3, actions_left_until_reproduction:1/1, turns_left:1
    [16,J]->fuel:5/5, load:0/2, actions_left_until_reproduction:2/2, turns_left:2
    [17,J]->fuel:5/5, load:0/2, actions_left_until_reproduction:2/2, turns_left:2
    [18,M]->fuel:3/3, actions_left_until_reproduction:1/1, turns_left:2
    [19,M]->fuel:3/3, actions_left_until_reproduction:1/1, turns_left:2
    [20,M]->fuel:3/3, actions_left_until_reproduction:1/1, turns_left:0
    [21,M]->fuel:3/3, actions_left_until_reproduction:1/1, turns_left:2
    [22,M]->fuel:3/3, actions_left_until_reproduction:1/1, turns_left:2
    [23,B]->fuel:3/3, actions_left_until_reproduction:1/1, turns_left:1
    [24,M]->fuel:3/3, actions_left_until_reproduction:1/1, turns_left:1
    [25,M]->fuel:3/3, actions_left_until_reproduction:1/1, turns_left:0
    [26,M]->fuel:3/3, actions_left_until_reproduction:1/1, turns_left:2
    [27,M]->fuel:3/3, actions_left_until_reproduction:1/1, turns_left:0
    [28,M]->fuel:3/3, actions_left_until_reproduction:1/1, turns_left:1
    [29,M]->fuel:3/3, actions_left_until_reproduction:1/1, turns_left:0
    [30,A]->turns_left:0
    [31,M]->fuel:3/3, actions_left_until_reproduction:1/1, turns_left:1
    [32,M]->fuel:3/3, actions_left_until_reproduction:1/1, turns_left:0
    [33,M]->fuel:3/3, actions_left_until_reproduction:1/1, turns_left:2
    [34,M]->fuel:3/3, actions_left_until_reproduction:1/1, turns_left:0
    [35,M]->fuel:3/3, actions_left_until_reproduction:1/1, turns_left:2
    [36,A]->turns_left:0
    [37,M]->fuel:3/3, actions_left_until_reproduction:1/1, turns_left:2
    [38,M]->fuel:3/3, actions_left_until_reproduction:1/1, turns_left:2
    [39,A]->turns_left:1
    [40,M]->fuel:3/3, actions_left_until_reproduction:1/1, turns_left:2
    [41,M]->fuel:3/3, actions_left_until_reproduction:1/1, turns_left:2
    [42,M]->fuel:3/3, actions_left_until_reproduction:1/1, turns_left:2
  Deaths This Turn:none
    (1:1)  (1:2)  (1:3)  (1:4)  (1:5)  
    EMM-   MY--   MM--   MMM-   PBW-   
    (2:1)  (2:2)  (2:3)  (2:4)  (2:5)  
    PM--   M*--   MW--   MJJ-   MMY-   
    (3:1)  (3:2)  (3:3)  (3:4)  (3:5)  
    M---   MY--   O---   MY--   B---   
    (4:1)  (4:2)  (4:3)  (4:4)  (4:5)  
    MMM-   M---   MMW-   A---   MM--   
    (5:1)  (5:2)  (5:3)  (5:4)  (5:5)  
    MM--   MA--   MM--   AMMY   MW--   
->move(NE)
  state:17.0, mode:test, ok
  Movement:
    [0,E]:[1,1,1]->[5,2,3]
    [8,M]:[1,4,3]->[5,5,3]
    [9,P]:[1,5,1]->[1,4,3]
    [12,M]:[2,1,2]->[2,5,4]
    [13,M]:[2,2,1]->[3,2,3]
    [20,M]:[3,1,1]->[2,2,1]
    [25,M]:[4,1,2]->[4,2,2]
    [27,M]:[4,2,1]->[3,2,4]
    [29,M]:[4,3,2]
    [30,A]:[4,4,1]->[3,5,2]
      destroyed [23,B] at [3,5,1]
    [32,M]:[4,5,2]->[5,1,3]
    [34,M]:[5,1,2]->[1,1,1]
    [36,A]:[5,2,2]->[5,1,2]
      destroyed [32,M] at [5,1,3]
      destroyed [33,M] at [5,1,1]
  Sectors:
    [1,1]->[34,M],[1,M],[2,M],-
    [1,2]->[3,M],[-5,Y],-,-
    [1,3]->[4,M],[5,M],-,-
    [1,4]->[6,M],[7,M],[9,P],-
    [1,5]->-,[10,B],[-7,W],-
    [2,1]->[11,P],-,-,-
    [2,2]->[20,M],[-9,*],-,-
    [2,3]->[14,M],[-3,W],-,-
    [2,4]->[15,M],[16,J],[17,J],-
    [2,5]->[18,M],[19,M],[-8,Y],[12,M]
    [3,1]->-,-,-,-
    [3,2]->[21,M],[-11,Y],[13,M],[27,M]
    [3,3]->[-1,O],-,-,-
    [3,4]->[22,M],[-4,Y],-,-
    [3,5]->-,[30,A],-,-
    [4,1]->[24,M],-,[26,M],-
    [4,2]->-,[25,M],-,-
    [4,3]->[28,M],[29,M],[-2,W],-
    [4,4]->-,-,-,-
    [4,5]->[31,M],-,-,-
    [5,1]->-,[36,A],-,-
    [5,2]->[35,M],-,[0,E],-
    [5,3]->[37,M],[38,M],-,-
    [5,4]->[39,A],[40,M],[41,M],[-6,Y]
    [5,5]->[42,M],[-10,W],[8,M],-
  Descriptions:
    [-11,Y]->Luminosity:2
    [-10,W]->
    [-9,*]->Luminosity:5
    [-8,Y]->Luminosity:2
    [-7,W]->
    [-6,Y]->Luminosity:2
    [-5,Y]->Luminosity:2
    [-4,Y]->Luminosity:2
    [-3,W]->
    [-2,W]->
    [-1,O]->
    [0,E]->fuel:2/3, life:3/3, landed?:F
    [1,M]->fuel:3/3, actions_left_until_reproduction:1/1, turns_left:1
    [2,M]->fuel:3/3, actions_left_until_reproduction:1/1, turns_left:0
    [3,M]->fuel:3/3, actions_left_until_reproduction:1/1, turns_left:0
    [4,M]->fuel:3/3, actions_left_until_reproduction:1/1, turns_left:1
    [5,M]->fuel:3/3, actions_left_until_reproduction:1/1, turns_left:1
    [6,M]->fuel:3/3, actions_left_until_reproduction:1/1, turns_left:0
    [7,M]->fuel:3/3, actions_left_until_reproduction:1/1, turns_left:0
    [8,M]->fuel:2/3, actions_left_until_reproduction:0/1, turns_left:2
    [9,P]->attached?:F, support_life?:F, visited?:F, turns_left:2
    [10,B]->fuel:3/3, actions_left_until_reproduction:1/1, turns_left:0
    [11,P]->attached?:F, support_life?:F, visited?:F, turns_left:1
    [12,M]->fuel:3/3, actions_left_until_reproduction:0/1, turns_left:2
    [13,M]->fuel:3/3, actions_left_until_reproduction:0/1, turns_left:1
    [14,M]->fuel:3/3, actions_left_until_reproduction:1/1, turns_left:1
    [15,M]->fuel:3/3, actions_left_until_reproduction:1/1, turns_left:0
    [16,J]->fuel:5/5, load:0/2, actions_left_until_reproduction:2/2, turns_left:1
    [17,J]->fuel:5/5, load:0/2, actions_left_until_reproduction:2/2, turns_left:1
    [18,M]->fuel:3/3, actions_left_until_reproduction:1/1, turns_left:1
    [19,M]->fuel:3/3, actions_left_until_reproduction:1/1, turns_left:1
    [20,M]->fuel:3/3, actions_left_until_reproduction:0/1, turns_left:0
    [21,M]->fuel:3/3, actions_left_until_reproduction:1/1, turns_left:1
    [22,M]->fuel:3/3, actions_left_until_reproduction:1/1, turns_left:1
    [24,M]->fuel:3/3, actions_left_until_reproduction:1/1, turns_left:0
    [25,M]->fuel:2/3, actions_left_until_reproduction:0/1, turns_left:1
    [26,M]->fuel:3/3, actions_left_until_reproduction:1/1, turns_left:1
    [27,M]->fuel:3/3, actions_left_until_reproduction:0/1, turns_left:1
    [28,M]->fuel:3/3, actions_left_until_reproduction:1/1, turns_left:0
    [29,M]->fuel:3/3, actions_left_until_reproduction:0/1, turns_left:1
    [30,A]->turns_left:2
    [31,M]->fuel:3/3, actions_left_until_reproduction:1/1, turns_left:0
    [34,M]->fuel:2/3, actions_left_until_reproduction:0/1, turns_left:0
    [35,M]->fuel:3/3, actions_left_until_reproduction:1/1, turns_left:1
    [36,A]->turns_left:1
    [37,M]->fuel:3/3, actions_left_until_reproduction:1/1, turns_left:1
    [38,M]->fuel:3/3, actions_left_until_reproduction:1/1, turns_left:1
    [39,A]->turns_left:0
    [40,M]->fuel:3/3, actions_left_until_reproduction:1/1, turns_left:1
    [41,M]->fuel:3/3, actions_left_until_reproduction:1/1, turns_left:1
    [42,M]->fuel:3/3, actions_left_until_reproduction:1/1, turns_left:1
  Deaths This Turn:
    [23,B]->fuel:3/3, actions_left_until_reproduction:1/1, turns_left:N/A,
      Benign got destroyed by asteroid (id: 30) at Sector:3:5
    [32,M]->fuel:2/3, actions_left_until_reproduction:0/1, turns_left:N/A,
      Malevolent got destroyed by asteroid (id: 36) at Sector:5:1
    [33,M]->fuel:3/3, actions_left_until_reproduction:1/1, turns_left:N/A,
      Malevolent got destroyed by asteroid (id: 36) at Sector:5:1
    (1:1)  (1:2)  (1:3)  (1:4)  (1:5)  
    MMM-   MY--   MM--   MMP-   -BW-   
    (2:1)  (2:2)  (2:3)  (2:4)  (2:5)  
    P---   M*--   MW--   MJJ-   MMYM   
    (3:1)  (3:2)  (3:3)  (3:4)  (3:5)  
    ----   MYMM   O---   MY--   -A--   
    (4:1)  (4:2)  (4:3)  (4:4)  (4:5)  
    M-M-   -M--   MMW-   ----   M---   
    (5:1)  (5:2)  (5:3)  (5:4)  (5:5)  
    -A--   M-E-   MM--   AMMY   MWM-   
->abort
  state:17.1, ok
  Mission aborted. Try test(3,5,7,15,30)
->move(NW)
  state:17.2, error
  Negative on that request:no mission in progress.
->pass
  state:17.3, error
  Negative on that request:no mission in progress.
->land
  state:17.4, error
  Negative on that request:no mission in progress.
->pass
  state:17.5, error
  Negative on that request:no mission in progress.
->move(NE)
  state:17.6, error
  Negative on that request:no mission in progress.
->move(N)
  state:17.7, error
  Negative on that request:no mission in progress.
->abort
  state:17.8, error
  Negative on that request:no mission in progress.
->pass
  state:17.9, error
  Negative on that request:no mission in progress.
->move(E)
  state:17.10, error
  Negative on that request:no mission in progress.
->pass
  state:17.11, error
  Negative on that request:no mission in progress.
->abort
  state:17.12, error
  Negative on that request:no mission in progress.
->abort
  state:17.13, error
  Negative on that request:no mission in progress.
->wormhole
  state:17.14, error
  Negative on that request:no mission in progress.
->abort
  state:17.15, error
  Negative on that request:no mission in progress.
->move(NE)
  state:17.16, error
  Negative on that request:no mission in progress.
->move(NW)
  state:17.17, error
  Negative on that request:no mission in progress.
->move(NW)
  state:17.18, error
  Negative on that request:no mission in progress.
->liftoff
  state:17.19, error
  Negative on that request:no mission in progress.
->move(SE)
  state:17.20, error
  Negative on that request:no mission in progress.
->status
  state:17.21, error
  Negative on that request:no mission in progress.
->pass
  state:17.22, error
  Negative on that request:no mission in progress.
->land
  state:17.23, error
  Negative on that request:no mission in progress.
->play
  state:18.0, mode:play, ok
  Movement:none
    (1:1)  (1:2)  (1:3)  (1:4)  (1:5)  
    EP*-   ----   JB--   W---   Y---   
    (2:1)  (2:2)  (2:3)  (2:4)  (2:5)  
    W---   ----   BW--   ----   ----   
    (3:1)  (3:2)  (3:3)  (3:4)  (3:5)  
    *---   ----   O---   PBY-   P---   
    (4:1)  (4:2)  (4:3)  (4:4)  (4:5)  
    P---   ----   PY--   P---   ----   
    (5:1)  (5:2)  (5:3)  (5:4)  (5:5)  
    ----   ----   ----   J*--   W---   
->play
  state:18.1, mode:play, error
  To start a new mission, please abort the current one first.
->liftoff
  state:18.2, mode:play, error
  Negative on that request:you are not on a planet at Sector:1:1
->move(E)
  state:19.0, mode:play, ok
  Movement:
    [0,E]:[1,1,1]->[1,2,1]
    [3,B]:[1,3,2]->[5,3,1]
    (1:1)  (1:2)  (1:3)  (1:4)  (1:5)  
    -P*-   E---   J---   W---   Y---   
    (2:1)  (2:2)  (2:3)  (2:4)  (2:5)  
    W---   ----   BW--   ----   ----   
    (3:1)  (3:2)  (3:3)  (3:4)  (3:5)  
    *---   ----   O---   PBY-   P---   
    (4:1)  (4:2)  (4:3)  (4:4)  (4:5)  
    P---   ----   PY--   P---   ----   
    (5:1)  (5:2)  (5:3)  (5:4)  (5:5)  
    ----   ----   B---   J*--   W---   
->play
  state:19.1, mode:play, error
  To start a new mission, please abort the current one first.
->move(S)
  state:20.0, mode:play, ok
  Movement:
    [0,E]:[1,2,1]->[2,2,1]
    [2,J]:[1,3,1]->[5,4,3]
    [4,B]:[2,3,1]->[4,5,1]
    [6,B]:[3,4,2]->[4,5,2]
    [7,P]:[3,5,1]->[4,5,3]
    [8,P]:[4,1,1]->[3,5,1]
    [11,J]:[5,4,1]->[1,4,2]
    (1:1)  (1:2)  (1:3)  (1:4)  (1:5)  
    -P*-   ----   ----   WJ--   Y---   
    (2:1)  (2:2)  (2:3)  (2:4)  (2:5)  
    W---   E---   -W--   ----   ----   
    (3:1)  (3:2)  (3:3)  (3:4)  (3:5)  
    *---   ----   O---   P-Y-   P---   
    (4:1)  (4:2)  (4:3)  (4:4)  (4:5)  
    ----   ----   PY--   P---   BBP-   
    (5:1)  (5:2)  (5:3)  (5:4)  (5:5)  
    ----   ----   B---   -*J-   W---   
->move(W)
  state:21.0, mode:play, ok
  Explorer got lost in space - out of fuel at Sector:2:1
  The game has ended. You can start a new game.
  Movement:
    [0,E]:[2,2,1]->[2,1,2]
    [2,J]:[5,4,3]->[5,3,2]
    [3,B]:[5,3,1]->[1,3,1]
      reproduced [12,B] at [1,3,2]
    [8,P]:[3,5,1]->[2,1,2]
    [10,P]:[4,4,1]->[5,3,1]
    [11,J]:[1,4,2]->[2,5,1]
    (1:1)  (1:2)  (1:3)  (1:4)  (1:5)  
    -P*-   ----   BB--   W---   Y---   
    (2:1)  (2:2)  (2:3)  (2:4)  (2:5)  
    WP--   ----   -W--   ----   J---   
    (3:1)  (3:2)  (3:3)  (3:4)  (3:5)  
    *---   ----   O---   P-Y-   ----   
    (4:1)  (4:2)  (4:3)  (4:4)  (4:5)  
    ----   ----   PY--   ----   BBP-   
    (5:1)  (5:2)  (5:3)  (5:4)  (5:5)  
    ----   ----   PJ--   -*--   W---   
->land
  state:21.1, error
  Negative on that request:no mission in progress.
->abort
  state:21.2, error
  Negative on that request:no mission in progress.
->test(43,67,68,69,82)
  state:22.0, mode:test, ok
  Movement:none
  Sectors:
    [1,1]->[0,E],[1,J],[2,J],[3,J]
    [1,2]->[4,B],[5,A],[6,A],[-6,Y]
    [1,3]->[7,A],[-11,*],-,-
    [1,4]->[8,A],[-8,Y],-,-
    [1,5]->[9,A],[10,A],-,-
    [2,1]->[11,P],[12,A],-,-
    [2,2]->[13,A],[14,A],-,-
    [2,3]->[15,J],[16,J],[-7,Y],-
    [2,4]->[17,A],[-4,W],-,-
    [2,5]->[18,A],[-2,Y],-,-
    [3,1]->[19,A],-,-,-
    [3,2]->[20,A],[21,P],[22,A],[-5,W]
    [3,3]->[-1,O],-,-,-
    [3,4]->[23,J],[24,A],[-3,Y],-
    [3,5]->[25,A],-,-,-
    [4,1]->[26,A],[27,J],[28,P],-
    [4,2]->[29,J],[30,J],[31,J],-
    [4,3]->[32,A],[-9,Y],-,-
    [4,4]->[33,J],-,-,-
    [4,5]->[-10,*],-,-,-
    [5,1]->[34,A],[35,A],-,-
    [5,2]->[36,A],[37,J],[38,A],-
    [5,3]->[39,J],[40,J],-,-
    [5,4]->[41,J],[42,A],[43,A],-
    [5,5]->[44,P],-,-,-
  Descriptions:
    [-11,*]->Luminosity:5
    [-10,*]->Luminosity:5
    [-9,Y]->Luminosity:2
    [-8,Y]->Luminosity:2
    [-7,Y]->Luminosity:2
    [-6,Y]->Luminosity:2
    [-5,W]->
    [-4,W]->
    [-3,Y]->Luminosity:2
    [-2,Y]->Luminosity:2
    [-1,O]->
    [0,E]->fuel:3/3, life:3/3, landed?:F
    [1,J]->fuel:5/5, load:0/2, actions_left_until_reproduction:2/2, turns_left:0
    [2,J]->fuel:5/5, load:0/2, actions_left_until_reproduction:2/2, turns_left:0
    [3,J]->fuel:5/5, load:0/2, actions_left_until_reproduction:2/2, turns_left:2
    [4,B]->fuel:3/3, actions_left_until_reproduction:1/1, turns_left:1
    [5,A]->turns_left:1
    [6,A]->turns_left:2
    [7,A]->turns_left:1
    [8,A]->turns_left:1
    [9,A]->turns_left:2
    [10,A]->turns_left:0
    [11,P]->attached?:F, support_life?:F, visited?:F, turns_left:2
    [12,A]->turns_left:1
    [13,A]->turns_left:0
    [14,A]->turns_left:1
    [15,J]->fuel:5/5, load:0/2, actions_left_until_reproduction:2/2, turns_left:2
    [16,J]->fuel:5/5, load:0/2, actions_left_until_reproduction:2/2, turns_left:1
    [17,A]->turns_left:1
    [18,A]->turns_left:2
    [19,A]->turns_left:2
    [20,A]->turns_left:2
    [21,P]->attached?:F, support_life?:F, visited?:F, turns_left:0
    [22,A]->turns_left:2
    [23,J]->fuel:5/5, load:0/2, actions_left_until_reproduction:2/2, turns_left:0
    [24,A]->turns_left:1
    [25,A]->turns_left:1
    [26,A]->turns_left:0
    [27,J]->fuel:5/5, load:0/2, actions_left_until_reproduction:2/2, turns_left:1
    [28,P]->attached?:F, support_life?:F, visited?:F, turns_left:0
    [29,J]->fuel:5/5, load:0/2, actions_left_until_reproduction:2/2, turns_left:1
    [30,J]->fuel:5/5, load:0/2, actions_left_until_reproduction:2/2, turns_left:1
    [31,J]->fuel:5/5, load:0/2, actions_left_until_reproduction:2/2, turns_left:1
    [32,A]->turns_left:1
    [33,J]->fuel:5/5, load:0/2, actions_left_until_reproduction:2/2, turns_left:1
    [34,A]->turns_left:1
    [35,A]->turns_left:1
    [36,A]->turns_left:2
    [37,J]->fuel:5/5, load:0/2, actions_left_until_reproduction:2/2, turns_left:0
    [38,A]->turns_left:0
    [39,J]->fuel:5/5, load:0/2, actions_left_until_reproduction:2/2, turns_left:2
    [40,J]->fuel:5/5, load:0/2, actions_left_until_reproduction:2/2, turns_left:1
    [41,J]->fuel:5/5, load:0/2, actions_left_until_reproduction:2/2, turns_left:0
    [42,A]->turns_left:1
    [43,A]->turns_left:2
    [44,P]->attached?:F, support_life?:F, visited?:F, turns_left:2
  Deaths This Turn:none
    (1:1)  (1:2)  (1:3)  (1:4)  (1:5)  
    EJJJ   BAAY   A*--   AY--   AA--   
    (2:1)  (2:2)  (2:3)  (2:4)  (2:5)  
    PA--   AA--   JJY-   AW--   AY--   
    (3:1)  (3:2)  (3:3)  (3:4)  (3:5)  
    A---   APAW   O---   JAY-   A---   
    (4:1)  (4:2)  (4:3)  (4:4)  (4:5)  
    AJP-   JJJ-   AY--   J---   *---   
    (5:1)  (5:2)  (5:3)  (5:4)  (5:5)  
    AA--   AJA-   JJ--   JAA-   P---   
->liftoff
  state:22.1, mode:test, error
  Negative on that request:you are not on a planet at Sector:1:1
->move(W)
  state:23.0, mode:test, ok
  Movement:
    [0,E]:[1,1,1]->[1,5,3]
    [1,J]:[1,1,2]->[1,5,4]
      destroyed [9,A] at [1,5,1]
      destroyed [10,A] at [1,5,2]
    [2,J]:[1,1,3]->[1,5,1]
    [13,A]:[2,2,1]
    [21,P]:[3,2,2]->[4,3,3]
    [23,J]:[3,4,1]->[2,3,4]
    [26,A]:[4,1,1]->[3,5,2]
    [28,P]:[4,1,3]->[3,5,3]
    [37,J]:[5,2,2]->[4,1,1]
    [38,A]:[5,2,3]->[4,2,4]
      destroyed [29,J] at [4,2,1]
      destroyed [30,J] at [4,2,2]
      destroyed [31,J] at [4,2,3]
    [41,J]:[5,4,1]->[4,3,4]
      destroyed [32,A] at [4,3,1]
  Sectors:
    [1,1]->-,-,-,[3,J]
    [1,2]->[4,B],[5,A],[6,A],[-6,Y]
    [1,3]->[7,A],[-11,*],-,-
    [1,4]->[8,A],[-8,Y],-,-
    [1,5]->[2,J],-,[0,E],[1,J]
    [2,1]->[11,P],[12,A],-,-
    [2,2]->[13,A],[14,A],-,-
    [2,3]->[15,J],[16,J],[-7,Y],[23,J]
    [2,4]->[17,A],[-4,W],-,-
    [2,5]->[18,A],[-2,Y],-,-
    [3,1]->[19,A],-,-,-
    [3,2]->[20,A],-,[22,A],[-5,W]
    [3,3]->[-1,O],-,-,-
    [3,4]->-,[24,A],[-3,Y],-
    [3,5]->[25,A],[26,A],[28,P],-
    [4,1]->[37,J],[27,J],-,-
    [4,2]->-,-,-,[38,A]
    [4,3]->-,[-9,Y],[21,P],[41,J]
    [4,4]->[33,J],-,-,-
    [4,5]->[-10,*],-,-,-
    [5,1]->[34,A],[35,A],-,-
    [5,2]->[36,A],-,-,-
    [5,3]->[39,J],[40,J],-,-
    [5,4]->-,[42,A],[43,A],-
    [5,5]->[44,P],-,-,-
  Descriptions:
    [-11,*]->Luminosity:5
    [-10,*]->Luminosity:5
    [-9,Y]->Luminosity:2
    [-8,Y]->Luminosity:2
    [-7,Y]->Luminosity:2
    [-6,Y]->Luminosity:2
    [-5,W]->
    [-4,W]->
    [-3,Y]->Luminosity:2
    [-2,Y]->Luminosity:2
    [-1,O]->
    [0,E]->fuel:2/3, life:3/3, landed?:F
    [1,J]->fuel:4/5, load:2/2, actions_left_until_reproduction:1/2, turns_left:1
    [2,J]->fuel:4/5, load:0/2, actions_left_until_reproduction:1/2, turns_left:0
    [3,J]->fuel:5/5, load:0/2, actions_left_until_reproduction:2/2, turns_left:1
    [4,B]->fuel:3/3, actions_left_until_reproduction:1/1, turns_left:0
    [5,A]->turns_left:0
    [6,A]->turns_left:1
    [7,A]->turns_left:0
    [8,A]->turns_left:0
    [11,P]->attached?:F, support_life?:F, visited?:F, turns_left:1
    [12,A]->turns_left:0
    [13,A]->turns_left:2
    [14,A]->turns_left:0
    [15,J]->fuel:5/5, load:0/2, actions_left_until_reproduction:2/2, turns_left:1
    [16,J]->fuel:5/5, load:0/2, actions_left_until_reproduction:2/2, turns_left:0
    [17,A]->turns_left:0
    [18,A]->turns_left:1
    [19,A]->turns_left:1
    [20,A]->turns_left:1
    [21,P]->attached?:T, support_life?:F, visited?:F, turns_left:N/A
    [22,A]->turns_left:1
    [23,J]->fuel:5/5, load:0/2, actions_left_until_reproduction:1/2, turns_left:2
    [24,A]->turns_left:0
    [25,A]->turns_left:0
    [26,A]->turns_left:2
    [27,J]->fuel:5/5, load:0/2, actions_left_until_reproduction:2/2, turns_left:0
    [28,P]->attached?:F, support_life?:F, visited?:F, turns_left:1
    [33,J]->fuel:5/5, load:0/2, actions_left_until_reproduction:2/2, turns_left:0
    [34,A]->turns_left:0
    [35,A]->turns_left:0
    [36,A]->turns_left:1
    [37,J]->fuel:4/5, load:0/2, actions_left_until_reproduction:1/2, turns_left:2
    [38,A]->turns_left:1
    [39,J]->fuel:5/5, load:0/2, actions_left_until_reproduction:2/2, turns_left:1
    [40,J]->fuel:5/5, load:0/2, actions_left_until_reproduction:2/2, turns_left:0
    [41,J]->fuel:5/5, load:1/2, actions_left_until_reproduction:1/2, turns_left:1
    [42,A]->turns_left:0
    [43,A]->turns_left:1
    [44,P]->attached?:F, support_life?:F, visited?:F, turns_left:1
  Deaths This Turn:
    [9,A]->turns_left:N/A,
      Asteroid got imploded by janitaur (id: 1) at Sector:1:5
    [10,A]->turns_left:N/A,
      Asteroid got imploded by janitaur (id: 1) at Sector:1:5
    [29,J]->fuel:5/5, load:0/2, actions_left_until_reproduction:2/2, turns_left:N/A,
      Janitaur got destroyed by asteroid (id: 38) at Sector:4:2
    [30,J]->fuel:5/5, load:0/2, actions_left_until_reproduction:2/2, turns_left:N/A,
      Janitaur got destroyed by asteroid (id: 38) at Sector:4:2
    [31,J]->fuel:5/5, load:0/2, actions_left_until_reproduction:2/2, turns_left:N/A,
      Janitaur got destroyed by asteroid (id: 38) at Sector:4:2
    [32,A]->turns_left:N/A,
      Asteroid got imploded by janitaur (id: 41) at Sector:4:3
    (1:1)  (1:2)  (1:3)  (1:4)  (1:5)  
    ---J   BAAY   A*--   AY--   J-EJ   
    (2:1)  (2:2)  (2:3)  (2:4)  (2:5)  
    PA--   AA--   JJYJ   AW--   AY--   
    (3:1)  (3:2)  (3:3)  (3:4)  (3:5)  
    A---   A-AW   O---   -AY-   AAP-   
    (4:1)  (4:2)  (4:3)  (4:4)  (4:5)  
    JJ--   ---A   -YPJ   J---   *---   
    (5:1)  (5:2)  (5:3)  (5:4)  (5:5)  
    AA--   A---   JJ--   -AA-   P---   
->wormhole
  state:23.1, mode:test, error
  Explorer couldn't find wormhole at Sector:1:5
->land
  state:23.2, mode:test, error
  Negative on that request:no yellow dwarf at Sector:1:5
->wormhole
  state:23.3, mode:test, error
  Explorer couldn't find wormhole at Sector:1:5
->abort
  state:23.4, ok
  Mission aborted. Try test(3,5,7,15,30)
->move(SE)
  state:23.5, error
  Negative on that request:no mission in progress.
->move(S)
  state:23.6, error
  Negative on that request:no mission in progress.
->land
  state:23.7, error
  Negative on that request:no mission in progress.
->move(E)
  state:23.8, error
  Negative on that request:no mission in progress.
->move(W)
  state:23.9, error
  Negative on that request:no mission in progress.
->abort
  state:23.10, error
  Negative on that request:no mission in progress.
->move(NE)
  state:23.11, error
  Negative on that request:no mission in progress.
->pass
  state:23.12, error
  Negative on that request:no mission in progress.
->land
  state:23.13, error
  Negative on that request:no mission in progress.
->liftoff
  state:23.14, error
  Negative on that request:no mission in progress.
->wormhole
  state:23.15, error
  Negative on that request:no mission in progress.
->pass
  state:23.16, error
  Negative on that request:no mission in progress.
->move(N)
  state:23.17, error
  Negative on that request:no mission in progress.
->wormhole
  state:23.18, error
  Negative on that request:no mission in progress.
->pass
  state:23.19, error
  Negative on that request:no mission in progress.
->land
  state:23.20, error
  Negative on that request:no mission in progress.
->pass
  state:23.21, error
  Negative on that request:no mission in progress.
->play
  state:24.0, mode:play, ok
  Movement:none
    (1:1)  (1:2)  (1:3)  (1:4)  (1:5)  
    E---   ----   B*--   B*--   *---   
    (2:1)  (2:2)  (2:3)  (2:4)  (2:5)  
    B---   ----   ----   Y---   B---   
    (3:1)  (3:2)  (3:3)  (3:4)  (3:5)  
    ----   P---   O---   ----   A*--   
    (4:1)  (4:2)  (4:3)  (4:4)  (4:5)  
    W---   ----   PW--   PY--   ----   
    (5:1)  (5:2)  (5:3)  (5:4)  (5:5)  
    ----   P*--   ----   ----   ABY-   
->test(18,4,52,59,91)
  state:24.1, mode:play, error
  To start a new mission, please abort the current one first.
