  state:0.0, ok
  Welcome! Try test(3,5,7,15,30)
->move(SW)
  state:0.1, error
  Negative on that request:no mission in progress.
->move(W)
  state:0.2, error
  Negative on that request:no mission in progress.
->test(19,42,71,9,90)
  state:0.3, error
  Thresholds should be non-decreasing order.
->move(E)
  state:0.4, error
  Negative on that request:no mission in progress.
->status
  state:0.5, error
  Negative on that request:no mission in progress.
->wormhole
  state:0.6, error
  Negative on that request:no mission in progress.
->status
  state:0.7, error
  Negative on that request:no mission in progress.
->wormhole
  state:0.8, error
  Negative on that request:no mission in progress.
->move(SW)
  state:0.9, error
  Negative on that request:no mission in progress.
->move(S)
  state:0.10, error
  Negative on that request:no mission in progress.
->move(NW)
  state:0.11, error
  Negative on that request:no mission in progress.
->move(NE)
  state:0.12, error
  Negative on that request:no mission in progress.
->move(N)
  state:0.13, error
  Negative on that request:no mission in progress.
->liftoff
  state:0.14, error
  Negative on that request:no mission in progress.
->land
  state:0.15, error
  Negative on that request:no mission in progress.
->move(SW)
  state:0.16, error
  Negative on that request:no mission in progress.
->move(SW)
  state:0.17, error
  Negative on that request:no mission in progress.
->liftoff
  state:0.18, error
  Negative on that request:no mission in progress.
->liftoff
  state:0.19, error
  Negative on that request:no mission in progress.
->pass
  state:0.20, error
  Negative on that request:no mission in progress.
->status
  state:0.21, error
  Negative on that request:no mission in progress.
->move(E)
  state:0.22, error
  Negative on that request:no mission in progress.
->wormhole
  state:0.23, error
  Negative on that request:no mission in progress.
->pass
  state:0.24, error
  Negative on that request:no mission in progress.
->move(W)
  state:0.25, error
  Negative on that request:no mission in progress.
->move(NW)
  state:0.26, error
  Negative on that request:no mission in progress.
->test(42,52,60,77,99)
  state:1.0, mode:test, ok
  Movement:none
  Sectors:
    [1,1]->[0,E],[1,M],-,-
    [1,2]->[2,P],[3,A],[4,P],-
    [1,3]->[5,M],-,-,-
    [1,4]->[6,J],[7,A],[8,P],-
    [1,5]->[9,M],[-6,W],-,-
    [2,1]->[10,A],-,-,-
    [2,2]->[11,B],[12,J],[13,A],-
    [2,3]->[14,P],[-4,*],-,-
    [2,4]->[15,A],[16,P],-,-
    [2,5]->[17,J],[18,M],[-7,*],-
    [3,1]->[19,P],[20,P],[21,A],[-5,Y]
    [3,2]->[22,A],[23,B],[24,M],[-9,W]
    [3,3]->[-1,O],-,-,-
    [3,4]->[25,B],[26,A],[27,A],-
    [3,5]->[28,M],-,-,-
    [4,1]->[29,P],-,-,-
    [4,2]->[30,A],[-3,*],-,-
    [4,3]->[31,P],-,-,-
    [4,4]->[32,P],[-8,W],-,-
    [4,5]->[33,A],[-2,Y],-,-
    [5,1]->[34,M],[35,J],-,-
    [5,2]->[36,P],[37,P],-,-
    [5,3]->[38,A],[39,B],[40,A],[-11,*]
    [5,4]->[41,A],[42,B],[43,P],[-10,W]
    [5,5]->[44,B],[45,M],[46,A],-
  Descriptions:
    [-11,*]->Luminosity:5
    [-10,W]->
    [-9,W]->
    [-8,W]->
    [-7,*]->Luminosity:5
    [-6,W]->
    [-5,Y]->Luminosity:2
    [-4,*]->Luminosity:5
    [-3,*]->Luminosity:5
    [-2,Y]->Luminosity:2
    [-1,O]->
    [0,E]->fuel:3/3, life:3/3, landed?:F
    [1,M]->fuel:3/3, actions_left_until_reproduction:1/1, turns_left:1
    [2,P]->attached?:F, support_life?:F, visited?:F, turns_left:1
    [3,A]->turns_left:2
    [4,P]->attached?:F, support_life?:F, visited?:F, turns_left:2
    [5,M]->fuel:3/3, actions_left_until_reproduction:1/1, turns_left:0
    [6,J]->fuel:5/5, load:0/2, actions_left_until_reproduction:2/2, turns_left:1
    [7,A]->turns_left:0
    [8,P]->attached?:F, support_life?:F, visited?:F, turns_left:0
    [9,M]->fuel:3/3, actions_left_until_reproduction:1/1, turns_left:1
    [10,A]->turns_left:0
    [11,B]->fuel:3/3, actions_left_until_reproduction:1/1, turns_left:1
    [12,J]->fuel:5/5, load:0/2, actions_left_until_reproduction:2/2, turns_left:0
    [13,A]->turns_left:1
    [14,P]->attached?:F, support_life?:F, visited?:F, turns_left:2
    [15,A]->turns_left:0
    [16,P]->attached?:F, support_life?:F, visited?:F, turns_left:0
    [17,J]->fuel:5/5, load:0/2, actions_left_until_reproduction:2/2, turns_left:0
    [18,M]->fuel:3/3, actions_left_until_reproduction:1/1, turns_left:1
    [19,P]->attached?:F, support_life?:F, visited?:F, turns_left:1
    [20,P]->attached?:F, support_life?:F, visited?:F, turns_left:1
    [21,A]->turns_left:0
    [22,A]->turns_left:1
    [23,B]->fuel:3/3, actions_left_until_reproduction:1/1, turns_left:0
    [24,M]->fuel:3/3, actions_left_until_reproduction:1/1, turns_left:0
    [25,B]->fuel:3/3, actions_left_until_reproduction:1/1, turns_left:1
    [26,A]->turns_left:1
    [27,A]->turns_left:1
    [28,M]->fuel:3/3, actions_left_until_reproduction:1/1, turns_left:0
    [29,P]->attached?:F, support_life?:F, visited?:F, turns_left:0
    [30,A]->turns_left:2
    [31,P]->attached?:F, support_life?:F, visited?:F, turns_left:2
    [32,P]->attached?:F, support_life?:F, visited?:F, turns_left:2
    [33,A]->turns_left:2
    [34,M]->fuel:3/3, actions_left_until_reproduction:1/1, turns_left:1
    [35,J]->fuel:5/5, load:0/2, actions_left_until_reproduction:2/2, turns_left:1
    [36,P]->attached?:F, support_life?:F, visited?:F, turns_left:1
    [37,P]->attached?:F, support_life?:F, visited?:F, turns_left:1
    [38,A]->turns_left:1
    [39,B]->fuel:3/3, actions_left_until_reproduction:1/1, turns_left:0
    [40,A]->turns_left:0
    [41,A]->turns_left:2
    [42,B]->fuel:3/3, actions_left_until_reproduction:1/1, turns_left:1
    [43,P]->attached?:F, support_life?:F, visited?:F, turns_left:2
    [44,B]->fuel:3/3, actions_left_until_reproduction:1/1, turns_left:2
    [45,M]->fuel:3/3, actions_left_until_reproduction:1/1, turns_left:2
    [46,A]->turns_left:1
  Deaths This Turn:none
    (1:1)  (1:2)  (1:3)  (1:4)  (1:5)  
    EM--   PAP-   M---   JAP-   MW--   
    (2:1)  (2:2)  (2:3)  (2:4)  (2:5)  
    A---   BJA-   P*--   AP--   JM*-   
    (3:1)  (3:2)  (3:3)  (3:4)  (3:5)  
    PPAY   ABMW   O---   BAA-   M---   
    (4:1)  (4:2)  (4:3)  (4:4)  (4:5)  
    P---   A*--   P---   PW--   AY--   
    (5:1)  (5:2)  (5:3)  (5:4)  (5:5)  
    MJ--   PP--   ABA*   ABPW   BMA-   
->move(W)
  state:2.0, mode:test, ok
  Explorer got destroyed by asteroid (id: 7) at Sector:1:5
  The game has ended. You can start a new game.
  Movement:
    [0,E]:[1,1,1]->[1,5,3]
    [5,M]:[1,3,1]->[1,4,4]
    [7,A]:[1,4,2]->[1,5,4]
      destroyed [0,E] at [1,5,3]
      destroyed [9,M] at [1,5,1]
    [8,P]:[1,4,3]->[1,5,1]
    [10,A]:[2,1,1]
    [12,J]:[2,2,2]->[2,1,2]
      destroyed [10,A] at [2,1,1]
    [15,A]:[2,4,1]->[3,5,2]
      destroyed [28,M] at [3,5,1]
    [16,P]:[2,4,2]->[1,3,1]
    [17,J]:[2,5,1]->[1,1,1]
    [21,A]:[3,1,3]->[4,5,3]
    [23,B]:[3,2,2]->[1,5,3]
    [24,M]:[3,2,3]->[2,4,1]
    [29,P]:[4,1,1]->[5,5,4]
    [39,B]:[5,3,2]->[1,4,2]
      destroyed [5,M] at [1,4,4]
    [40,A]:[5,3,3]
  Sectors:
    [1,1]->[17,J],[1,M],-,-
    [1,2]->[2,P],[3,A],[4,P],-
    [1,3]->[16,P],-,-,-
    [1,4]->[6,J],[39,B],-,-
    [1,5]->[8,P],[-6,W],[23,B],[7,A]
    [2,1]->-,[12,J],-,-
    [2,2]->[11,B],-,[13,A],-
    [2,3]->[14,P],[-4,*],-,-
    [2,4]->[24,M],-,-,-
    [2,5]->-,[18,M],[-7,*],-
    [3,1]->[19,P],[20,P],-,[-5,Y]
    [3,2]->[22,A],-,-,[-9,W]
    [3,3]->[-1,O],-,-,-
    [3,4]->[25,B],[26,A],[27,A],-
    [3,5]->-,[15,A],-,-
    [4,1]->-,-,-,-
    [4,2]->[30,A],[-3,*],-,-
    [4,3]->[31,P],-,-,-
    [4,4]->[32,P],[-8,W],-,-
    [4,5]->[33,A],[-2,Y],[21,A],-
    [5,1]->[34,M],[35,J],-,-
    [5,2]->[36,P],[37,P],-,-
    [5,3]->[38,A],-,[40,A],[-11,*]
    [5,4]->[41,A],[42,B],[43,P],[-10,W]
    [5,5]->[44,B],[45,M],[46,A],[29,P]
  Descriptions:
    [-11,*]->Luminosity:5
    [-10,W]->
    [-9,W]->
    [-8,W]->
    [-7,*]->Luminosity:5
    [-6,W]->
    [-5,Y]->Luminosity:2
    [-4,*]->Luminosity:5
    [-3,*]->Luminosity:5
    [-2,Y]->Luminosity:2
    [-1,O]->
    [1,M]->fuel:3/3, actions_left_until_reproduction:1/1, turns_left:0
    [2,P]->attached?:F, support_life?:F, visited?:F, turns_left:0
    [3,A]->turns_left:1
    [4,P]->attached?:F, support_life?:F, visited?:F, turns_left:1
    [6,J]->fuel:5/5, load:0/2, actions_left_until_reproduction:2/2, turns_left:0
    [7,A]->turns_left:2
    [8,P]->attached?:F, support_life?:F, visited?:F, turns_left:2
    [11,B]->fuel:3/3, actions_left_until_reproduction:1/1, turns_left:0
    [12,J]->fuel:4/5, load:1/2, actions_left_until_reproduction:1/2, turns_left:2
    [13,A]->turns_left:0
    [14,P]->attached?:F, support_life?:F, visited?:F, turns_left:1
    [15,A]->turns_left:1
    [16,P]->attached?:F, support_life?:F, visited?:F, turns_left:0
    [17,J]->fuel:4/5, load:0/2, actions_left_until_reproduction:1/2, turns_left:2
    [18,M]->fuel:3/3, actions_left_until_reproduction:1/1, turns_left:0
    [19,P]->attached?:F, support_life?:F, visited?:F, turns_left:0
    [20,P]->attached?:F, support_life?:F, visited?:F, turns_left:0
    [21,A]->turns_left:2
    [22,A]->turns_left:0
    [23,B]->fuel:3/3, actions_left_until_reproduction:0/1, turns_left:2
    [24,M]->fuel:3/3, actions_left_until_reproduction:0/1, turns_left:1
    [25,B]->fuel:3/3, actions_left_until_reproduction:1/1, turns_left:0
    [26,A]->turns_left:0
    [27,A]->turns_left:0
    [29,P]->attached?:F, support_life?:F, visited?:F, turns_left:1
    [30,A]->turns_left:1
    [31,P]->attached?:F, support_life?:F, visited?:F, turns_left:1
    [32,P]->attached?:F, support_life?:F, visited?:F, turns_left:1
    [33,A]->turns_left:1
    [34,M]->fuel:3/3, actions_left_until_reproduction:1/1, turns_left:0
    [35,J]->fuel:5/5, load:0/2, actions_left_until_reproduction:2/2, turns_left:0
    [36,P]->attached?:F, support_life?:F, visited?:F, turns_left:0
    [37,P]->attached?:F, support_life?:F, visited?:F, turns_left:0
    [38,A]->turns_left:0
    [39,B]->fuel:2/3, actions_left_until_reproduction:0/1, turns_left:1
    [40,A]->turns_left:2
    [41,A]->turns_left:1
    [42,B]->fuel:3/3, actions_left_until_reproduction:1/1, turns_left:0
    [43,P]->attached?:F, support_life?:F, visited?:F, turns_left:1
    [44,B]->fuel:3/3, actions_left_until_reproduction:1/1, turns_left:1
    [45,M]->fuel:3/3, actions_left_until_reproduction:1/1, turns_left:1
    [46,A]->turns_left:0
  Deaths This Turn:
    [0,E]->fuel:2/3, life:0/3, landed?:F,
      Explorer got destroyed by asteroid (id: 7) at Sector:1:5
    [9,M]->fuel:3/3, actions_left_until_reproduction:1/1, turns_left:N/A,
      Malevolent got destroyed by asteroid (id: 7) at Sector:1:5
    [10,A]->turns_left:N/A,
      Asteroid got imploded by janitaur (id: 12) at Sector:2:1
    [28,M]->fuel:3/3, actions_left_until_reproduction:1/1, turns_left:N/A,
      Malevolent got destroyed by asteroid (id: 15) at Sector:3:5
    [5,M]->fuel:2/3, actions_left_until_reproduction:0/1, turns_left:N/A,
      Malevolent got destroyed by benign (id: 39) at Sector:1:4
    (1:1)  (1:2)  (1:3)  (1:4)  (1:5)  
    JM--   PAP-   P---   JB--   PWBA   
    (2:1)  (2:2)  (2:3)  (2:4)  (2:5)  
    -J--   B-A-   P*--   M---   -M*-   
    (3:1)  (3:2)  (3:3)  (3:4)  (3:5)  
    PP-Y   A--W   O---   BAA-   -A--   
    (4:1)  (4:2)  (4:3)  (4:4)  (4:5)  
    ----   A*--   P---   PW--   AYA-   
    (5:1)  (5:2)  (5:3)  (5:4)  (5:5)  
    MJ--   PP--   A-A*   ABPW   BMAP   
  Explorer got destroyed by asteroid (id: 7) at Sector:1:5
  The game has ended. You can start a new game.
->land
  state:2.1, error
  Negative on that request:no mission in progress.
->abort
  state:2.2, error
  Negative on that request:no mission in progress.
->move(NE)
  state:2.3, error
  Negative on that request:no mission in progress.
->wormhole
  state:2.4, error
  Negative on that request:no mission in progress.
->pass
  state:2.5, error
  Negative on that request:no mission in progress.
->move(SE)
  state:2.6, error
  Negative on that request:no mission in progress.
->wormhole
  state:2.7, error
  Negative on that request:no mission in progress.
->liftoff
  state:2.8, error
  Negative on that request:no mission in progress.
->play
  state:3.0, mode:play, ok
  Movement:none
    (1:1)  (1:2)  (1:3)  (1:4)  (1:5)  
    EP--   P---   ----   PW--   ----   
    (2:1)  (2:2)  (2:3)  (2:4)  (2:5)  
    *---   PY--   W---   *---   A---   
    (3:1)  (3:2)  (3:3)  (3:4)  (3:5)  
    P*--   *---   O---   ----   P---   
    (4:1)  (4:2)  (4:3)  (4:4)  (4:5)  
    W---   ----   P---   P---   A---   
    (5:1)  (5:2)  (5:3)  (5:4)  (5:5)  
    BY--   ----   PMW-   ----   ----   
->move(N)
  state:4.0, mode:play, ok
  Movement:
    [0,E]:[1,1,1]->[5,1,3]
    [1,P]:[1,1,2]->[1,2,2]
    [2,P]:[1,2,1]->[2,2,3]
    [9,P]:[4,4,1]->[3,5,2]
    [10,A]:[4,5,1]->[5,4,1]
    [11,B]:[5,1,1]->[4,2,1]
    (1:1)  (1:2)  (1:3)  (1:4)  (1:5)  
    ----   -P--   ----   PW--   ----   
    (2:1)  (2:2)  (2:3)  (2:4)  (2:5)  
    *---   PYP-   W---   *---   A---   
    (3:1)  (3:2)  (3:3)  (3:4)  (3:5)  
    P*--   *---   O---   ----   PP--   
    (4:1)  (4:2)  (4:3)  (4:4)  (4:5)  
    W---   B---   P---   ----   ----   
    (5:1)  (5:2)  (5:3)  (5:4)  (5:5)  
    -YE-   ----   PMW-   A---   ----   
->move(SW)
  state:5.0, mode:play, ok
  Movement:
    [0,E]:[5,1,3]->[1,5,1]
    [3,P]:[1,4,1]->[5,4,2]
    [5,A]:[2,5,1]->[3,4,1]
    [7,P]:[3,5,1]->[3,4,2]
    [10,A]:[5,4,1]->[4,5,1]
    (1:1)  (1:2)  (1:3)  (1:4)  (1:5)  
    ----   -P--   ----   -W--   E---   
    (2:1)  (2:2)  (2:3)  (2:4)  (2:5)  
    *---   PYP-   W---   *---   ----   
    (3:1)  (3:2)  (3:3)  (3:4)  (3:5)  
    P*--   *---   O---   AP--   -P--   
    (4:1)  (4:2)  (4:3)  (4:4)  (4:5)  
    W---   B---   P---   ----   A---   
    (5:1)  (5:2)  (5:3)  (5:4)  (5:5)  
    -Y--   ----   PMW-   -P--   ----   
->wormhole
  state:5.1, mode:play, error
  Explorer couldn't find wormhole at Sector:1:5
->wormhole
  state:5.2, mode:play, error
  Explorer couldn't find wormhole at Sector:1:5
->play
  state:5.3, mode:play, error
  To start a new mission, please abort the current one first.
->move(N)
  state:6.0, mode:play, ok
  Movement:
    [0,E]:[1,5,1]->[5,5,1]
    [8,P]:[4,3,1]->[3,3,2]
    [9,P]:[3,5,2]->[2,1,2]
    [11,B]:[4,2,1]->[5,3,4]
      destroyed [13,M] at [5,3,2]
    [12,P]:[5,3,1]->[1,2,1]
    (1:1)  (1:2)  (1:3)  (1:4)  (1:5)  
    ----   PP--   ----   -W--   ----   
    (2:1)  (2:2)  (2:3)  (2:4)  (2:5)  
    *P--   PYP-   W---   *---   ----   
    (3:1)  (3:2)  (3:3)  (3:4)  (3:5)  
    P*--   *---   O---   AP--   ----   
    (4:1)  (4:2)  (4:3)  (4:4)  (4:5)  
    W---   ----   ----   ----   A---   
    (5:1)  (5:2)  (5:3)  (5:4)  (5:5)  
    -Y--   ----   --WB   -P--   E---   
->abort
  state:6.1, ok
  Mission aborted. Try test(3,5,7,15,30)
->pass
  state:6.2, error
  Negative on that request:no mission in progress.
->status
  state:6.3, error
  Negative on that request:no mission in progress.
->move(N)
  state:6.4, error
  Negative on that request:no mission in progress.
->test(29,36,57,68,70)
  state:7.0, mode:test, ok
  Movement:none
  Sectors:
    [1,1]->[0,E],-,-,-
    [1,2]->[1,A],-,-,-
    [1,3]->[2,A],-,-,-
    [1,4]->[3,A],[-2,Y],-,-
    [1,5]->[4,A],-,-,-
    [2,1]->[5,M],[6,A],[7,M],-
    [2,2]->[8,A],[9,B],[-6,*],-
    [2,3]->[10,A],[11,M],-,-
    [2,4]->[12,P],[-8,*],-,-
    [2,5]->[13,A],[-9,Y],-,-
    [3,1]->[14,M],[15,J],[-5,*],-
    [3,2]->[16,J],-,-,-
    [3,3]->[-1,O],-,-,-
    [3,4]->[17,A],[18,B],[-10,*],-
    [3,5]->[19,B],[20,M],-,-
    [4,1]->[-4,*],-,-,-
    [4,2]->-,-,-,-
    [4,3]->[21,A],[-7,W],-,-
    [4,4]->[-11,*],-,-,-
    [4,5]->[22,A],[23,B],-,-
    [5,1]->[24,A],[25,A],[26,A],-
    [5,2]->-,-,-,-
    [5,3]->[27,J],-,-,-
    [5,4]->-,-,-,-
    [5,5]->[28,M],[29,M],[-3,Y],-
  Descriptions:
    [-11,*]->Luminosity:5
    [-10,*]->Luminosity:5
    [-9,Y]->Luminosity:2
    [-8,*]->Luminosity:5
    [-7,W]->
    [-6,*]->Luminosity:5
    [-5,*]->Luminosity:5
    [-4,*]->Luminosity:5
    [-3,Y]->Luminosity:2
    [-2,Y]->Luminosity:2
    [-1,O]->
    [0,E]->fuel:3/3, life:3/3, landed?:F
    [1,A]->turns_left:0
    [2,A]->turns_left:2
    [3,A]->turns_left:1
    [4,A]->turns_left:0
    [5,M]->fuel:3/3, actions_left_until_reproduction:1/1, turns_left:0
    [6,A]->turns_left:0
    [7,M]->fuel:3/3, actions_left_until_reproduction:1/1, turns_left:2
    [8,A]->turns_left:0
    [9,B]->fuel:3/3, actions_left_until_reproduction:1/1, turns_left:0
    [10,A]->turns_left:1
    [11,M]->fuel:3/3, actions_left_until_reproduction:1/1, turns_left:1
    [12,P]->attached?:F, support_life?:F, visited?:F, turns_left:0
    [13,A]->turns_left:0
    [14,M]->fuel:3/3, actions_left_until_reproduction:1/1, turns_left:2
    [15,J]->fuel:5/5, load:0/2, actions_left_until_reproduction:2/2, turns_left:0
    [16,J]->fuel:5/5, load:0/2, actions_left_until_reproduction:2/2, turns_left:2
    [17,A]->turns_left:0
    [18,B]->fuel:3/3, actions_left_until_reproduction:1/1, turns_left:0
    [19,B]->fuel:3/3, actions_left_until_reproduction:1/1, turns_left:1
    [20,M]->fuel:3/3, actions_left_until_reproduction:1/1, turns_left:1
    [21,A]->turns_left:1
    [22,A]->turns_left:2
    [23,B]->fuel:3/3, actions_left_until_reproduction:1/1, turns_left:1
    [24,A]->turns_left:0
    [25,A]->turns_left:0
    [26,A]->turns_left:1
    [27,J]->fuel:5/5, load:0/2, actions_left_until_reproduction:2/2, turns_left:0
    [28,M]->fuel:3/3, actions_left_until_reproduction:1/1, turns_left:1
    [29,M]->fuel:3/3, actions_left_until_reproduction:1/1, turns_left:1
  Deaths This Turn:none
    (1:1)  (1:2)  (1:3)  (1:4)  (1:5)  
    E---   A---   A---   AY--   A---   
    (2:1)  (2:2)  (2:3)  (2:4)  (2:5)  
    MAM-   AB*-   AM--   P*--   AY--   
    (3:1)  (3:2)  (3:3)  (3:4)  (3:5)  
    MJ*-   J---   O---   AB*-   BM--   
    (4:1)  (4:2)  (4:3)  (4:4)  (4:5)  
    *---   ----   AW--   *---   AB--   
    (5:1)  (5:2)  (5:3)  (5:4)  (5:5)  
    AAA-   ----   J---   ----   MMY-   
->status
  state:7.1, mode:test, ok
  Explorer status report:Travelling at cruise speed at [1,1,1]
  Life units left:3, Fuel units left:3
->land
  state:7.2, mode:test, error
  Negative on that request:no yellow dwarf at Sector:1:1
->test(61,68,78,82,83)
  state:7.3, mode:test, error
  To start a new mission, please abort the current one first.
->test(14,16,38,83,90)
  state:7.4, mode:test, error
  To start a new mission, please abort the current one first.
->move(SW)
  state:8.0, mode:test, ok
  Explorer got destroyed by asteroid (id: 4) at Sector:2:5
  The game has ended. You can start a new game.
  Movement:
    [0,E]:[1,1,1]->[2,5,3]
    [1,A]:[1,2,1]->[2,2,4]
      destroyed [9,B] at [2,2,2]
    [4,A]:[1,5,1]->[2,5,4]
      destroyed [0,E] at [2,5,3]
    [5,M]:[2,1,1]->[2,2,2]
    [6,A]:[2,1,2]
      destroyed [7,M] at [2,1,3]
    [8,A]:[2,2,1]->[1,2,1]
    [13,A]:[2,5,1]->[1,5,1]
    [15,J]:[3,1,2]->[3,5,3]
    [17,A]:[3,4,1]->[4,4,2]
    [18,B]:[3,4,2]->[3,3,2]
    [24,A]:[5,1,1]->[4,2,1]
    [25,A]:[5,1,2]->[1,2,2]
    [27,J]:[5,3,1]->[5,2,1]
  Sectors:
    [1,1]->-,-,-,-
    [1,2]->[8,A],[25,A],-,-
    [1,3]->[2,A],-,-,-
    [1,4]->[3,A],[-2,Y],-,-
    [1,5]->[13,A],-,-,-
    [2,1]->-,[6,A],-,-
    [2,2]->-,[5,M],[-6,*],[1,A]
    [2,3]->[10,A],[11,M],-,-
    [2,4]->[12,P],[-8,*],-,-
    [2,5]->-,[-9,Y],-,[4,A]
    [3,1]->[14,M],-,[-5,*],-
    [3,2]->[16,J],-,-,-
    [3,3]->[-1,O],-,-,-
    [3,4]->-,-,[-10,*],-
    [3,5]->[19,B],[20,M],[15,J],-
    [4,1]->[-4,*],-,-,-
    [4,2]->[24,A],-,-,-
    [4,3]->[21,A],[-7,W],-,-
    [4,4]->[-11,*],[17,A],-,-
    [4,5]->[22,A],[23,B],-,-
    [5,1]->-,-,[26,A],-
    [5,2]->[27,J],-,-,-
    [5,3]->-,-,-,-
    [5,4]->-,-,-,-
    [5,5]->[28,M],[29,M],[-3,Y],-
  Descriptions:
    [-11,*]->Luminosity:5
    [-10,*]->Luminosity:5
    [-9,Y]->Luminosity:2
    [-8,*]->Luminosity:5
    [-7,W]->
    [-6,*]->Luminosity:5
    [-5,*]->Luminosity:5
    [-4,*]->Luminosity:5
    [-3,Y]->Luminosity:2
    [-2,Y]->Luminosity:2
    [-1,O]->
    [1,A]->turns_left:2
    [2,A]->turns_left:1
    [3,A]->turns_left:0
    [4,A]->turns_left:2
    [5,M]->fuel:3/3, actions_left_until_reproduction:0/1, turns_left:0
    [6,A]->turns_left:1
    [8,A]->turns_left:0
    [10,A]->turns_left:0
    [11,M]->fuel:3/3, actions_left_until_reproduction:1/1, turns_left:0
    [12,P]->attached?:T, support_life?:F, visited?:F, turns_left:N/A
    [13,A]->turns_left:1
    [14,M]->fuel:3/3, actions_left_until_reproduction:1/1, turns_left:1
    [15,J]->fuel:4/5, load:0/2, actions_left_until_reproduction:1/2, turns_left:1
    [16,J]->fuel:5/5, load:0/2, actions_left_until_reproduction:2/2, turns_left:1
    [17,A]->turns_left:1
    [19,B]->fuel:3/3, actions_left_until_reproduction:1/1, turns_left:0
    [20,M]->fuel:3/3, actions_left_until_reproduction:1/1, turns_left:0
    [21,A]->turns_left:0
    [22,A]->turns_left:1
    [23,B]->fuel:3/3, actions_left_until_reproduction:1/1, turns_left:0
    [24,A]->turns_left:1
    [25,A]->turns_left:0
    [26,A]->turns_left:0
    [27,J]->fuel:4/5, load:0/2, actions_left_until_reproduction:1/2, turns_left:0
    [28,M]->fuel:3/3, actions_left_until_reproduction:1/1, turns_left:0
    [29,M]->fuel:3/3, actions_left_until_reproduction:1/1, turns_left:0
  Deaths This Turn:
    [9,B]->fuel:3/3, actions_left_until_reproduction:1/1, turns_left:N/A,
      Benign got destroyed by asteroid (id: 1) at Sector:2:2
    [0,E]->fuel:3/3, life:0/3, landed?:F,
      Explorer got destroyed by asteroid (id: 4) at Sector:2:5
    [7,M]->fuel:3/3, actions_left_until_reproduction:1/1, turns_left:N/A,
      Malevolent got destroyed by asteroid (id: 6) at Sector:2:1
    [18,B]->fuel:2/3, actions_left_until_reproduction:1/1, turns_left:N/A,
      Benign got devoured by blackhole (id: -1) at Sector:3:3
    (1:1)  (1:2)  (1:3)  (1:4)  (1:5)  
    ----   AA--   A---   AY--   A---   
    (2:1)  (2:2)  (2:3)  (2:4)  (2:5)  
    -A--   -M*A   AM--   P*--   -Y-A   
    (3:1)  (3:2)  (3:3)  (3:4)  (3:5)  
    M-*-   J---   O---   --*-   BMJ-   
    (4:1)  (4:2)  (4:3)  (4:4)  (4:5)  
    *---   A---   AW--   *A--   AB--   
    (5:1)  (5:2)  (5:3)  (5:4)  (5:5)  
    --A-   J---   ----   ----   MMY-   
  Explorer got destroyed by asteroid (id: 4) at Sector:2:5
  The game has ended. You can start a new game.
->abort
  state:8.1, error
  Negative on that request:no mission in progress.
->wormhole
  state:8.2, error
  Negative on that request:no mission in progress.
->move(N)
  state:8.3, error
  Negative on that request:no mission in progress.
->liftoff
  state:8.4, error
  Negative on that request:no mission in progress.
->status
  state:8.5, error
  Negative on that request:no mission in progress.
->move(SW)
  state:8.6, error
  Negative on that request:no mission in progress.
->move(N)
  state:8.7, error
  Negative on that request:no mission in progress.
->play
  state:9.0, mode:play, ok
  Movement:none
    (1:1)  (1:2)  (1:3)  (1:4)  (1:5)  
    E---   P*--   P---   ----   PJ--   
    (2:1)  (2:2)  (2:3)  (2:4)  (2:5)  
    BW--   ----   W---   ----   *---   
    (3:1)  (3:2)  (3:3)  (3:4)  (3:5)  
    ----   ----   O---   ----   W---   
    (4:1)  (4:2)  (4:3)  (4:4)  (4:5)  
    M---   M---   ----   W---   P---   
    (5:1)  (5:2)  (5:3)  (5:4)  (5:5)  
    BW--   Y---   P---   PPW-   BY--   
->move(NW)
  state:10.0, mode:play, ok
  Movement:
    [0,E]:[1,1,1]->[5,5,3]
    [13,B]:[5,5,1]->[1,1,1]
    (1:1)  (1:2)  (1:3)  (1:4)  (1:5)  
    B---   P*--   P---   ----   PJ--   
    (2:1)  (2:2)  (2:3)  (2:4)  (2:5)  
    BW--   ----   W---   ----   *---   
    (3:1)  (3:2)  (3:3)  (3:4)  (3:5)  
    ----   ----   O---   ----   W---   
    (4:1)  (4:2)  (4:3)  (4:4)  (4:5)  
    M---   M---   ----   W---   P---   
    (5:1)  (5:2)  (5:3)  (5:4)  (5:5)  
    BW--   Y---   P---   PPW-   -YE-   
->move(E)
  state:11.0, mode:play, ok
  Movement:
    [0,E]:[5,5,3]->[5,1,3]
    [3,P]:[1,5,1]->[1,1,2]
    [5,B]:[2,1,1]->[1,3,2]
    [10,P]:[5,3,1]->[1,2,3]
    [12,P]:[5,4,2]->[4,3,1]
    (1:1)  (1:2)  (1:3)  (1:4)  (1:5)  
    BP--   P*P-   PB--   ----   -J--   
    (2:1)  (2:2)  (2:3)  (2:4)  (2:5)  
    -W--   ----   W---   ----   *---   
    (3:1)  (3:2)  (3:3)  (3:4)  (3:5)  
    ----   ----   O---   ----   W---   
    (4:1)  (4:2)  (4:3)  (4:4)  (4:5)  
    M---   M---   P---   W---   P---   
    (5:1)  (5:2)  (5:3)  (5:4)  (5:5)  
    BWE-   Y---   ----   P-W-   -Y--   
->move(S)
  state:12.0, mode:play, ok
  Movement:
    [0,E]:[5,1,3]->[1,1,3]
    [2,P]:[1,3,1]->[5,3,1]
    [4,J]:[1,5,2]->[5,1,3]
    [6,M]:[4,1,1]->[4,5,2]
    [7,M]:[4,2,1]->[5,3,2]
    [8,P]:[4,5,1]->[4,4,2]
    [9,B]:[5,1,1]->[5,2,2]
    [11,P]:[5,4,1]->[4,4,3]
    [13,B]:[1,1,1]->[5,1,1]
      reproduced [14,B] at [5,1,4]
    (1:1)  (1:2)  (1:3)  (1:4)  (1:5)  
    -PE-   P*P-   -B--   ----   ----   
    (2:1)  (2:2)  (2:3)  (2:4)  (2:5)  
    -W--   ----   W---   ----   *---   
    (3:1)  (3:2)  (3:3)  (3:4)  (3:5)  
    ----   ----   O---   ----   W---   
    (4:1)  (4:2)  (4:3)  (4:4)  (4:5)  
    ----   ----   P---   WPP-   -M--   
    (5:1)  (5:2)  (5:3)  (5:4)  (5:5)  
    BWJB   YB--   PM--   --W-   -Y--   
->move(N)
  state:12.1, mode:play, error
  Cannot transfer to new location as it is full.
->move(S)
  state:13.0, mode:play, ok
  Explorer got lost in space - out of fuel at Sector:2:1
  The game has ended. You can start a new game.
  Movement:
    [0,E]:[1,1,3]->[2,1,1]
    [2,P]:[5,3,1]->[1,4,1]
    [5,B]:[1,3,2]->[1,4,2]
      reproduced [15,B] at [1,4,3]
    [8,P]:[4,4,2]->[5,4,1]
    [13,B]:[5,1,1]->[2,1,1]
    (1:1)  (1:2)  (1:3)  (1:4)  (1:5)  
    -P--   P*P-   ----   PBB-   ----   
    (2:1)  (2:2)  (2:3)  (2:4)  (2:5)  
    BW--   ----   W---   ----   *---   
    (3:1)  (3:2)  (3:3)  (3:4)  (3:5)  
    ----   ----   O---   ----   W---   
    (4:1)  (4:2)  (4:3)  (4:4)  (4:5)  
    ----   ----   P---   W-P-   -M--   
    (5:1)  (5:2)  (5:3)  (5:4)  (5:5)  
    -WJB   YB--   -M--   P-W-   -Y--   
->play
  state:14.0, mode:play, ok
  Movement:none
    (1:1)  (1:2)  (1:3)  (1:4)  (1:5)  
    EBB-   B---   ----   ----   ----   
    (2:1)  (2:2)  (2:3)  (2:4)  (2:5)  
    Y---   PW--   *---   PP--   P---   
    (3:1)  (3:2)  (3:3)  (3:4)  (3:5)  
    BP--   J---   O---   ----   AW--   
    (4:1)  (4:2)  (4:3)  (4:4)  (4:5)  
    *---   Y---   *---   W---   ----   
    (5:1)  (5:2)  (5:3)  (5:4)  (5:5)  
    ----   PW--   Y---   ----   ----   
->status
  state:14.1, mode:play, ok
  Explorer status report:Travelling at cruise speed at [1,1,1]
  Life units left:3, Fuel units left:3
->move(NE)
  state:15.0, mode:play, ok
  Movement:
    [0,E]:[1,1,1]->[5,2,3]
    [3,B]:[1,2,1]->[5,3,2]
    [4,P]:[2,2,1]->[1,3,1]
    [7,P]:[2,5,1]->[1,4,1]
    [8,B]:[3,1,1]->[3,5,3]
    [11,A]:[3,5,1]->[4,5,1]
    [12,P]:[5,2,1]->[5,3,3]
    (1:1)  (1:2)  (1:3)  (1:4)  (1:5)  
    -BB-   ----   P---   P---   ----   
    (2:1)  (2:2)  (2:3)  (2:4)  (2:5)  
    Y---   -W--   *---   PP--   ----   
    (3:1)  (3:2)  (3:3)  (3:4)  (3:5)  
    -P--   J---   O---   ----   -WB-   
    (4:1)  (4:2)  (4:3)  (4:4)  (4:5)  
    *---   Y---   *---   W---   A---   
    (5:1)  (5:2)  (5:3)  (5:4)  (5:5)  
    ----   -WE-   YBP-   ----   ----   
->move(NE)
  state:16.0, mode:play, ok
  Movement:
    [0,E]:[5,2,3]->[4,3,2]
    [2,B]:[1,1,3]->[2,1,2]
    [5,P]:[2,4,1]->[1,3,2]
    [10,J]:[3,2,1]->[3,1,1]
    (1:1)  (1:2)  (1:3)  (1:4)  (1:5)  
    -B--   ----   PP--   P---   ----   
    (2:1)  (2:2)  (2:3)  (2:4)  (2:5)  
    YB--   -W--   *---   -P--   ----   
    (3:1)  (3:2)  (3:3)  (3:4)  (3:5)  
    JP--   ----   O---   ----   -WB-   
    (4:1)  (4:2)  (4:3)  (4:4)  (4:5)  
    *---   Y---   *E--   W---   A---   
    (5:1)  (5:2)  (5:3)  (5:4)  (5:5)  
    ----   -W--   YBP-   ----   ----   
->abort
  state:16.1, ok
  Mission aborted. Try test(3,5,7,15,30)
->test(19,53,61,88,88)
  state:17.0, mode:test, ok
  Movement:none
  Sectors:
    [1,1]->[0,E],[1,J],-,-
    [1,2]->[2,M],[3,B],[-6,Y],-
    [1,3]->[4,J],[-5,Y],-,-
    [1,4]->[5,A],-,-,-
    [1,5]->[6,B],[7,B],[8,J],-
    [2,1]->[9,B],[-8,Y],-,-
    [2,2]->[10,A],-,-,-
    [2,3]->[11,A],[-2,*],-,-
    [2,4]->[12,J],[-10,Y],-,-
    [2,5]->[13,J],-,-,-
    [3,1]->[14,J],[15,M],-,-
    [3,2]->[16,J],[17,B],-,-
    [3,3]->[-1,O],-,-,-
    [3,4]->[18,B],[19,M],[-3,*],-
    [3,5]->[20,M],[21,M],-,-
    [4,1]->[22,B],[-4,*],-,-
    [4,2]->[23,J],-,-,-
    [4,3]->[24,A],[25,B],[26,A],-
    [4,4]->[27,M],[-11,W],-,-
    [4,5]->[28,A],[29,J],-,-
    [5,1]->[30,J],-,-,-
    [5,2]->[31,J],-,-,-
    [5,3]->[32,B],[-9,W],-,-
    [5,4]->[33,A],[34,J],-,-
    [5,5]->[35,J],[36,J],[-7,Y],-
  Descriptions:
    [-11,W]->
    [-10,Y]->Luminosity:2
    [-9,W]->
    [-8,Y]->Luminosity:2
    [-7,Y]->Luminosity:2
    [-6,Y]->Luminosity:2
    [-5,Y]->Luminosity:2
    [-4,*]->Luminosity:5
    [-3,*]->Luminosity:5
    [-2,*]->Luminosity:5
    [-1,O]->
    [0,E]->fuel:3/3, life:3/3, landed?:F
    [1,J]->fuel:5/5, load:0/2, actions_left_until_reproduction:2/2, turns_left:0
    [2,M]->fuel:3/3, actions_left_until_reproduction:1/1, turns_left:2
    [3,B]->fuel:3/3, actions_left_until_reproduction:1/1, turns_left:0
    [4,J]->fuel:5/5, load:0/2, actions_left_until_reproduction:2/2, turns_left:2
    [5,A]->turns_left:1
    [6,B]->fuel:3/3, actions_left_until_reproduction:1/1, turns_left:2
    [7,B]->fuel:3/3, actions_left_until_reproduction:1/1, turns_left:0
    [8,J]->fuel:5/5, load:0/2, actions_left_until_reproduction:2/2, turns_left:0
    [9,B]->fuel:3/3, actions_left_until_reproduction:1/1, turns_left:1
    [10,A]->turns_left:1
    [11,A]->turns_left:1
    [12,J]->fuel:5/5, load:0/2, actions_left_until_reproduction:2/2, turns_left:1
    [13,J]->fuel:5/5, load:0/2, actions_left_until_reproduction:2/2, turns_left:1
    [14,J]->fuel:5/5, load:0/2, actions_left_until_reproduction:2/2, turns_left:0
    [15,M]->fuel:3/3, actions_left_until_reproduction:1/1, turns_left:2
    [16,J]->fuel:5/5, load:0/2, actions_left_until_reproduction:2/2, turns_left:2
    [17,B]->fuel:3/3, actions_left_until_reproduction:1/1, turns_left:2
    [18,B]->fuel:3/3, actions_left_until_reproduction:1/1, turns_left:1
    [19,M]->fuel:3/3, actions_left_until_reproduction:1/1, turns_left:0
    [20,M]->fuel:3/3, actions_left_until_reproduction:1/1, turns_left:2
    [21,M]->fuel:3/3, actions_left_until_reproduction:1/1, turns_left:1
    [22,B]->fuel:3/3, actions_left_until_reproduction:1/1, turns_left:2
    [23,J]->fuel:5/5, load:0/2, actions_left_until_reproduction:2/2, turns_left:2
    [24,A]->turns_left:1
    [25,B]->fuel:3/3, actions_left_until_reproduction:1/1, turns_left:0
    [26,A]->turns_left:0
    [27,M]->fuel:3/3, actions_left_until_reproduction:1/1, turns_left:0
    [28,A]->turns_left:1
    [29,J]->fuel:5/5, load:0/2, actions_left_until_reproduction:2/2, turns_left:0
    [30,J]->fuel:5/5, load:0/2, actions_left_until_reproduction:2/2, turns_left:2
    [31,J]->fuel:5/5, load:0/2, actions_left_until_reproduction:2/2, turns_left:1
    [32,B]->fuel:3/3, actions_left_until_reproduction:1/1, turns_left:1
    [33,A]->turns_left:2
    [34,J]->fuel:5/5, load:0/2, actions_left_until_reproduction:2/2, turns_left:0
    [35,J]->fuel:5/5, load:0/2, actions_left_until_reproduction:2/2, turns_left:0
    [36,J]->fuel:5/5, load:0/2, actions_left_until_reproduction:2/2, turns_left:2
  Deaths This Turn:none
    (1:1)  (1:2)  (1:3)  (1:4)  (1:5)  
    EJ--   MBY-   JY--   A---   BBJ-   
    (2:1)  (2:2)  (2:3)  (2:4)  (2:5)  
    BY--   A---   A*--   JY--   J---   
    (3:1)  (3:2)  (3:3)  (3:4)  (3:5)  
    JM--   JB--   O---   BM*-   MM--   
    (4:1)  (4:2)  (4:3)  (4:4)  (4:5)  
    B*--   J---   ABA-   MW--   AJ--   
    (5:1)  (5:2)  (5:3)  (5:4)  (5:5)  
    J---   J---   BW--   AJ--   JJY-   
->move(SE)
  state:18.0, mode:test, ok
  Movement:
    [0,E]:[1,1,1]->[2,2,2]
    [1,J]:[1,1,2]->[2,1,3]
    [3,B]:[1,2,2]->[5,2,2]
    [7,B]:[1,5,2]->[2,1,4]
    [8,J]:[1,5,3]->[5,4,3]
      destroyed [33,A] at [5,4,1]
    [14,J]:[3,1,1]->[2,5,2]
    [19,M]:[3,4,2]->[2,4,3]
    [25,B]:[4,3,2]->[3,2,3]
    [26,A]:[4,3,3]->[3,3,2]
    [27,M]:[4,4,1]->[5,4,1]
    [29,J]:[4,5,2]->[4,1,3]
    [34,J]:[5,4,2]->[4,5,2]
      destroyed [28,A] at [4,5,1]
    [35,J]:[5,5,1]->[4,5,1]
  Sectors:
    [1,1]->-,-,-,-
    [1,2]->[2,M],-,[-6,Y],-
    [1,3]->[4,J],[-5,Y],-,-
    [1,4]->[5,A],-,-,-
    [1,5]->[6,B],-,-,-
    [2,1]->[9,B],[-8,Y],[1,J],[7,B]
    [2,2]->[10,A],[0,E],-,-
    [2,3]->[11,A],[-2,*],-,-
    [2,4]->[12,J],[-10,Y],[19,M],-
    [2,5]->[13,J],[14,J],-,-
    [3,1]->-,[15,M],-,-
    [3,2]->[16,J],[17,B],[25,B],-
    [3,3]->[-1,O],-,-,-
    [3,4]->[18,B],-,[-3,*],-
    [3,5]->[20,M],[21,M],-,-
    [4,1]->[22,B],[-4,*],[29,J],-
    [4,2]->[23,J],-,-,-
    [4,3]->[24,A],-,-,-
    [4,4]->-,[-11,W],-,-
    [4,5]->[35,J],[34,J],-,-
    [5,1]->[30,J],-,-,-
    [5,2]->[31,J],[3,B],-,-
    [5,3]->[32,B],[-9,W],-,-
    [5,4]->[27,M],-,[8,J],-
    [5,5]->-,[36,J],[-7,Y],-
  Descriptions:
    [-11,W]->
    [-10,Y]->Luminosity:2
    [-9,W]->
    [-8,Y]->Luminosity:2
    [-7,Y]->Luminosity:2
    [-6,Y]->Luminosity:2
    [-5,Y]->Luminosity:2
    [-4,*]->Luminosity:5
    [-3,*]->Luminosity:5
    [-2,*]->Luminosity:5
    [-1,O]->
    [0,E]->fuel:2/3, life:3/3, landed?:F
    [1,J]->fuel:5/5, load:0/2, actions_left_until_reproduction:1/2, turns_left:0
    [2,M]->fuel:3/3, actions_left_until_reproduction:1/1, turns_left:1
    [3,B]->fuel:2/3, actions_left_until_reproduction:0/1, turns_left:1
    [4,J]->fuel:5/5, load:0/2, actions_left_until_reproduction:2/2, turns_left:1
    [5,A]->turns_left:0
    [6,B]->fuel:3/3, actions_left_until_reproduction:1/1, turns_left:1
    [7,B]->fuel:3/3, actions_left_until_reproduction:0/1, turns_left:2
    [8,J]->fuel:4/5, load:1/2, actions_left_until_reproduction:1/2, turns_left:0
    [9,B]->fuel:3/3, actions_left_until_reproduction:1/1, turns_left:0
    [10,A]->turns_left:0
    [11,A]->turns_left:0
    [12,J]->fuel:5/5, load:0/2, actions_left_until_reproduction:2/2, turns_left:0
    [13,J]->fuel:5/5, load:0/2, actions_left_until_reproduction:2/2, turns_left:0
    [14,J]->fuel:4/5, load:0/2, actions_left_until_reproduction:1/2, turns_left:1
    [15,M]->fuel:3/3, actions_left_until_reproduction:1/1, turns_left:1
    [16,J]->fuel:5/5, load:0/2, actions_left_until_reproduction:2/2, turns_left:1
    [17,B]->fuel:3/3, actions_left_until_reproduction:1/1, turns_left:1
    [18,B]->fuel:3/3, actions_left_until_reproduction:1/1, turns_left:0
    [19,M]->fuel:3/3, actions_left_until_reproduction:0/1, turns_left:2
    [20,M]->fuel:3/3, actions_left_until_reproduction:1/1, turns_left:1
    [21,M]->fuel:3/3, actions_left_until_reproduction:1/1, turns_left:0
    [22,B]->fuel:3/3, actions_left_until_reproduction:1/1, turns_left:1
    [23,J]->fuel:5/5, load:0/2, actions_left_until_reproduction:2/2, turns_left:1
    [24,A]->turns_left:0
    [25,B]->fuel:2/3, actions_left_until_reproduction:0/1, turns_left:2
    [27,M]->fuel:3/3, actions_left_until_reproduction:0/1, turns_left:0
    [29,J]->fuel:5/5, load:0/2, actions_left_until_reproduction:1/2, turns_left:1
    [30,J]->fuel:5/5, load:0/2, actions_left_until_reproduction:2/2, turns_left:1
    [31,J]->fuel:5/5, load:0/2, actions_left_until_reproduction:2/2, turns_left:0
    [32,B]->fuel:3/3, actions_left_until_reproduction:1/1, turns_left:0
    [34,J]->fuel:4/5, load:1/2, actions_left_until_reproduction:1/2, turns_left:2
    [35,J]->fuel:4/5, load:0/2, actions_left_until_reproduction:1/2, turns_left:1
    [36,J]->fuel:5/5, load:0/2, actions_left_until_reproduction:2/2, turns_left:1
  Deaths This Turn:
    [33,A]->turns_left:N/A,
      Asteroid got imploded by janitaur (id: 8) at Sector:5:4
    [26,A]->turns_left:N/A,
      Asteroid got devoured by blackhole (id: -1) at Sector:3:3
    [28,A]->turns_left:N/A,
      Asteroid got imploded by janitaur (id: 34) at Sector:4:5
    (1:1)  (1:2)  (1:3)  (1:4)  (1:5)  
    ----   M-Y-   JY--   A---   B---   
    (2:1)  (2:2)  (2:3)  (2:4)  (2:5)  
    BYJB   AE--   A*--   JYM-   JJ--   
    (3:1)  (3:2)  (3:3)  (3:4)  (3:5)  
    -M--   JBB-   O---   B-*-   MM--   
    (4:1)  (4:2)  (4:3)  (4:4)  (4:5)  
    B*J-   J---   A---   -W--   JJ--   
    (5:1)  (5:2)  (5:3)  (5:4)  (5:5)  
    J---   JB--   BW--   M-J-   -JY-   
->land
  state:18.1, mode:test, error
  Negative on that request:no yellow dwarf at Sector:2:2
->land
  state:18.2, mode:test, error
  Negative on that request:no yellow dwarf at Sector:2:2
->abort
  state:18.3, ok
  Mission aborted. Try test(3,5,7,15,30)
->move(N)
  state:18.4, error
  Negative on that request:no mission in progress.
->move(NE)
  state:18.5, error
  Negative on that request:no mission in progress.
->status
  state:18.6, error
  Negative on that request:no mission in progress.
->move(E)
  state:18.7, error
  Negative on that request:no mission in progress.
->play
  state:19.0, mode:play, ok
  Movement:none
    (1:1)  (1:2)  (1:3)  (1:4)  (1:5)  
    EB--   ----   ----   BAY-   P---   
    (2:1)  (2:2)  (2:3)  (2:4)  (2:5)  
    ----   B---   B*--   P---   P*--   
    (3:1)  (3:2)  (3:3)  (3:4)  (3:5)  
    ----   Y---   O---   ----   B---   
    (4:1)  (4:2)  (4:3)  (4:4)  (4:5)  
    W---   ----   Y---   W---   A*--   
    (5:1)  (5:2)  (5:3)  (5:4)  (5:5)  
    P---   ----   *---   BW--   ----   
->abort
  state:19.1, ok
  Mission aborted. Try test(3,5,7,15,30)
->abort
  state:19.2, error
  Negative on that request:no mission in progress.
->move(SW)
  state:19.3, error
  Negative on that request:no mission in progress.
->move(W)
  state:19.4, error
  Negative on that request:no mission in progress.
->play
  state:20.0, mode:play, ok
  Movement:none
    (1:1)  (1:2)  (1:3)  (1:4)  (1:5)  
    EPB-   ----   ----   PY--   ----   
    (2:1)  (2:2)  (2:3)  (2:4)  (2:5)  
    ----   ----   ----   B---   BY--   
    (3:1)  (3:2)  (3:3)  (3:4)  (3:5)  
    *---   B---   O---   ----   Y---   
    (4:1)  (4:2)  (4:3)  (4:4)  (4:5)  
    ----   B*--   W---   P---   W---   
    (5:1)  (5:2)  (5:3)  (5:4)  (5:5)  
    A*--   *---   ----   PW--   P---   
->move(SW)
  state:21.0, mode:play, ok
  Movement:
    [0,E]:[1,1,1]->[2,5,3]
    [2,B]:[1,1,3]->[1,5,1]
    [11,P]:[5,5,1]->[4,4,2]
    (1:1)  (1:2)  (1:3)  (1:4)  (1:5)  
    -P--   ----   ----   PY--   B---   
    (2:1)  (2:2)  (2:3)  (2:4)  (2:5)  
    ----   ----   ----   B---   BYE-   
    (3:1)  (3:2)  (3:3)  (3:4)  (3:5)  
    *---   B---   O---   ----   Y---   
    (4:1)  (4:2)  (4:3)  (4:4)  (4:5)  
    ----   B*--   W---   PP--   W---   
    (5:1)  (5:2)  (5:3)  (5:4)  (5:5)  
    A*--   *---   ----   PW--   ----   
->liftoff
  state:21.1, mode:play, error
  Negative on that request:you are not on a planet at Sector:2:5
->abort
  state:21.2, ok
  Mission aborted. Try test(3,5,7,15,30)
->move(SE)
  state:21.3, error
  Negative on that request:no mission in progress.
->status
  state:21.4, error
  Negative on that request:no mission in progress.
->status
  state:21.5, error
  Negative on that request:no mission in progress.
->wormhole
  state:21.6, error
  Negative on that request:no mission in progress.
->abort
  state:21.7, error
  Negative on that request:no mission in progress.
->move(SE)
  state:21.8, error
  Negative on that request:no mission in progress.
->move(NW)
  state:21.9, error
  Negative on that request:no mission in progress.
->wormhole
  state:21.10, error
  Negative on that request:no mission in progress.
->move(SE)
  state:21.11, error
  Negative on that request:no mission in progress.
->move(W)
  state:21.12, error
  Negative on that request:no mission in progress.
->land
  state:21.13, error
  Negative on that request:no mission in progress.
